Archive member included to satisfy reference by file (symbol)

libapp.a(atoi.c.obj)          (--whole-archive)
libapp.a(strtol.c.obj)        (--whole-archive)
libapp.a(strtoul.c.obj)       (--whole-archive)
libapp.a(strncasecmp.c.obj)   (--whole-archive)
libapp.a(strstr.c.obj)        (--whole-archive)
libapp.a(string.c.obj)        (--whole-archive)
libapp.a(prf.c.obj)           (--whole-archive)
libapp.a(stdout_console.c.obj)
                              (--whole-archive)
libapp.a(sprintf.c.obj)       (--whole-archive)
libapp.a(fprintf.c.obj)       (--whole-archive)
libapp.a(main.c.obj)          (--whole-archive)
zephyr/libzephyr.a(crc16_sw.c.obj)
                              (--whole-archive)
zephyr/libzephyr.a(printk.c.obj)
                              (--whole-archive)
zephyr/libzephyr.a(configs.c.obj)
                              (--whole-archive)
zephyr/libzephyr.a(utils.c.obj)
                              (--whole-archive)
zephyr/libzephyr.a(ecc_dh.c.obj)
                              (--whole-archive)
zephyr/libzephyr.a(ecc.c.obj)
                              (--whole-archive)
zephyr/libzephyr.a(aes_decrypt.c.obj)
                              (--whole-archive)
zephyr/libzephyr.a(aes_encrypt.c.obj)
                              (--whole-archive)
zephyr/libzephyr.a(cmac_mode.c.obj)
                              (--whole-archive)
zephyr/libzephyr.a(sha256.c.obj)
                              (--whole-archive)
zephyr/libzephyr.a(hmac.c.obj)
                              (--whole-archive)
zephyr/libzephyr.a(hmac_prng.c.obj)
                              (--whole-archive)
zephyr/libzephyr.a(stm32f4xx_hal.c.obj)
                              (--whole-archive)
zephyr/libzephyr.a(stm32f4xx_hal_rcc.c.obj)
                              (--whole-archive)
zephyr/libzephyr.a(stm32f4xx_ll_utils.c.obj)
                              (--whole-archive)
zephyr/libzephyr.a(stm32f4xx_ll_i2c.c.obj)
                              (--whole-archive)
zephyr/libzephyr.a(stm32f4xx_ll_spi.c.obj)
                              (--whole-archive)
zephyr/libzephyr.a(system_stm32f4xx.c.obj)
                              (--whole-archive)
zephyr/libzephyr.a(isr_tables.c.obj)
                              (--whole-archive)
zephyr/libzephyr.a(soc.c.obj)
                              (--whole-archive)
zephyr/libzephyr.a(soc_gpio.c.obj)
                              (--whole-archive)
zephyr/libzephyr.a(arm_mpu_regions.c.obj)
                              (--whole-archive)
zephyr/libzephyr.a(exc_exit.S.obj)
                              (--whole-archive)
zephyr/libzephyr.a(irq_init.c.obj)
                              (--whole-archive)
zephyr/libzephyr.a(swap.S.obj)
                              (--whole-archive)
zephyr/libzephyr.a(fault.c.obj)
                              (--whole-archive)
zephyr/libzephyr.a(irq_manage.c.obj)
                              (--whole-archive)
zephyr/libzephyr.a(thread.c.obj)
                              (--whole-archive)
zephyr/libzephyr.a(cpu_idle.S.obj)
                              (--whole-archive)
zephyr/libzephyr.a(fault_s.S.obj)
                              (--whole-archive)
zephyr/libzephyr.a(fatal.c.obj)
                              (--whole-archive)
zephyr/libzephyr.a(sys_fatal_error_handler.c.obj)
                              (--whole-archive)
zephyr/libzephyr.a(thread_abort.c.obj)
                              (--whole-archive)
zephyr/libzephyr.a(isr_wrapper.S.obj)
                              (--whole-archive)
zephyr/libzephyr.a(vector_table.S.obj)
                              (--whole-archive)
zephyr/libzephyr.a(reset.S.obj)
                              (--whole-archive)
zephyr/libzephyr.a(nmi_on_reset.S.obj)
                              (--whole-archive)
zephyr/libzephyr.a(prep_c.c.obj)
                              (--whole-archive)
zephyr/libzephyr.a(scb.c.obj)
                              (--whole-archive)
zephyr/libzephyr.a(nmi.c.obj)
                              (--whole-archive)
zephyr/libzephyr.a(exc_manage.c.obj)
                              (--whole-archive)
zephyr/libzephyr.a(arm_core_mpu.c.obj)
                              (--whole-archive)
zephyr/libzephyr.a(arm_mpu.c.obj)
                              (--whole-archive)
zephyr/libzephyr.a(uart_console.c.obj)
                              (--whole-archive)
zephyr/libzephyr.a(exti_stm32.c.obj)
                              (--whole-archive)
zephyr/libzephyr.a(stm32_ll_clock.c.obj)
                              (--whole-archive)
zephyr/libzephyr.a(stm32f4x_ll_clock.c.obj)
                              (--whole-archive)
zephyr/libzephyr.a(flash_page_layout.c.obj)
                              (--whole-archive)
zephyr/libzephyr.a(flash_stm32.c.obj)
                              (--whole-archive)
zephyr/libzephyr.a(flash_stm32f4x.c.obj)
                              (--whole-archive)
zephyr/libzephyr.a(gpio_stm32.c.obj)
                              (--whole-archive)
zephyr/libzephyr.a(i2c_ll_stm32_v1.c.obj)
[...]
Memory Configuration

Name             Origin             Length             Attributes
FLASH            0x0000000008000000 0x0000000000080000 xr
SRAM             0x0000000020000000 0x0000000000018000 xw
IDT_LIST         0x0000000020018000 0x0000000000000800 xw
*default*        0x0000000000000000 0xffffffffffffffff

Linker script and memory map

LOAD zephyr/CMakeFiles/kernel_elf.dir/misc/empty_file.c.obj
LOAD zephyr/CMakeFiles/kernel_elf.dir/isr_tables.c.obj
START GROUP
LOAD libapp.a
LOAD zephyr/libzephyr.a
LOAD zephyr/boards/arm/96b_carbon/libboards__arm__96b_carbon.a
LOAD zephyr/subsys/bluetooth/common/libsubsys__bluetooth__common.a
LOAD zephyr/subsys/bluetooth/host/libsubsys__bluetooth__host.a
LOAD zephyr/subsys/bluetooth/host/mesh/libsubsys__bluetooth__host__mesh.a
LOAD zephyr/subsys/net/libsubsys__net.a
LOAD zephyr/kernel/libkernel.a
LOAD zephyr/CMakeFiles/offsets.dir/arch/arm/core/offsets/offsets.c.obj
END GROUP
LOAD /opt/zephyr-sdk/sysroots/armv5-zephyr-eabi/usr/lib/arm-zephyr-eabi/6.2.0/armv7e-m/libgcc.a
                0x0000000008000000                _image_rom_start = 0x8000000

text            0x0000000008000000    0x12b7c
                0x0000000008000000                _vector_start = .
                0x0000000000000000                . = 0x0
 *(.exc_vector_table)
 *(.exc_vector_table.*)
 .exc_vector_table._vector_table_section
                0x0000000008000000       0x40 zephyr/libzephyr.a(vector_table.S.obj)
                0x0000000008000000                _vector_table
 *(.gnu.linkonce.irq_vector_table)
 .gnu.linkonce.irq_vector_table
                0x0000000008000040      0x154 zephyr/CMakeFiles/kernel_elf.dir/isr_tables.c.obj
                0x0000000008000040                _irq_vector_table
 *(.openocd_dbg)
 *(.openocd_dbg.*)
 *(.kinetis_flash_config)
 *(.kinetis_flash_config.*)
 *(.gnu.linkonce.sw_isr_table)
 .gnu.linkonce.sw_isr_table
                0x0000000008000194      0x2a8 zephyr/CMakeFiles/kernel_elf.dir/isr_tables.c.obj
                0x0000000008000194                _sw_isr_table
                0x000000000800043c                _vector_end = .
                0x000000000800043c                _image_text_start = .
 *(.text)
 .text          0x000000000800043c       0x18 /opt/zephyr-sdk/sysroots/armv5-zephyr-eabi/usr/lib/arm-zephyr-eabi/6.2.0/armv7e-m/libgcc.a(_ashldi3.o)
                0x000000000800043c                __ashldi3
                0x000000000800043c                __aeabi_llsl
 .text          0x0000000008000454       0xa0 /opt/zephyr-sdk/sysroots/armv5-zephyr-eabi/usr/lib/arm-zephyr-eabi/6.2.0/armv7e-m/libgcc.a(_aeabi_ldivmod.o)
                0x0000000008000454                __aeabi_ldivmod
 .text          0x00000000080004f4       0x30 /opt/zephyr-sdk/sysroots/armv5-zephyr-eabi/usr/lib/arm-zephyr-eabi/6.2.0/armv7e-m/libgcc.a(_aeabi_uldivmod.o)
                0x00000000080004f4                __aeabi_uldivmod
 .text          0x0000000008000524       0x28 /opt/zephyr-sdk/sysroots/armv5-zephyr-eabi/usr/lib/arm-zephyr-eabi/6.2.0/armv7e-m/libgcc.a(_popcountsi2.o)
                0x0000000008000524                __popcountsi2
 .text          0x000000000800054c      0x2dc /opt/zephyr-sdk/sysroots/armv5-zephyr-eabi/usr/lib/arm-zephyr-eabi/6.2.0/armv7e-m/libgcc.a(_udivmoddi4.o)
                0x000000000800054c                __udivmoddi4
 .text          0x0000000008000828        0x4 /opt/zephyr-sdk/sysroots/armv5-zephyr-eabi/usr/lib/arm-zephyr-eabi/6.2.0/armv7e-m/libgcc.a(_dvmd_tls.o)
                0x0000000008000828                __aeabi_ldiv0
                0x0000000008000828                __aeabi_idiv0
 *(.text.*)
 .text.strlen   0x000000000800082c       0x10 libapp.a(string.c.obj)
                0x000000000800082c                strlen
 .text.strcmp   0x000000000800083c       0x1a libapp.a(string.c.obj)
                0x000000000800083c                strcmp
 .text.memcmp   0x0000000008000856       0x2a libapp.a(string.c.obj)
                0x0000000008000856                memcmp
 .text.memcpy   0x0000000008000880       0x58 libapp.a(string.c.obj)
                0x0000000008000880                memcpy
 .text.memset   0x00000000080008d8       0x46 libapp.a(string.c.obj)
                0x00000000080008d8                memset
 *fill*         0x000000000800091e        0x2 
 .text.prov_complete
                0x0000000008000920       0x2c libapp.a(main.c.obj)
 .text.output_number
                0x000000000800094c       0x10 libapp.a(main.c.obj)
 .text.bt_ready
                0x000000000800095c       0x50 libapp.a(main.c.obj)
 .text.temp_srv_status
                0x00000000080009ac       0x44 libapp.a(main.c.obj)
 .text.main     0x00000000080009f0       0x2c libapp.a(main.c.obj)
                0x00000000080009f0                main
 .text._nop_char_out
                0x0000000008000a1c        0x4 zephyr/libzephyr.a(printk.c.obj)
 .text.char_out
                0x0000000008000a20       0x10 zephyr/libzephyr.a(printk.c.obj)
 .text._printk_dec_ulong
                0x0000000008000a30       0xa0 zephyr/libzephyr.a(printk.c.obj)
 .text.__printk_hook_install
                0x0000000008000ad0        0xc zephyr/libzephyr.a(printk.c.obj)
                0x0000000008000ad0                __printk_hook_install
 .text._vprintk
                0x0000000008000adc      0x25e zephyr/libzephyr.a(printk.c.obj)
                0x0000000008000adc                _vprintk
 *fill*         0x0000000008000d3a        0x2 
 .text.vprintk  0x0000000008000d3c       0x20 zephyr/libzephyr.a(printk.c.obj)
                0x0000000008000d3c                vprintk
 .text.printk   0x0000000008000d5c       0x1a zephyr/libzephyr.a(printk.c.obj)
                0x0000000008000d5c                printk
 .text._ConfigAbsSyms
                0x0000000008000d76        0x2 zephyr/libzephyr.a(configs.c.obj)
                0x0000000008000d76                _ConfigAbsSyms
 .text._copy    0x0000000008000d78       0x1a zephyr/libzephyr.a(utils.c.obj)
                0x0000000008000d78                _copy
 .text._set     0x0000000008000d92        0x4 zephyr/libzephyr.a(utils.c.obj)
                0x0000000008000d92                _set
 .text._double_byte
                0x0000000008000d96       0x12 zephyr/libzephyr.a(utils.c.obj)
                0x0000000008000d96                _double_byte
 .text.uECC_make_key
                0x0000000008000da8       0x98 zephyr/libzephyr.a(ecc_dh.c.obj)
                0x0000000008000da8                uECC_make_key
 .text.uECC_shared_secret
                0x0000000008000e40       0xbc zephyr/libzephyr.a(ecc_dh.c.obj)
                0x0000000008000e40                uECC_shared_secret
 .text.uECC_vli_add
                0x0000000008000efc       0x40 zephyr/libzephyr.a(ecc.c.obj)
 .text.uECC_vli_rshift1
                0x0000000008000f3c       0x1c zephyr/libzephyr.a(ecc.c.obj)
 .text.vli_modInv_update
                0x0000000008000f58       0x38 zephyr/libzephyr.a(ecc.c.obj)
 .text.uECC_vli_mult
                0x0000000008000f90       0xf8 zephyr/libzephyr.a(ecc.c.obj)
 .text.uECC_get_rng
                0x0000000008001088        0xc zephyr/libzephyr.a(ecc.c.obj)
                0x0000000008001088                uECC_get_rng
 .text.uECC_vli_clear
                0x0000000008001094       0x16 zephyr/libzephyr.a(ecc.c.obj)
                0x0000000008001094                uECC_vli_clear
 .text.uECC_vli_isZero
                0x00000000080010aa       0x1e zephyr/libzephyr.a(ecc.c.obj)
                0x00000000080010aa                uECC_vli_isZero
 .text.uECC_vli_testBit
                0x00000000080010c8       0x14 zephyr/libzephyr.a(ecc.c.obj)
                0x00000000080010c8                uECC_vli_testBit
 .text.uECC_vli_numBits
                0x00000000080010dc       0x3a zephyr/libzephyr.a(ecc.c.obj)
                0x00000000080010dc                uECC_vli_numBits
 .text.uECC_vli_set
                0x0000000008001116       0x18 zephyr/libzephyr.a(ecc.c.obj)
                0x0000000008001116                uECC_vli_set
 .text.uECC_vli_cmp_unsafe
                0x000000000800112e       0x28 zephyr/libzephyr.a(ecc.c.obj)
                0x000000000800112e                uECC_vli_cmp_unsafe
 .text.uECC_vli_equal
                0x0000000008001156       0x28 zephyr/libzephyr.a(ecc.c.obj)
                0x0000000008001156                uECC_vli_equal
 .text.uECC_vli_sub
                0x000000000800117e       0x40 zephyr/libzephyr.a(ecc.c.obj)
                0x000000000800117e                uECC_vli_sub
 *fill*         0x00000000080011be        0x2 
 .text.vli_mmod_fast_secp256r1
                0x00000000080011c0      0x1ac zephyr/libzephyr.a(ecc.c.obj)
                0x00000000080011c0                vli_mmod_fast_secp256r1
 .text.uECC_vli_modAdd
                0x000000000800136c       0x32 zephyr/libzephyr.a(ecc.c.obj)
                0x000000000800136c                uECC_vli_modAdd
 .text.uECC_vli_modSub
                0x000000000800139e       0x24 zephyr/libzephyr.a(ecc.c.obj)
                0x000000000800139e                uECC_vli_modSub
 .text.uECC_vli_mmod
                0x00000000080013c2      0x13c zephyr/libzephyr.a(ecc.c.obj)
                0x00000000080013c2                uECC_vli_mmod
 .text.uECC_vli_modMult_fast
                0x00000000080014fe       0x20 zephyr/libzephyr.a(ecc.c.obj)
                0x00000000080014fe                uECC_vli_modMult_fast
 .text.uECC_vli_modSquare_fast
                0x000000000800151e        0x8 zephyr/libzephyr.a(ecc.c.obj)
 .text.double_jacobian_default
                0x0000000008001526      0x156 zephyr/libzephyr.a(ecc.c.obj)
                0x0000000008001526                double_jacobian_default
 .text.x_side_default
                0x000000000800167c       0x5a zephyr/libzephyr.a(ecc.c.obj)
                0x000000000800167c                x_side_default
 .text.XYcZ_addC
                0x00000000080016d6      0x118 zephyr/libzephyr.a(ecc.c.obj)
 .text.uECC_vli_modInv
                0x00000000080017ee      0x10c zephyr/libzephyr.a(ecc.c.obj)
                0x00000000080017ee                uECC_vli_modInv
 .text.EccPoint_isZero
                0x00000000080018fa        0xa zephyr/libzephyr.a(ecc.c.obj)
                0x00000000080018fa                EccPoint_isZero
 .text.apply_z  0x0000000008001904       0x3e zephyr/libzephyr.a(ecc.c.obj)
                0x0000000008001904                apply_z
 .text.XYcZ_add
                0x0000000008001942       0xca zephyr/libzephyr.a(ecc.c.obj)
                0x0000000008001942                XYcZ_add
 .text.EccPoint_mult
                0x0000000008001a0c      0x1a2 zephyr/libzephyr.a(ecc.c.obj)
                0x0000000008001a0c                EccPoint_mult
 .text.regularize_k
                0x0000000008001bae       0x58 zephyr/libzephyr.a(ecc.c.obj)
                0x0000000008001bae                regularize_k
 .text.EccPoint_compute_public_key
                0x0000000008001c06       0x50 zephyr/libzephyr.a(ecc.c.obj)
                0x0000000008001c06                EccPoint_compute_public_key
 .text.uECC_vli_nativeToBytes
                0x0000000008001c56       0x28 zephyr/libzephyr.a(ecc.c.obj)
                0x0000000008001c56                uECC_vli_nativeToBytes
 .text.uECC_vli_bytesToNative
                0x0000000008001c7e       0x40 zephyr/libzephyr.a(ecc.c.obj)
                0x0000000008001c7e                uECC_vli_bytesToNative
 .text.uECC_valid_point
                0x0000000008001cbe       0x74 zephyr/libzephyr.a(ecc.c.obj)
                0x0000000008001cbe                uECC_valid_point
 .text.uECC_valid_public_key
                0x0000000008001d32       0x46 zephyr/libzephyr.a(ecc.c.obj)
                0x0000000008001d32                uECC_valid_public_key
 .text.add_round_key
                0x0000000008001d78       0x8a zephyr/libzephyr.a(aes_encrypt.c.obj)
 .text.shift_rows
                0x0000000008001e02       0x72 zephyr/libzephyr.a(aes_encrypt.c.obj)
 .text.mult_row_column
                0x0000000008001e74       0x80 zephyr/libzephyr.a(aes_encrypt.c.obj)
 .text.tc_aes128_set_encrypt_key
                0x0000000008001ef4       0xac zephyr/libzephyr.a(aes_encrypt.c.obj)
                0x0000000008001ef4                tc_aes128_set_encrypt_key
 .text.tc_aes_encrypt
                0x0000000008001fa0       0xd4 zephyr/libzephyr.a(aes_encrypt.c.obj)
                0x0000000008001fa0                tc_aes_encrypt
 .text.gf_double
                0x0000000008002074       0x2c zephyr/libzephyr.a(cmac_mode.c.obj)
                0x0000000008002074                gf_double
 .text.tc_cmac_erase
                0x00000000080020a0       0x12 zephyr/libzephyr.a(cmac_mode.c.obj)
                0x00000000080020a0                tc_cmac_erase
 .text.tc_cmac_init
                0x00000000080020b2       0x2e zephyr/libzephyr.a(cmac_mode.c.obj)
                0x00000000080020b2                tc_cmac_init
 .text.tc_cmac_setup
                0x00000000080020e0       0x58 zephyr/libzephyr.a(cmac_mode.c.obj)
                0x00000000080020e0                tc_cmac_setup
 .text.tc_cmac_update
                0x0000000008002138       0xc8 zephyr/libzephyr.a(cmac_mode.c.obj)
                0x0000000008002138                tc_cmac_update
 .text.tc_cmac_final
                0x0000000008002200       0x6c zephyr/libzephyr.a(cmac_mode.c.obj)
                0x0000000008002200                tc_cmac_final
 .text.compress
                0x000000000800226c      0x1d8 zephyr/libzephyr.a(sha256.c.obj)
 .text.tc_sha256_init
                0x0000000008002444       0x58 zephyr/libzephyr.a(sha256.c.obj)
                0x0000000008002444                tc_sha256_init
 .text.tc_sha256_update
                0x000000000800249c       0x5e zephyr/libzephyr.a(sha256.c.obj)
                0x000000000800249c                tc_sha256_update
 .text.tc_sha256_final
                0x00000000080024fa       0xd0 zephyr/libzephyr.a(sha256.c.obj)
                0x00000000080024fa                tc_sha256_final
 .text.rekey    0x00000000080025ca       0x3c zephyr/libzephyr.a(hmac.c.obj)
 .text.tc_hmac_set_key
                0x0000000008002606       0x7e zephyr/libzephyr.a(hmac.c.obj)
                0x0000000008002606                tc_hmac_set_key
 .text.tc_hmac_init
                0x0000000008002684       0x1c zephyr/libzephyr.a(hmac.c.obj)
                0x0000000008002684                tc_hmac_init
 .text.tc_hmac_update
                0x00000000080026a0        0xe zephyr/libzephyr.a(hmac.c.obj)
                0x00000000080026a0                tc_hmac_update
 .text.tc_hmac_final
                0x00000000080026ae       0x4c zephyr/libzephyr.a(hmac.c.obj)
                0x00000000080026ae                tc_hmac_final
 .text.update   0x00000000080026fa       0xca zephyr/libzephyr.a(hmac_prng.c.obj)
 .text.tc_hmac_prng_init
                0x00000000080027c4       0x4a zephyr/libzephyr.a(hmac_prng.c.obj)
                0x00000000080027c4                tc_hmac_prng_init
 .text.tc_hmac_prng_reseed
                0x000000000800280e       0x34 zephyr/libzephyr.a(hmac_prng.c.obj)
                0x000000000800280e                tc_hmac_prng_reseed
 .text.tc_hmac_prng_generate
                0x0000000008002842       0x7e zephyr/libzephyr.a(hmac_prng.c.obj)
                0x0000000008002842                tc_hmac_prng_generate
 .text.UTILS_SetFlashLatency.part.0
                0x00000000080028c0       0x7c zephyr/libzephyr.a(stm32f4xx_ll_utils.c.obj)
 .text.UTILS_PLL_IsBusy
                0x000000000800293c       0x1c zephyr/libzephyr.a(stm32f4xx_ll_utils.c.obj)
 .text.UTILS_EnablePLLAndSwitchSystem
                0x0000000008002958       0x9c zephyr/libzephyr.a(stm32f4xx_ll_utils.c.obj)
 .text.LL_PLL_ConfigSystemClock_HSE
                0x00000000080029f4       0x8c zephyr/libzephyr.a(stm32f4xx_ll_utils.c.obj)
                0x00000000080029f4                LL_PLL_ConfigSystemClock_HSE
 .text.st_stm32f4_init
                0x0000000008002a80       0x30 zephyr/libzephyr.a(soc.c.obj)
 .text.stm32_gpio_flags_to_conf
                0x0000000008002ab0       0x3a zephyr/libzephyr.a(soc_gpio.c.obj)
                0x0000000008002ab0                stm32_gpio_flags_to_conf
 .text.stm32_gpio_configure
                0x0000000008002aea       0x8c zephyr/libzephyr.a(soc_gpio.c.obj)
                0x0000000008002aea                stm32_gpio_configure
 .text.stm32_gpio_set
                0x0000000008002b76       0x14 zephyr/libzephyr.a(soc_gpio.c.obj)
                0x0000000008002b76                stm32_gpio_set
 .text.stm32_gpio_get
                0x0000000008002b8a        0xa zephyr/libzephyr.a(soc_gpio.c.obj)
                0x0000000008002b8a                stm32_gpio_get
 .text.stm32_gpio_enable_int
                0x0000000008002b94       0x88 zephyr/libzephyr.a(soc_gpio.c.obj)
                0x0000000008002b94                stm32_gpio_enable_int
 .text._HandlerModeExit
                0x0000000008002c1c       0x2c zephyr/libzephyr.a(exc_exit.S.obj)
                0x0000000008002c1c                _ExcExit
                0x0000000008002c1c                _IntExit
 .text._IntLibInit
                0x0000000008002c48       0x18 zephyr/libzephyr.a(irq_init.c.obj)
                0x0000000008002c48                _IntLibInit
 .text.__pendsv
                0x0000000008002c60       0x44 zephyr/libzephyr.a(swap.S.obj)
                0x0000000008002c60                __pendsv
 .text.__svc    0x0000000008002ca4       0x3c zephyr/libzephyr.a(swap.S.obj)
                0x0000000008002ca4                __svc
 .text.__swap   0x0000000008002ce0       0x1c zephyr/libzephyr.a(swap.S.obj)
                0x0000000008002ce0                __swap
 .text._FaultThreadShow.isra.2
                0x0000000008002cfc       0x1c zephyr/libzephyr.a(fault.c.obj)
 .text._UsageFault
                0x0000000008002d18       0x90 zephyr/libzephyr.a(fault.c.obj)
 .text._MpuFault
                0x0000000008002da8       0x80 zephyr/libzephyr.a(fault.c.obj)
 .text._BusFault
                0x0000000008002e28       0x94 zephyr/libzephyr.a(fault.c.obj)
 .text._Fault   0x0000000008002ebc       0xcc zephyr/libzephyr.a(fault.c.obj)
                0x0000000008002ebc                _Fault
 .text._FaultInit
                0x0000000008002f88       0x10 zephyr/libzephyr.a(fault.c.obj)
                0x0000000008002f88                _FaultInit
 .text._arch_irq_enable
                0x0000000008002f98       0x1c zephyr/libzephyr.a(irq_manage.c.obj)
                0x0000000008002f98                _arch_irq_enable
 .text._irq_priority_set
                0x0000000008002fb4       0x30 zephyr/libzephyr.a(irq_manage.c.obj)
                0x0000000008002fb4                _irq_priority_set
 .text._irq_spurious
                0x0000000008002fe4        0x4 zephyr/libzephyr.a(irq_manage.c.obj)
                0x0000000008002fe4                _irq_spurious
 .text._new_thread
                0x0000000008002fe8       0x50 zephyr/libzephyr.a(thread.c.obj)
                0x0000000008002fe8                _new_thread
 .text._CpuIdleInit
                0x0000000008003038        0xc zephyr/libzephyr.a(cpu_idle.S.obj)
                0x0000000008003038                _CpuIdleInit
 .text.k_cpu_idle
                0x0000000008003044        0xc zephyr/libzephyr.a(cpu_idle.S.obj)
                0x0000000008003044                k_cpu_idle
 .text.__fault  0x0000000008003050       0x28 zephyr/libzephyr.a(fault_s.S.obj)
                0x0000000008003050                __usage_fault
                0x0000000008003050                __reserved
                0x0000000008003050                __bus_fault
                0x0000000008003050                __debug_monitor
                0x0000000008003050                __mpu_fault
                0x0000000008003050                __hard_fault
 .text._NanoFatalErrorHandler
                0x0000000008003078       0x58 zephyr/libzephyr.a(fatal.c.obj)
                0x0000000008003078                _NanoFatalErrorHandler
 .text._do_kernel_oops
                0x00000000080030d0        0x8 zephyr/libzephyr.a(fatal.c.obj)
                0x00000000080030d0                _do_kernel_oops
 .text._SysFatalErrorHandler
                0x00000000080030d8       0x58 zephyr/libzephyr.a(sys_fatal_error_handler.c.obj)
                0x00000000080030d8                _SysFatalErrorHandler
 .text._impl_k_thread_abort
                0x0000000008003130       0x4c zephyr/libzephyr.a(thread_abort.c.obj)
                0x0000000008003130                _impl_k_thread_abort
 .text._isr_wrapper
                0x000000000800317c       0x24 zephyr/libzephyr.a(isr_wrapper.S.obj)
                0x000000000800317c                _isr_wrapper
 .text._reset_section
                0x00000000080031a0       0x20 zephyr/libzephyr.a(reset.S.obj)
                0x00000000080031a0                __reset
                0x00000000080031a0                __start
 .text._SysNmiOnReset
                0x00000000080031c0        0x8 zephyr/libzephyr.a(nmi_on_reset.S.obj)
                0x00000000080031c0                _SysNmiOnReset
 .text._PrepC   0x00000000080031c8       0x28 zephyr/libzephyr.a(prep_c.c.obj)
                0x00000000080031c8                _PrepC
 .text.__nmi    0x00000000080031f0        0xe zephyr/libzephyr.a(nmi.c.obj)
                0x00000000080031f0                __nmi
 *fill*         0x00000000080031fe        0x2 
 .text.arm_mpu_init
                0x0000000008003200       0x64 zephyr/libzephyr.a(arm_mpu.c.obj)
 .text.console_out
                0x0000000008003264       0x28 zephyr/libzephyr.a(uart_console.c.obj)
 .text.uart_console_hook_install
                0x000000000800328c        0xc zephyr/libzephyr.a(uart_console.c.obj)
                0x000000000800328c                uart_console_hook_install
 .text.uart_console_init
                0x0000000008003298       0x1c zephyr/libzephyr.a(uart_console.c.obj)
 .text.__stm32_exti_isr
                0x00000000080032b4       0x3c zephyr/libzephyr.a(exti_stm32.c.obj)
 .text.__stm32_exti_isr_0
                0x00000000080032f0        0xa zephyr/libzephyr.a(exti_stm32.c.obj)
 .text.__stm32_exti_isr_1
                0x00000000080032fa        0xa zephyr/libzephyr.a(exti_stm32.c.obj)
 .text.__stm32_exti_isr_2
                0x0000000008003304        0xa zephyr/libzephyr.a(exti_stm32.c.obj)
 .text.__stm32_exti_isr_3
                0x000000000800330e        0xa zephyr/libzephyr.a(exti_stm32.c.obj)
 .text.__stm32_exti_isr_4
                0x0000000008003318        0xa zephyr/libzephyr.a(exti_stm32.c.obj)
 .text.__stm32_exti_isr_9_5
                0x0000000008003322        0xa zephyr/libzephyr.a(exti_stm32.c.obj)
 .text.__stm32_exti_isr_15_10
                0x000000000800332c        0xa zephyr/libzephyr.a(exti_stm32.c.obj)
 .text.__stm32_exti_isr_16
                0x0000000008003336        0xa zephyr/libzephyr.a(exti_stm32.c.obj)
 .text.__stm32_exti_isr_17
                0x0000000008003340        0xa zephyr/libzephyr.a(exti_stm32.c.obj)
 .text.__stm32_exti_isr_18
                0x000000000800334a        0xa zephyr/libzephyr.a(exti_stm32.c.obj)
 .text.__stm32_exti_isr_21
                0x0000000008003354        0xa zephyr/libzephyr.a(exti_stm32.c.obj)
 .text.__stm32_exti_isr_22
                0x000000000800335e        0xa zephyr/libzephyr.a(exti_stm32.c.obj)
 .text.stm32_exti_init
                0x0000000008003368       0x7e zephyr/libzephyr.a(exti_stm32.c.obj)
 *fill*         0x00000000080033e6        0x2 
 .text.stm32_exti_enable
                0x00000000080033e8       0x44 zephyr/libzephyr.a(exti_stm32.c.obj)
                0x00000000080033e8                stm32_exti_enable
 .text.stm32_exti_trigger
                0x000000000800342c       0x2c zephyr/libzephyr.a(exti_stm32.c.obj)
                0x000000000800342c                stm32_exti_trigger
 .text.stm32_exti_set_callback
                0x0000000008003458       0x18 zephyr/libzephyr.a(exti_stm32.c.obj)
                0x0000000008003458                stm32_exti_set_callback
 .text.stm32_clock_control_on
                0x0000000008003470       0x68 zephyr/libzephyr.a(stm32_ll_clock.c.obj)
 .text.stm32_clock_control_off
                0x00000000080034d8       0x4c zephyr/libzephyr.a(stm32_ll_clock.c.obj)
 .text.stm32_clock_control_get_subsys_rate
                0x0000000008003524       0x20 zephyr/libzephyr.a(stm32_ll_clock.c.obj)
 .text.stm32_clock_control_init
                0x0000000008003544       0x98 zephyr/libzephyr.a(stm32_ll_clock.c.obj)
 .text.config_pll_init
                0x00000000080035dc       0x10 zephyr/libzephyr.a(stm32f4x_ll_clock.c.obj)
                0x00000000080035dc                config_pll_init
 .text.config_enable_default_clocks
                0x00000000080035ec       0x20 zephyr/libzephyr.a(stm32f4x_ll_clock.c.obj)
                0x00000000080035ec                config_enable_default_clocks
 .text.LL_RCC_MSI_Disable
                0x000000000800360c        0x2 zephyr/libzephyr.a(stm32f4x_ll_clock.c.obj)
                0x000000000800360c                LL_RCC_MSI_Disable
 .text._flash_get_page_info
                0x000000000800360e       0x92 zephyr/libzephyr.a(flash_page_layout.c.obj)
 .text._impl_flash_get_page_info_by_offs
                0x00000000080036a0        0x8 zephyr/libzephyr.a(flash_page_layout.c.obj)
                0x00000000080036a0                _impl_flash_get_page_info_by_offs
 .text.flash_stm32_read
                0x00000000080036a8       0x2a zephyr/libzephyr.a(flash_stm32.c.obj)
 .text.flash_stm32_write
                0x00000000080036d2       0x42 zephyr/libzephyr.a(flash_stm32.c.obj)
 .text.flash_stm32_erase
                0x0000000008003714       0x8e zephyr/libzephyr.a(flash_stm32.c.obj)
 .text.flash_stm32_wait_flash_idle
                0x00000000080037a2       0x2e zephyr/libzephyr.a(flash_stm32.c.obj)
                0x00000000080037a2                flash_stm32_wait_flash_idle
 .text.flash_stm32_write_protection
                0x00000000080037d0       0x58 zephyr/libzephyr.a(flash_stm32.c.obj)
 .text.stm32_flash_init
                0x0000000008003828       0x1c zephyr/libzephyr.a(flash_stm32.c.obj)
 .text.flash_stm32_valid_range
                0x0000000008003844       0x2a zephyr/libzephyr.a(flash_stm32f4x.c.obj)
                0x0000000008003844                flash_stm32_valid_range
 .text.flash_stm32_block_erase_loop
                0x000000000800386e       0x84 zephyr/libzephyr.a(flash_stm32f4x.c.obj)
                0x000000000800386e                flash_stm32_block_erase_loop
 .text.flash_stm32_write_range
                0x00000000080038f2       0x6a zephyr/libzephyr.a(flash_stm32f4x.c.obj)
                0x00000000080038f2                flash_stm32_write_range
 .text.flash_stm32_page_layout
                0x000000000800395c       0x10 zephyr/libzephyr.a(flash_stm32f4x.c.obj)
                0x000000000800395c                flash_stm32_page_layout
 .text.gpio_stm32_isr
                0x000000000800396c       0x2c zephyr/libzephyr.a(gpio_stm32.c.obj)
 .text.gpio_stm32_manage_callback
                0x0000000008003998       0x44 zephyr/libzephyr.a(gpio_stm32.c.obj)
 .text.gpio_stm32_enable_callback
                0x00000000080039dc       0x1a zephyr/libzephyr.a(gpio_stm32.c.obj)
 .text.gpio_stm32_disable_callback
                0x00000000080039f6       0x1c zephyr/libzephyr.a(gpio_stm32.c.obj)
 *fill*         0x0000000008003a12        0x2 
 .text.gpio_stm32_init
                0x0000000008003a14       0x20 zephyr/libzephyr.a(gpio_stm32.c.obj)
 .text.gpio_stm32_read
                0x0000000008003a34       0x20 zephyr/libzephyr.a(gpio_stm32.c.obj)
 .text.gpio_stm32_write
                0x0000000008003a54       0x1e zephyr/libzephyr.a(gpio_stm32.c.obj)
 *fill*         0x0000000008003a72        0x2 
 .text.gpio_stm32_config
                0x0000000008003a74       0x78 zephyr/libzephyr.a(gpio_stm32.c.obj)
 .text.stm32_i2c_msg_write
                0x0000000008003aec       0xc0 zephyr/libzephyr.a(i2c_ll_stm32_v1.c.obj)
                0x0000000008003aec                stm32_i2c_msg_write
 .text.stm32_i2c_msg_read
                0x0000000008003bac      0x130 zephyr/libzephyr.a(i2c_ll_stm32_v1.c.obj)
                0x0000000008003bac                stm32_i2c_msg_read
 .text.stm32_i2c_configure_timing
                0x0000000008003cdc       0xb4 zephyr/libzephyr.a(i2c_ll_stm32_v1.c.obj)
                0x0000000008003cdc                stm32_i2c_configure_timing
 .text.i2c_stm32_runtime_configure
                0x0000000008003d90       0x50 zephyr/libzephyr.a(i2c_ll_stm32.c.obj)
 .text.i2c_stm32_init
                0x0000000008003de0       0x78 zephyr/libzephyr.a(i2c_ll_stm32.c.obj)
 .text.i2c_stm32_transfer
                0x0000000008003e58       0x84 zephyr/libzephyr.a(i2c_ll_stm32.c.obj)
 .text._pinmux_stm32_set
                0x0000000008003edc       0x54 zephyr/libzephyr.a(pinmux_stm32.c.obj)
                0x0000000008003edc                _pinmux_stm32_set
 .text.stm32_setup_pins
                0x0000000008003f30       0x30 zephyr/libzephyr.a(pinmux_stm32.c.obj)
                0x0000000008003f30                stm32_setup_pins
 .text.uart_stm32_poll_in
                0x0000000008003f60       0x18 zephyr/libzephyr.a(uart_stm32.c.obj)
 .text.uart_stm32_poll_out
                0x0000000008003f78       0x18 zephyr/libzephyr.a(uart_stm32.c.obj)
 .text.uart_stm32_init
                0x0000000008003f90       0x84 zephyr/libzephyr.a(uart_stm32.c.obj)
 .text.spi_stm32_transfer_ongoing
                0x0000000008004014       0x1e zephyr/libzephyr.a(spi_ll_stm32.c.obj)
 .text.spi_stm32_next_tx
                0x0000000008004032       0x24 zephyr/libzephyr.a(spi_ll_stm32.c.obj)
 .text.spi_stm32_irq_config_func_1
                0x0000000008004056       0x16 zephyr/libzephyr.a(spi_ll_stm32.c.obj)
 .text.spi_stm32_init
                0x000000000800406c       0x30 zephyr/libzephyr.a(spi_ll_stm32.c.obj)
 .text.gpio_pin_write
                0x000000000800409c       0x12 zephyr/libzephyr.a(spi_ll_stm32.c.obj)
 .text.spi_stm32_release
                0x00000000080040ae       0x14 zephyr/libzephyr.a(spi_ll_stm32.c.obj)
 .text.spi_stm32_complete
                0x00000000080040c2       0x8a zephyr/libzephyr.a(spi_ll_stm32.c.obj)
 .text.spi_stm32_isr
                0x000000000800414c      0x1be zephyr/libzephyr.a(spi_ll_stm32.c.obj)
 *fill*         0x000000000800430a        0x2 
 .text.transceive
                0x000000000800430c      0x270 zephyr/libzephyr.a(spi_ll_stm32.c.obj)
 .text.spi_stm32_transceive_async
                0x000000000800457c       0x16 zephyr/libzephyr.a(spi_ll_stm32.c.obj)
 .text.spi_stm32_transceive
                0x0000000008004592       0x14 zephyr/libzephyr.a(spi_ll_stm32.c.obj)
 *fill*         0x00000000080045a6        0x2 
 .text._bt_spi_init
                0x00000000080045a8       0x54 zephyr/libzephyr.a(spi.c.obj)
 .text.bt_spi_isr
                0x00000000080045fc        0xc zephyr/libzephyr.a(spi.c.obj)
 .text.bt_spi_transceive
                0x0000000008004608       0x30 zephyr/libzephyr.a(spi.c.obj)
 .text.bt_spi_send
                0x0000000008004638       0xc8 zephyr/libzephyr.a(spi.c.obj)
 .text.bt_spi_rx_thread
                0x0000000008004700      0x158 zephyr/libzephyr.a(spi.c.obj)
 .text.bt_spi_open
                0x0000000008004858       0xd0 zephyr/libzephyr.a(spi.c.obj)
 .text._timer_int_handler
                0x0000000008004928       0x2c zephyr/libzephyr.a(cortex_m_systick.c.obj)
                0x0000000008004928                _timer_int_handler
 .text._sys_clock_driver_init
                0x0000000008004954       0x2c zephyr/libzephyr.a(cortex_m_systick.c.obj)
                0x0000000008004954                _sys_clock_driver_init
 .text._timer_cycle_get_32
                0x0000000008004980       0x20 zephyr/libzephyr.a(cortex_m_systick.c.obj)
                0x0000000008004980                _timer_cycle_get_32
 .text.pinmux_stm32_init
                0x00000000080049a0       0x14 zephyr/boards/arm/96b_carbon/libboards__arm__96b_carbon.a(pinmux.c.obj)
 .text.send_cmd_status
                0x00000000080049b4       0x4c zephyr/subsys/bluetooth/host/libsubsys__bluetooth__host.a(hci_ecc.c.obj)
 .text.sys_memcpy_swap.constprop.3
                0x0000000008004a00       0x14 zephyr/subsys/bluetooth/host/libsubsys__bluetooth__host.a(hci_ecc.c.obj)
 .text.ecc_thread
                0x0000000008004a14      0x170 zephyr/subsys/bluetooth/host/libsubsys__bluetooth__host.a(hci_ecc.c.obj)
 .text.bt_hci_ecc_send
                0x0000000008004b84      0x124 zephyr/subsys/bluetooth/host/libsubsys__bluetooth__host.a(hci_ecc.c.obj)
                0x0000000008004b84                bt_hci_ecc_send
 .text.default_CSPRNG
                0x0000000008004ca8        0xe zephyr/subsys/bluetooth/host/libsubsys__bluetooth__host.a(hci_ecc.c.obj)
                0x0000000008004ca8                default_CSPRNG
 *fill*         0x0000000008004cb6        0x2 
 .text.bt_hci_ecc_init
                0x0000000008004cb8       0x34 zephyr/subsys/bluetooth/host/libsubsys__bluetooth__host.a(hci_ecc.c.obj)
                0x0000000008004cb8                bt_hci_ecc_init
 .text.uuid_to_uuid128
                0x0000000008004cec       0x7c zephyr/subsys/bluetooth/host/libsubsys__bluetooth__host.a(uuid.c.obj)
 .text.bt_uuid_cmp
                0x0000000008004d68       0x54 zephyr/subsys/bluetooth/host/libsubsys__bluetooth__host.a(uuid.c.obj)
                0x0000000008004d68                bt_uuid_cmp
 .text.net_buf_user_data
                0x0000000008004dbc        0xc zephyr/subsys/bluetooth/host/libsubsys__bluetooth__host.a(hci_core.c.obj)
 .text.bt_addr_le_copy
                0x0000000008004dc8        0x6 zephyr/subsys/bluetooth/host/libsubsys__bluetooth__host.a(hci_core.c.obj)
 .text.atomic_or
                0x0000000008004dce       0x22 zephyr/subsys/bluetooth/host/libsubsys__bluetooth__host.a(hci_core.c.obj)
 .text.atomic_test_bit
                0x0000000008004df0       0x1a zephyr/subsys/bluetooth/host/libsubsys__bluetooth__host.a(hci_core.c.obj)
 .text.atomic_and
                0x0000000008004e0a       0x22 zephyr/subsys/bluetooth/host/libsubsys__bluetooth__host.a(hci_core.c.obj)
 .text.update_conn_param
                0x0000000008004e2c       0x1c zephyr/subsys/bluetooth/host/libsubsys__bluetooth__host.a(hci_core.c.obj)
 .text.hci_cmd_done.isra.13
                0x0000000008004e48       0x34 zephyr/subsys/bluetooth/host/libsubsys__bluetooth__host.a(hci_core.c.obj)
 .text.hci_tx_thread
                0x0000000008004e7c       0xec zephyr/subsys/bluetooth/host/libsubsys__bluetooth__host.a(hci_core.c.obj)
 .text.bt_hci_cmd_create
                0x0000000008004f68       0x48 zephyr/subsys/bluetooth/host/libsubsys__bluetooth__host.a(hci_core.c.obj)
                0x0000000008004f68                bt_hci_cmd_create
 .text.bt_hci_cmd_send
                0x0000000008004fb0       0x44 zephyr/subsys/bluetooth/host/libsubsys__bluetooth__host.a(hci_core.c.obj)
                0x0000000008004fb0                bt_hci_cmd_send
 .text.report_completed_packet
                0x0000000008004ff4       0x84 zephyr/subsys/bluetooth/host/libsubsys__bluetooth__host.a(hci_core.c.obj)
 .text.hci_le_set_phy.isra.25
                0x0000000008005078       0x40 zephyr/subsys/bluetooth/host/libsubsys__bluetooth__host.a(hci_core.c.obj)
 .text.le_conn_param_neg_reply
                0x00000000080050b8       0x34 zephyr/subsys/bluetooth/host/libsubsys__bluetooth__host.a(hci_core.c.obj)
 .text.bt_hci_cmd_send_sync
                0x00000000080050ec       0x70 zephyr/subsys/bluetooth/host/libsubsys__bluetooth__host.a(hci_core.c.obj)
                0x00000000080050ec                bt_hci_cmd_send_sync
 .text.set_random_address
                0x000000000800515c       0x5c zephyr/subsys/bluetooth/host/libsubsys__bluetooth__host.a(hci_core.c.obj)
 .text.le_set_private_addr
                0x00000000080051b8       0x24 zephyr/subsys/bluetooth/host/libsubsys__bluetooth__host.a(hci_core.c.obj)
 .text.set_le_scan_enable
                0x00000000080051dc       0x68 zephyr/subsys/bluetooth/host/libsubsys__bluetooth__host.a(hci_core.c.obj)
 .text.set_advertise_enable
                0x0000000008005244       0x54 zephyr/subsys/bluetooth/host/libsubsys__bluetooth__host.a(hci_core.c.obj)
 .text.set_ad   0x0000000008005298       0x98 zephyr/subsys/bluetooth/host/libsubsys__bluetooth__host.a(hci_core.c.obj)
 .text.hci_le_set_data_len.isra.26
                0x0000000008005330       0x54 zephyr/subsys/bluetooth/host/libsubsys__bluetooth__host.a(hci_core.c.obj)
 .text.bt_le_conn_params_valid
                0x0000000008005384       0x40 zephyr/subsys/bluetooth/host/libsubsys__bluetooth__host.a(hci_core.c.obj)
                0x0000000008005384                bt_le_conn_params_valid
 .text.bt_le_scan_update
                0x00000000080053c4       0x2c zephyr/subsys/bluetooth/host/libsubsys__bluetooth__host.a(hci_core.c.obj)
                0x00000000080053c4                bt_le_scan_update
 .text.le_enh_conn_complete
                0x00000000080053f0      0x18c zephyr/subsys/bluetooth/host/libsubsys__bluetooth__host.a(hci_core.c.obj)
 .text.hci_rx_thread
                0x000000000800557c      0x5c4 zephyr/subsys/bluetooth/host/libsubsys__bluetooth__host.a(hci_core.c.obj)
 .text.bt_addr_le_create_static
                0x0000000008005b40       0x1c zephyr/subsys/bluetooth/host/libsubsys__bluetooth__host.a(hci_core.c.obj)
                0x0000000008005b40                bt_addr_le_create_static
 .text.bt_init  0x0000000008005b5c      0x570 zephyr/subsys/bluetooth/host/libsubsys__bluetooth__host.a(hci_core.c.obj)
 .text.init_work
                0x00000000080060cc       0x18 zephyr/subsys/bluetooth/host/libsubsys__bluetooth__host.a(hci_core.c.obj)
 .text.bt_send  0x00000000080060e4        0x4 zephyr/subsys/bluetooth/host/libsubsys__bluetooth__host.a(hci_core.c.obj)
                0x00000000080060e4                bt_send
 .text.bt_recv  0x00000000080060e8       0x40 zephyr/subsys/bluetooth/host/libsubsys__bluetooth__host.a(hci_core.c.obj)
                0x00000000080060e8                bt_recv
 .text.bt_recv_prio
                0x0000000008006128      0x11c zephyr/subsys/bluetooth/host/libsubsys__bluetooth__host.a(hci_core.c.obj)
                0x0000000008006128                bt_recv_prio
 .text.bt_hci_driver_register
                0x0000000008006244       0x28 zephyr/subsys/bluetooth/host/libsubsys__bluetooth__host.a(hci_core.c.obj)
                0x0000000008006244                bt_hci_driver_register
 .text.bt_enable
                0x000000000800626c       0xcc zephyr/subsys/bluetooth/host/libsubsys__bluetooth__host.a(hci_core.c.obj)
                0x000000000800626c                bt_enable
 .text.bt_addr_le_is_bonded
                0x0000000008006338        0x4 zephyr/subsys/bluetooth/host/libsubsys__bluetooth__host.a(hci_core.c.obj)
                0x0000000008006338                bt_addr_le_is_bonded
 .text.bt_le_adv_start
                0x000000000800633c      0x138 zephyr/subsys/bluetooth/host/libsubsys__bluetooth__host.a(hci_core.c.obj)
                0x000000000800633c                bt_le_adv_start
 .text.bt_le_adv_stop
                0x0000000008006474       0x4c zephyr/subsys/bluetooth/host/libsubsys__bluetooth__host.a(hci_core.c.obj)
                0x0000000008006474                bt_le_adv_stop
 .text.bt_le_scan_start
                0x00000000080064c0      0x138 zephyr/subsys/bluetooth/host/libsubsys__bluetooth__host.a(hci_core.c.obj)
                0x00000000080064c0                bt_le_scan_start
 .text.bt_le_scan_stop
                0x00000000080065f8       0x2c zephyr/subsys/bluetooth/host/libsubsys__bluetooth__host.a(hci_core.c.obj)
                0x00000000080065f8                bt_le_scan_stop
 .text.bt_buf_get_rx
                0x0000000008006624       0x30 zephyr/subsys/bluetooth/host/libsubsys__bluetooth__host.a(hci_core.c.obj)
                0x0000000008006624                bt_buf_get_rx
 .text.bt_buf_get_cmd_complete
                0x0000000008006654       0x48 zephyr/subsys/bluetooth/host/libsubsys__bluetooth__host.a(hci_core.c.obj)
                0x0000000008006654                bt_buf_get_cmd_complete
 .text.bt_pub_key_gen
                0x000000000800669c       0x84 zephyr/subsys/bluetooth/host/libsubsys__bluetooth__host.a(hci_core.c.obj)
                0x000000000800669c                bt_pub_key_gen
 .text.bt_pub_key_get
                0x0000000008006720       0x1c zephyr/subsys/bluetooth/host/libsubsys__bluetooth__host.a(hci_core.c.obj)
                0x0000000008006720                bt_pub_key_get
 .text.bt_dh_key_gen
                0x000000000800673c       0x74 zephyr/subsys/bluetooth/host/libsubsys__bluetooth__host.a(hci_core.c.obj)
                0x000000000800673c                bt_dh_key_gen
 .text.prng_reseed.constprop.0
                0x00000000080067b0       0x5c zephyr/subsys/bluetooth/host/libsubsys__bluetooth__host.a(crypto.c.obj)
 .text.prng_init
                0x000000000800680c       0x50 zephyr/subsys/bluetooth/host/libsubsys__bluetooth__host.a(crypto.c.obj)
                0x000000000800680c                prng_init
 .text.bt_rand  0x000000000800685c       0x30 zephyr/subsys/bluetooth/host/libsubsys__bluetooth__host.a(crypto.c.obj)
                0x000000000800685c                bt_rand
 .text.bt_encrypt_be
                0x000000000800688c       0x2c zephyr/subsys/bluetooth/host/libsubsys__bluetooth__host.a(crypto.c.obj)
                0x000000000800688c                bt_encrypt_be
 .text.notify_connected
                0x00000000080068b8       0x20 zephyr/subsys/bluetooth/host/libsubsys__bluetooth__host.a(conn.c.obj)
 .text.atomic_get
                0x00000000080068d8        0xc zephyr/subsys/bluetooth/host/libsubsys__bluetooth__host.a(conn.c.obj)
 .text.bt_conn_reset_rx_state
                0x00000000080068e4       0x16 zephyr/subsys/bluetooth/host/libsubsys__bluetooth__host.a(conn.c.obj)
 .text.atomic_dec
                0x00000000080068fa       0x1a zephyr/subsys/bluetooth/host/libsubsys__bluetooth__host.a(conn.c.obj)
 .text.atomic_inc
                0x0000000008006914       0x1a zephyr/subsys/bluetooth/host/libsubsys__bluetooth__host.a(conn.c.obj)
 *fill*         0x000000000800692e        0x2 
 .text.bt_conn_get_pkts
                0x0000000008006930        0x8 zephyr/subsys/bluetooth/host/libsubsys__bluetooth__host.a(conn.c.obj)
                0x0000000008006930                bt_conn_get_pkts
 .text.notify_le_param_updated
                0x0000000008006938       0x28 zephyr/subsys/bluetooth/host/libsubsys__bluetooth__host.a(conn.c.obj)
                0x0000000008006938                notify_le_param_updated
 .text.le_param_req
                0x0000000008006960       0x40 zephyr/subsys/bluetooth/host/libsubsys__bluetooth__host.a(conn.c.obj)
                0x0000000008006960                le_param_req
 .text.bt_conn_cb_register
                0x00000000080069a0       0x10 zephyr/subsys/bluetooth/host/libsubsys__bluetooth__host.a(conn.c.obj)
                0x00000000080069a0                bt_conn_cb_register
 .text.bt_conn_recv
                0x00000000080069b0       0x8e zephyr/subsys/bluetooth/host/libsubsys__bluetooth__host.a(conn.c.obj)
                0x00000000080069b0                bt_conn_recv
 .text.bt_conn_send_cb
                0x0000000008006a3e       0x4c zephyr/subsys/bluetooth/host/libsubsys__bluetooth__host.a(conn.c.obj)
                0x0000000008006a3e                bt_conn_send_cb
 *fill*         0x0000000008006a8a        0x2 
 .text.bt_conn_notify_tx
                0x0000000008006a8c       0x40 zephyr/subsys/bluetooth/host/libsubsys__bluetooth__host.a(conn.c.obj)
                0x0000000008006a8c                bt_conn_notify_tx
 .text.send_frag
                0x0000000008006acc      0x118 zephyr/subsys/bluetooth/host/libsubsys__bluetooth__host.a(conn.c.obj)
 .text.conn_cleanup
                0x0000000008006be4       0x30 zephyr/subsys/bluetooth/host/libsubsys__bluetooth__host.a(conn.c.obj)
 .text.bt_conn_prepare_events
                0x0000000008006c14       0x90 zephyr/subsys/bluetooth/host/libsubsys__bluetooth__host.a(conn.c.obj)
                0x0000000008006c14                bt_conn_prepare_events
 .text.bt_conn_add_le
                0x0000000008006ca4       0x68 zephyr/subsys/bluetooth/host/libsubsys__bluetooth__host.a(conn.c.obj)
                0x0000000008006ca4                bt_conn_add_le
 .text.bt_conn_set_state
                0x0000000008006d0c      0x11c zephyr/subsys/bluetooth/host/libsubsys__bluetooth__host.a(conn.c.obj)
                0x0000000008006d0c                bt_conn_set_state
 .text.bt_conn_lookup_handle
                0x0000000008006e28       0x34 zephyr/subsys/bluetooth/host/libsubsys__bluetooth__host.a(conn.c.obj)
                0x0000000008006e28                bt_conn_lookup_handle
 .text.bt_conn_addr_le_cmp
                0x0000000008006e5c       0x30 zephyr/subsys/bluetooth/host/libsubsys__bluetooth__host.a(conn.c.obj)
                0x0000000008006e5c                bt_conn_addr_le_cmp
 .text.bt_conn_lookup_addr_le
                0x0000000008006e8c       0x34 zephyr/subsys/bluetooth/host/libsubsys__bluetooth__host.a(conn.c.obj)
                0x0000000008006e8c                bt_conn_lookup_addr_le
 .text.bt_conn_lookup_state_le
                0x0000000008006ec0       0x44 zephyr/subsys/bluetooth/host/libsubsys__bluetooth__host.a(conn.c.obj)
                0x0000000008006ec0                bt_conn_lookup_state_le
 .text.bt_conn_ref
                0x0000000008006f04        0xe zephyr/subsys/bluetooth/host/libsubsys__bluetooth__host.a(conn.c.obj)
                0x0000000008006f04                bt_conn_ref
 .text.bt_conn_unref
                0x0000000008006f12        0x6 zephyr/subsys/bluetooth/host/libsubsys__bluetooth__host.a(conn.c.obj)
                0x0000000008006f12                bt_conn_unref
 .text.bt_conn_disconnect
                0x0000000008006f18       0x6c zephyr/subsys/bluetooth/host/libsubsys__bluetooth__host.a(conn.c.obj)
                0x0000000008006f18                bt_conn_disconnect
 .text.bt_conn_le_conn_update
                0x0000000008006f84       0x4e zephyr/subsys/bluetooth/host/libsubsys__bluetooth__host.a(conn.c.obj)
                0x0000000008006f84                bt_conn_le_conn_update
 *fill*         0x0000000008006fd2        0x2 
 .text.bt_conn_le_param_update
                0x0000000008006fd4       0x6c zephyr/subsys/bluetooth/host/libsubsys__bluetooth__host.a(conn.c.obj)
                0x0000000008006fd4                bt_conn_le_param_update
 .text.le_conn_update
                0x0000000008007040       0x30 zephyr/subsys/bluetooth/host/libsubsys__bluetooth__host.a(conn.c.obj)
 .text.bt_conn_create_pdu
                0x0000000008007070       0x24 zephyr/subsys/bluetooth/host/libsubsys__bluetooth__host.a(conn.c.obj)
                0x0000000008007070                bt_conn_create_pdu
 .text.create_frag.isra.6
                0x0000000008007094       0x70 zephyr/subsys/bluetooth/host/libsubsys__bluetooth__host.a(conn.c.obj)
 .text.bt_conn_process_tx
                0x0000000008007104       0xb4 zephyr/subsys/bluetooth/host/libsubsys__bluetooth__host.a(conn.c.obj)
                0x0000000008007104                bt_conn_process_tx
 .text.bt_conn_get_id
                0x00000000080071b8       0x18 zephyr/subsys/bluetooth/host/libsubsys__bluetooth__host.a(conn.c.obj)
                0x00000000080071b8                bt_conn_get_id
 .text.bt_conn_lookup_id
                0x00000000080071d0       0x24 zephyr/subsys/bluetooth/host/libsubsys__bluetooth__host.a(conn.c.obj)
                0x00000000080071d0                bt_conn_lookup_id
 .text.bt_conn_init
                0x00000000080071f4       0x44 zephyr/subsys/bluetooth/host/libsubsys__bluetooth__host.a(conn.c.obj)
                0x00000000080071f4                bt_conn_init
 .text.l2cap_disconnected
                0x0000000008007238        0x2 zephyr/subsys/bluetooth/host/libsubsys__bluetooth__host.a(l2cap.c.obj)
 *fill*         0x000000000800723a        0x2 
 .text.l2cap_accept
                0x000000000800723c       0x1c zephyr/subsys/bluetooth/host/libsubsys__bluetooth__host.a(l2cap.c.obj)
 .text.l2cap_connected
                0x0000000008007258        0x2 zephyr/subsys/bluetooth/host/libsubsys__bluetooth__host.a(l2cap.c.obj)
 *fill*         0x000000000800725a        0x2 
 .text.bt_l2cap_le_fixed_chan_register
                0x000000000800725c       0x20 zephyr/subsys/bluetooth/host/libsubsys__bluetooth__host.a(l2cap.c.obj)
                0x000000000800725c                bt_l2cap_le_fixed_chan_register
 .text.bt_l2cap_chan_remove
                0x000000000800727c       0x44 zephyr/subsys/bluetooth/host/libsubsys__bluetooth__host.a(l2cap.c.obj)
                0x000000000800727c                bt_l2cap_chan_remove
 .text.bt_l2cap_chan_del
                0x00000000080072c0       0x22 zephyr/subsys/bluetooth/host/libsubsys__bluetooth__host.a(l2cap.c.obj)
                0x00000000080072c0                bt_l2cap_chan_del
 .text.l2cap_rtx_timeout
                0x00000000080072e2       0x1a zephyr/subsys/bluetooth/host/libsubsys__bluetooth__host.a(l2cap.c.obj)
 .text.bt_l2cap_connected
                0x00000000080072fc       0x74 zephyr/subsys/bluetooth/host/libsubsys__bluetooth__host.a(l2cap.c.obj)
                0x00000000080072fc                bt_l2cap_connected
 .text.bt_l2cap_disconnected
                0x0000000008007370       0x32 zephyr/subsys/bluetooth/host/libsubsys__bluetooth__host.a(l2cap.c.obj)
                0x0000000008007370                bt_l2cap_disconnected
 .text.bt_l2cap_create_pdu
                0x00000000080073a2        0x6 zephyr/subsys/bluetooth/host/libsubsys__bluetooth__host.a(l2cap.c.obj)
                0x00000000080073a2                bt_l2cap_create_pdu
 .text.bt_l2cap_send_cb
                0x00000000080073a8       0x2a zephyr/subsys/bluetooth/host/libsubsys__bluetooth__host.a(l2cap.c.obj)
                0x00000000080073a8                bt_l2cap_send_cb
 .text.l2cap_recv
                0x00000000080073d2       0x76 zephyr/subsys/bluetooth/host/libsubsys__bluetooth__host.a(l2cap.c.obj)
 .text.bt_l2cap_le_lookup_tx_cid
                0x0000000008007448       0x20 zephyr/subsys/bluetooth/host/libsubsys__bluetooth__host.a(l2cap.c.obj)
                0x0000000008007448                bt_l2cap_le_lookup_tx_cid
 .text.bt_l2cap_le_lookup_rx_cid
                0x0000000008007468       0x1e zephyr/subsys/bluetooth/host/libsubsys__bluetooth__host.a(l2cap.c.obj)
                0x0000000008007468                bt_l2cap_le_lookup_rx_cid
 .text.bt_l2cap_recv
                0x0000000008007486       0x3a zephyr/subsys/bluetooth/host/libsubsys__bluetooth__host.a(l2cap.c.obj)
                0x0000000008007486                bt_l2cap_recv
 .text.bt_l2cap_update_conn_param
                0x00000000080074c0       0x6c zephyr/subsys/bluetooth/host/libsubsys__bluetooth__host.a(l2cap.c.obj)
                0x00000000080074c0                bt_l2cap_update_conn_param
 .text.bt_l2cap_init
                0x000000000800752c        0xc zephyr/subsys/bluetooth/host/libsubsys__bluetooth__host.a(l2cap.c.obj)
                0x000000000800752c                bt_l2cap_init
 .text.att_exec_write_req
                0x0000000008007538        0x4 zephyr/subsys/bluetooth/host/libsubsys__bluetooth__host.a(att.c.obj)
 .text.att_op_get_type
                0x000000000800753c       0x30 zephyr/subsys/bluetooth/host/libsubsys__bluetooth__host.a(att.c.obj)
 .text.att_req_destroy
                0x000000000800756c       0x22 zephyr/subsys/bluetooth/host/libsubsys__bluetooth__host.a(att.c.obj)
 .text.att_notify
                0x000000000800758e        0xe zephyr/subsys/bluetooth/host/libsubsys__bluetooth__host.a(att.c.obj)
 .text.read_group_cb
                0x000000000800759c       0xce zephyr/subsys/bluetooth/host/libsubsys__bluetooth__host.a(att.c.obj)
 .text.find_info_cb
                0x000000000800766a       0x9a zephyr/subsys/bluetooth/host/libsubsys__bluetooth__host.a(att.c.obj)
 .text.find_type_cb
                0x0000000008007704       0xa6 zephyr/subsys/bluetooth/host/libsubsys__bluetooth__host.a(att.c.obj)
 *fill*         0x00000000080077aa        0x2 
 .text.bt_att_connected
                0x00000000080077ac       0x2c zephyr/subsys/bluetooth/host/libsubsys__bluetooth__host.a(att.c.obj)
 .text.check_perm.isra.3
                0x00000000080077d8       0x40 zephyr/subsys/bluetooth/host/libsubsys__bluetooth__host.a(att.c.obj)
 .text.read_type_cb
                0x0000000008007818       0xbc zephyr/subsys/bluetooth/host/libsubsys__bluetooth__host.a(att.c.obj)
 .text.uuid_create
                0x00000000080078d4       0x32 zephyr/subsys/bluetooth/host/libsubsys__bluetooth__host.a(att.c.obj)
 *fill*         0x0000000008007906        0x2 
 .text.att_req_sent
                0x0000000008007908       0x30 zephyr/subsys/bluetooth/host/libsubsys__bluetooth__host.a(att.c.obj)
 .text.bt_att_accept
                0x0000000008007938       0x48 zephyr/subsys/bluetooth/host/libsubsys__bluetooth__host.a(att.c.obj)
 .text.att_is_connected
                0x0000000008007980       0x22 zephyr/subsys/bluetooth/host/libsubsys__bluetooth__host.a(att.c.obj)
 .text.att_prepare_write_req
                0x00000000080079a2        0x4 zephyr/subsys/bluetooth/host/libsubsys__bluetooth__host.a(att.c.obj)
 .text.att_chan_get
                0x00000000080079a6       0x28 zephyr/subsys/bluetooth/host/libsubsys__bluetooth__host.a(att.c.obj)
 .text.att_pdu_sent
                0x00000000080079ce       0x12 zephyr/subsys/bluetooth/host/libsubsys__bluetooth__host.a(att.c.obj)
 .text.att_cfm_sent
                0x00000000080079e0       0x2e zephyr/subsys/bluetooth/host/libsubsys__bluetooth__host.a(att.c.obj)
 .text.att_rsp_sent
                0x0000000008007a0e       0x2e zephyr/subsys/bluetooth/host/libsubsys__bluetooth__host.a(att.c.obj)
 .text.write_cb
                0x0000000008007a3c       0x56 zephyr/subsys/bluetooth/host/libsubsys__bluetooth__host.a(att.c.obj)
 *fill*         0x0000000008007a92        0x2 
 .text.att_send_req
                0x0000000008007a94       0x78 zephyr/subsys/bluetooth/host/libsubsys__bluetooth__host.a(att.c.obj)
 .text.att_handle_rsp
                0x0000000008007b0c       0x76 zephyr/subsys/bluetooth/host/libsubsys__bluetooth__host.a(att.c.obj)
 .text.att_confirm
                0x0000000008007b82        0xa zephyr/subsys/bluetooth/host/libsubsys__bluetooth__host.a(att.c.obj)
 .text.att_handle_exec_write_rsp
                0x0000000008007b8c        0x4 zephyr/subsys/bluetooth/host/libsubsys__bluetooth__host.a(att.c.obj)
 .text.att_handle_prepare_write_rsp
                0x0000000008007b90        0x4 zephyr/subsys/bluetooth/host/libsubsys__bluetooth__host.a(att.c.obj)
 .text.att_handle_write_rsp
                0x0000000008007b94        0x4 zephyr/subsys/bluetooth/host/libsubsys__bluetooth__host.a(att.c.obj)
 .text.att_handle_read_mult_rsp
                0x0000000008007b98        0x4 zephyr/subsys/bluetooth/host/libsubsys__bluetooth__host.a(att.c.obj)
 .text.att_handle_read_blob_rsp
                0x0000000008007b9c        0x4 zephyr/subsys/bluetooth/host/libsubsys__bluetooth__host.a(att.c.obj)
 .text.att_handle_read_rsp
                0x0000000008007ba0        0x4 zephyr/subsys/bluetooth/host/libsubsys__bluetooth__host.a(att.c.obj)
 .text.att_handle_read_type_rsp
                0x0000000008007ba4        0x4 zephyr/subsys/bluetooth/host/libsubsys__bluetooth__host.a(att.c.obj)
 .text.att_handle_find_type_rsp
                0x0000000008007ba8        0x4 zephyr/subsys/bluetooth/host/libsubsys__bluetooth__host.a(att.c.obj)
 .text.att_handle_find_info_rsp
                0x0000000008007bac        0x4 zephyr/subsys/bluetooth/host/libsubsys__bluetooth__host.a(att.c.obj)
 .text.att_mtu_rsp
                0x0000000008007bb0       0x30 zephyr/subsys/bluetooth/host/libsubsys__bluetooth__host.a(att.c.obj)
 .text.att_error_rsp
                0x0000000008007be0       0x2c zephyr/subsys/bluetooth/host/libsubsys__bluetooth__host.a(att.c.obj)
 .text.att_reset
                0x0000000008007c0c       0x7c zephyr/subsys/bluetooth/host/libsubsys__bluetooth__host.a(att.c.obj)
 .text.bt_att_disconnected
                0x0000000008007c88       0x1c zephyr/subsys/bluetooth/host/libsubsys__bluetooth__host.a(att.c.obj)
 .text.att_timeout
                0x0000000008007ca4       0x1a zephyr/subsys/bluetooth/host/libsubsys__bluetooth__host.a(att.c.obj)
 .text.read_cb  0x0000000008007cbe       0x76 zephyr/subsys/bluetooth/host/libsubsys__bluetooth__host.a(att.c.obj)
 .text.bt_att_create_pdu
                0x0000000008007d34       0x32 zephyr/subsys/bluetooth/host/libsubsys__bluetooth__host.a(att.c.obj)
                0x0000000008007d34                bt_att_create_pdu
 *fill*         0x0000000008007d66        0x2 
 .text.att_indicate
                0x0000000008007d68       0x2c zephyr/subsys/bluetooth/host/libsubsys__bluetooth__host.a(att.c.obj)
 .text.att_mtu_req
                0x0000000008007d94       0x60 zephyr/subsys/bluetooth/host/libsubsys__bluetooth__host.a(att.c.obj)
 .text.send_err_rsp.part.9
                0x0000000008007df4       0x44 zephyr/subsys/bluetooth/host/libsubsys__bluetooth__host.a(att.c.obj)
 .text.bt_att_recv
                0x0000000008007e38       0xd4 zephyr/subsys/bluetooth/host/libsubsys__bluetooth__host.a(att.c.obj)
 .text.att_read_group_req
                0x0000000008007f0c      0x108 zephyr/subsys/bluetooth/host/libsubsys__bluetooth__host.a(att.c.obj)
 .text.att_read_mult_req
                0x0000000008008014       0x8c zephyr/subsys/bluetooth/host/libsubsys__bluetooth__host.a(att.c.obj)
 .text.att_read_rsp
                0x00000000080080a0       0x8c zephyr/subsys/bluetooth/host/libsubsys__bluetooth__host.a(att.c.obj)
 .text.att_read_blob_req
                0x000000000800812c       0x18 zephyr/subsys/bluetooth/host/libsubsys__bluetooth__host.a(att.c.obj)
 .text.att_read_req
                0x0000000008008144       0x18 zephyr/subsys/bluetooth/host/libsubsys__bluetooth__host.a(att.c.obj)
 .text.att_read_type_req
                0x000000000800815c       0xd4 zephyr/subsys/bluetooth/host/libsubsys__bluetooth__host.a(att.c.obj)
 .text.att_find_type_req
                0x0000000008008230       0xc4 zephyr/subsys/bluetooth/host/libsubsys__bluetooth__host.a(att.c.obj)
 .text.att_find_info_req
                0x00000000080082f4       0x78 zephyr/subsys/bluetooth/host/libsubsys__bluetooth__host.a(att.c.obj)
 .text.att_write_rsp.part.10.constprop.14
                0x000000000800836c       0xac zephyr/subsys/bluetooth/host/libsubsys__bluetooth__host.a(att.c.obj)
 .text.att_signed_write_cmd
                0x0000000008008418       0x62 zephyr/subsys/bluetooth/host/libsubsys__bluetooth__host.a(att.c.obj)
 .text.att_write_cmd
                0x000000000800847a       0x2c zephyr/subsys/bluetooth/host/libsubsys__bluetooth__host.a(att.c.obj)
 .text.att_write_req
                0x00000000080084a6       0x2c zephyr/subsys/bluetooth/host/libsubsys__bluetooth__host.a(att.c.obj)
 *fill*         0x00000000080084d2        0x2 
 .text.bt_att_init
                0x00000000080084d4       0x14 zephyr/subsys/bluetooth/host/libsubsys__bluetooth__host.a(att.c.obj)
                0x00000000080084d4                bt_att_init
 .text.bt_att_get_mtu
                0x00000000080084e8        0xe zephyr/subsys/bluetooth/host/libsubsys__bluetooth__host.a(att.c.obj)
                0x00000000080084e8                bt_att_get_mtu
 .text.bt_att_req_send
                0x00000000080084f6       0x4a zephyr/subsys/bluetooth/host/libsubsys__bluetooth__host.a(att.c.obj)
                0x00000000080084f6                bt_att_req_send
 .text.sc_ccc_cfg_changed
                0x0000000008008540        0x2 zephyr/subsys/bluetooth/host/libsubsys__bluetooth__host.a(gatt.c.obj)
 .text.find_next
                0x0000000008008542        0x6 zephyr/subsys/bluetooth/host/libsubsys__bluetooth__host.a(gatt.c.obj)
 .text.gatt_ccc_changed
                0x0000000008008548       0x32 zephyr/subsys/bluetooth/host/libsubsys__bluetooth__host.a(gatt.c.obj)
 .text.gatt_indicate_rsp
                0x000000000800857a       0x10 zephyr/subsys/bluetooth/host/libsubsys__bluetooth__host.a(gatt.c.obj)
 .text.bt_gatt_attr_write_ccc
                0x000000000800858a       0xbc zephyr/subsys/bluetooth/host/libsubsys__bluetooth__host.a(gatt.c.obj)
                0x000000000800858a                bt_gatt_attr_write_ccc
 .text.gatt_notify
                0x0000000008008646       0x56 zephyr/subsys/bluetooth/host/libsubsys__bluetooth__host.a(gatt.c.obj)
 .text.gatt_indicate
                0x000000000800869c       0x6c zephyr/subsys/bluetooth/host/libsubsys__bluetooth__host.a(gatt.c.obj)
 .text.gatt_register
                0x0000000008008708       0x6c zephyr/subsys/bluetooth/host/libsubsys__bluetooth__host.a(gatt.c.obj)
 .text.sc_indicate.constprop.17
                0x0000000008008774       0x6c zephyr/subsys/bluetooth/host/libsubsys__bluetooth__host.a(gatt.c.obj)
 .text.connected_cb
                0x00000000080087e0       0x70 zephyr/subsys/bluetooth/host/libsubsys__bluetooth__host.a(gatt.c.obj)
 .text.sc_indicate_rsp
                0x0000000008008850       0x40 zephyr/subsys/bluetooth/host/libsubsys__bluetooth__host.a(gatt.c.obj)
 .text.read_appearance
                0x0000000008008890       0x36 zephyr/subsys/bluetooth/host/libsubsys__bluetooth__host.a(gatt.c.obj)
 *fill*         0x00000000080088c6        0x2 
 .text.disconnected_cb
                0x00000000080088c8       0x9c zephyr/subsys/bluetooth/host/libsubsys__bluetooth__host.a(gatt.c.obj)
 .text.read_name
                0x0000000008008964       0x40 zephyr/subsys/bluetooth/host/libsubsys__bluetooth__host.a(gatt.c.obj)
 .text.bt_gatt_attr_read_ccc
                0x00000000080089a4       0x6e zephyr/subsys/bluetooth/host/libsubsys__bluetooth__host.a(gatt.c.obj)
                0x00000000080089a4                bt_gatt_attr_read_ccc
 .text.bt_gatt_attr_read_service
                0x0000000008008a12       0x52 zephyr/subsys/bluetooth/host/libsubsys__bluetooth__host.a(gatt.c.obj)
                0x0000000008008a12                bt_gatt_attr_read_service
 .text.notify_cb
                0x0000000008008a64       0xfc zephyr/subsys/bluetooth/host/libsubsys__bluetooth__host.a(gatt.c.obj)
 .text.bt_gatt_init
                0x0000000008008b60       0x2c zephyr/subsys/bluetooth/host/libsubsys__bluetooth__host.a(gatt.c.obj)
                0x0000000008008b60                bt_gatt_init
 .text.bt_gatt_service_register
                0x0000000008008b8c       0x62 zephyr/subsys/bluetooth/host/libsubsys__bluetooth__host.a(gatt.c.obj)
                0x0000000008008b8c                bt_gatt_service_register
 *fill*         0x0000000008008bee        0x2 
 .text.bt_gatt_service_unregister
                0x0000000008008bf0       0x58 zephyr/subsys/bluetooth/host/libsubsys__bluetooth__host.a(gatt.c.obj)
                0x0000000008008bf0                bt_gatt_service_unregister
 .text.bt_gatt_attr_read
                0x0000000008008c48       0x2e zephyr/subsys/bluetooth/host/libsubsys__bluetooth__host.a(gatt.c.obj)
                0x0000000008008c48                bt_gatt_attr_read
 *fill*         0x0000000008008c76        0x2 
 .text.bt_gatt_foreach_attr
                0x0000000008008c78       0x54 zephyr/subsys/bluetooth/host/libsubsys__bluetooth__host.a(gatt.c.obj)
                0x0000000008008c78                bt_gatt_foreach_attr
 .text.bt_gatt_indicate.part.8
                0x0000000008008ccc       0x2c zephyr/subsys/bluetooth/host/libsubsys__bluetooth__host.a(gatt.c.obj)
 .text.sc_process
                0x0000000008008cf8       0x80 zephyr/subsys/bluetooth/host/libsubsys__bluetooth__host.a(gatt.c.obj)
 .text.bt_gatt_attr_next
                0x0000000008008d78       0x24 zephyr/subsys/bluetooth/host/libsubsys__bluetooth__host.a(gatt.c.obj)
                0x0000000008008d78                bt_gatt_attr_next
 .text.bt_gatt_attr_read_chrc
                0x0000000008008d9c       0x70 zephyr/subsys/bluetooth/host/libsubsys__bluetooth__host.a(gatt.c.obj)
                0x0000000008008d9c                bt_gatt_attr_read_chrc
 .text.bt_gatt_notify
                0x0000000008008e0c       0x40 zephyr/subsys/bluetooth/host/libsubsys__bluetooth__host.a(gatt.c.obj)
                0x0000000008008e0c                bt_gatt_notify
 .text.bt_gatt_get_mtu
                0x0000000008008e4c        0x4 zephyr/subsys/bluetooth/host/libsubsys__bluetooth__host.a(gatt.c.obj)
                0x0000000008008e4c                bt_gatt_get_mtu
 .text.bt_gatt_connected
                0x0000000008008e50       0x14 zephyr/subsys/bluetooth/host/libsubsys__bluetooth__host.a(gatt.c.obj)
                0x0000000008008e50                bt_gatt_connected
 .text.bt_gatt_disconnected
                0x0000000008008e64       0x14 zephyr/subsys/bluetooth/host/libsubsys__bluetooth__host.a(gatt.c.obj)
                0x0000000008008e64                bt_gatt_disconnected
 .text.bt_smp_accept
                0x0000000008008e78       0x1c zephyr/subsys/bluetooth/host/libsubsys__bluetooth__host.a(smp_null.c.obj)
 .text.bt_smp_recv
                0x0000000008008e94       0x3a zephyr/subsys/bluetooth/host/libsubsys__bluetooth__host.a(smp_null.c.obj)
 .text.bt_smp_sign_verify
                0x0000000008008ece        0x6 zephyr/subsys/bluetooth/host/libsubsys__bluetooth__host.a(smp_null.c.obj)
                0x0000000008008ece                bt_smp_sign_verify
 .text.bt_smp_init
                0x0000000008008ed4       0x10 zephyr/subsys/bluetooth/host/libsubsys__bluetooth__host.a(smp_null.c.obj)
                0x0000000008008ed4                bt_smp_init
 .text.bt_mesh_provision
                0x0000000008008ee4       0x90 zephyr/subsys/bluetooth/host/mesh/libsubsys__bluetooth__host__mesh.a(main.c.obj)
                0x0000000008008ee4                bt_mesh_provision
 .text.bt_mesh_reset
                0x0000000008008f74       0x84 zephyr/subsys/bluetooth/host/mesh/libsubsys__bluetooth__host__mesh.a(main.c.obj)
                0x0000000008008f74                bt_mesh_reset
 .text.bt_mesh_is_provisioned
                0x0000000008008ff8        0xc zephyr/subsys/bluetooth/host/mesh/libsubsys__bluetooth__host__mesh.a(main.c.obj)
                0x0000000008008ff8                bt_mesh_is_provisioned
 .text.bt_mesh_prov_enable
                0x0000000008009004       0x34 zephyr/subsys/bluetooth/host/mesh/libsubsys__bluetooth__host__mesh.a(main.c.obj)
                0x0000000008009004                bt_mesh_prov_enable
 .text.bt_mesh_init
                0x0000000008009038       0x30 zephyr/subsys/bluetooth/host/mesh/libsubsys__bluetooth__host__mesh.a(main.c.obj)
                0x0000000008009038                bt_mesh_init
 .text.adv_alloc
                0x0000000008009068       0x10 zephyr/subsys/bluetooth/host/mesh/libsubsys__bluetooth__host__mesh.a(adv.c.obj)
 .text.bt_mesh_scan_cb
                0x0000000008009078       0x82 zephyr/subsys/bluetooth/host/mesh/libsubsys__bluetooth__host__mesh.a(adv.c.obj)
 *fill*         0x00000000080090fa        0x2 
 .text.adv_thread
                0x00000000080090fc      0x110 zephyr/subsys/bluetooth/host/mesh/libsubsys__bluetooth__host__mesh.a(adv.c.obj)
 .text.bt_mesh_adv_update
                0x000000000800920c        0xc zephyr/subsys/bluetooth/host/mesh/libsubsys__bluetooth__host__mesh.a(adv.c.obj)
                0x000000000800920c                bt_mesh_adv_update
 .text.bt_mesh_adv_create_from_pool
                0x0000000008009218       0x4a zephyr/subsys/bluetooth/host/mesh/libsubsys__bluetooth__host__mesh.a(adv.c.obj)
                0x0000000008009218                bt_mesh_adv_create_from_pool
 *fill*         0x0000000008009262        0x2 
 .text.bt_mesh_adv_create
                0x0000000008009264       0x20 zephyr/subsys/bluetooth/host/mesh/libsubsys__bluetooth__host__mesh.a(adv.c.obj)
                0x0000000008009264                bt_mesh_adv_create
 .text.bt_mesh_adv_send
                0x0000000008009284       0x30 zephyr/subsys/bluetooth/host/mesh/libsubsys__bluetooth__host__mesh.a(adv.c.obj)
                0x0000000008009284                bt_mesh_adv_send
 .text.bt_mesh_adv_init
                0x00000000080092b4       0x34 zephyr/subsys/bluetooth/host/mesh/libsubsys__bluetooth__host__mesh.a(adv.c.obj)
                0x00000000080092b4                bt_mesh_adv_init
 .text.bt_mesh_scan_enable
                0x00000000080092e8       0x24 zephyr/subsys/bluetooth/host/mesh/libsubsys__bluetooth__host__mesh.a(adv.c.obj)
                0x00000000080092e8                bt_mesh_scan_enable
 .text.bt_mesh_scan_disable
                0x000000000800930c        0x4 zephyr/subsys/bluetooth/host/mesh/libsubsys__bluetooth__host__mesh.a(adv.c.obj)
                0x000000000800930c                bt_mesh_scan_disable
 .text.beacon_complete
                0x0000000008009310        0xc zephyr/subsys/bluetooth/host/mesh/libsubsys__bluetooth__host__mesh.a(beacon.c.obj)
 .text.bt_mesh_beacon_ivu_initiator.part.1
                0x000000000800931c       0x18 zephyr/subsys/bluetooth/host/mesh/libsubsys__bluetooth__host__mesh.a(beacon.c.obj)
 .text.k_work_submit_to_queue.constprop.4
                0x0000000008009334       0x30 zephyr/subsys/bluetooth/host/mesh/libsubsys__bluetooth__host__mesh.a(beacon.c.obj)
 .text.bt_mesh_beacon_create
                0x0000000008009364       0x54 zephyr/subsys/bluetooth/host/mesh/libsubsys__bluetooth__host__mesh.a(beacon.c.obj)
                0x0000000008009364                bt_mesh_beacon_create
 .text.beacon_send
                0x00000000080093b8      0x158 zephyr/subsys/bluetooth/host/mesh/libsubsys__bluetooth__host__mesh.a(beacon.c.obj)
 .text.bt_mesh_beacon_recv
                0x0000000008009510      0x130 zephyr/subsys/bluetooth/host/mesh/libsubsys__bluetooth__host__mesh.a(beacon.c.obj)
                0x0000000008009510                bt_mesh_beacon_recv
 .text.bt_mesh_beacon_init
                0x0000000008009640       0x10 zephyr/subsys/bluetooth/host/mesh/libsubsys__bluetooth__host__mesh.a(beacon.c.obj)
                0x0000000008009640                bt_mesh_beacon_init
 .text.bt_mesh_beacon_ivu_initiator
                0x0000000008009650       0x18 zephyr/subsys/bluetooth/host/mesh/libsubsys__bluetooth__host__mesh.a(beacon.c.obj)
                0x0000000008009650                bt_mesh_beacon_ivu_initiator
 .text.bt_mesh_beacon_enable
                0x0000000008009668       0x54 zephyr/subsys/bluetooth/host/mesh/libsubsys__bluetooth__host__mesh.a(beacon.c.obj)
                0x0000000008009668                bt_mesh_beacon_enable
 .text.bt_mesh_beacon_disable
                0x00000000080096bc       0x18 zephyr/subsys/bluetooth/host/mesh/libsubsys__bluetooth__host__mesh.a(beacon.c.obj)
                0x00000000080096bc                bt_mesh_beacon_disable
 .text.auth_match
                0x00000000080096d4       0x46 zephyr/subsys/bluetooth/host/mesh/libsubsys__bluetooth__host__mesh.a(net.c.obj)
 *fill*         0x000000000800971a        0x2 
 .text.net_decrypt.isra.2
                0x000000000800971c      0x11c zephyr/subsys/bluetooth/host/mesh/libsubsys__bluetooth__host__mesh.a(net.c.obj)
 .text.bt_mesh_subnet_get
                0x0000000008009838       0x3c zephyr/subsys/bluetooth/host/mesh/libsubsys__bluetooth__host__mesh.a(net.c.obj)
                0x0000000008009838                bt_mesh_subnet_get
 .text.bt_mesh_net_keys_create
                0x0000000008009874       0x6c zephyr/subsys/bluetooth/host/mesh/libsubsys__bluetooth__host__mesh.a(net.c.obj)
                0x0000000008009874                bt_mesh_net_keys_create
 .text.friend_cred_set
                0x00000000080098e0       0x68 zephyr/subsys/bluetooth/host/mesh/libsubsys__bluetooth__host__mesh.a(net.c.obj)
                0x00000000080098e0                friend_cred_set
 .text.friend_cred_refresh
                0x0000000008009948       0x48 zephyr/subsys/bluetooth/host/mesh/libsubsys__bluetooth__host__mesh.a(net.c.obj)
                0x0000000008009948                friend_cred_refresh
 .text.friend_cred_update
                0x0000000008009990       0x4c zephyr/subsys/bluetooth/host/mesh/libsubsys__bluetooth__host__mesh.a(net.c.obj)
                0x0000000008009990                friend_cred_update
 .text.friend_cred_clear
                0x00000000080099dc       0x16 zephyr/subsys/bluetooth/host/mesh/libsubsys__bluetooth__host__mesh.a(net.c.obj)
                0x00000000080099dc                friend_cred_clear
 *fill*         0x00000000080099f2        0x2 
 .text.friend_cred_create
                0x00000000080099f4       0x78 zephyr/subsys/bluetooth/host/mesh/libsubsys__bluetooth__host__mesh.a(net.c.obj)
                0x00000000080099f4                friend_cred_create
 .text.friend_cred_del
                0x0000000008009a6c       0x40 zephyr/subsys/bluetooth/host/mesh/libsubsys__bluetooth__host__mesh.a(net.c.obj)
                0x0000000008009a6c                friend_cred_del
 .text.friend_cred_get
                0x0000000008009aac       0x78 zephyr/subsys/bluetooth/host/mesh/libsubsys__bluetooth__host__mesh.a(net.c.obj)
                0x0000000008009aac                friend_cred_get
 .text.bt_mesh_net_flags
                0x0000000008009b24       0x18 zephyr/subsys/bluetooth/host/mesh/libsubsys__bluetooth__host__mesh.a(net.c.obj)
                0x0000000008009b24                bt_mesh_net_flags
 .text.bt_mesh_net_beacon_update
                0x0000000008009b3c       0x34 zephyr/subsys/bluetooth/host/mesh/libsubsys__bluetooth__host__mesh.a(net.c.obj)
                0x0000000008009b3c                bt_mesh_net_beacon_update
 .text.bt_mesh_net_create
                0x0000000008009b70       0xa8 zephyr/subsys/bluetooth/host/mesh/libsubsys__bluetooth__host__mesh.a(net.c.obj)
                0x0000000008009b70                bt_mesh_net_create
 .text.bt_mesh_net_revoke_keys
                0x0000000008009c18       0x64 zephyr/subsys/bluetooth/host/mesh/libsubsys__bluetooth__host__mesh.a(net.c.obj)
                0x0000000008009c18                bt_mesh_net_revoke_keys
 .text.bt_mesh_kr_update
                0x0000000008009c7c       0x4a zephyr/subsys/bluetooth/host/mesh/libsubsys__bluetooth__host__mesh.a(net.c.obj)
                0x0000000008009c7c                bt_mesh_kr_update
 *fill*         0x0000000008009cc6        0x2 
 .text.bt_mesh_rpl_reset
                0x0000000008009cc8       0x30 zephyr/subsys/bluetooth/host/mesh/libsubsys__bluetooth__host__mesh.a(net.c.obj)
                0x0000000008009cc8                bt_mesh_rpl_reset
 .text.bt_mesh_net_sec_update
                0x0000000008009cf8       0x26 zephyr/subsys/bluetooth/host/mesh/libsubsys__bluetooth__host__mesh.a(net.c.obj)
                0x0000000008009cf8                bt_mesh_net_sec_update
 *fill*         0x0000000008009d1e        0x2 
 .text.bt_mesh_net_iv_update
                0x0000000008009d20      0x100 zephyr/subsys/bluetooth/host/mesh/libsubsys__bluetooth__host__mesh.a(net.c.obj)
                0x0000000008009d20                bt_mesh_net_iv_update
 .text.ivu_complete
                0x0000000008009e20       0x1c zephyr/subsys/bluetooth/host/mesh/libsubsys__bluetooth__host__mesh.a(net.c.obj)
 .text.bt_mesh_net_resend
                0x0000000008009e3c       0xe0 zephyr/subsys/bluetooth/host/mesh/libsubsys__bluetooth__host__mesh.a(net.c.obj)
                0x0000000008009e3c                bt_mesh_net_resend
 .text.bt_mesh_net_encode
                0x0000000008009f1c       0xf4 zephyr/subsys/bluetooth/host/mesh/libsubsys__bluetooth__host__mesh.a(net.c.obj)
                0x0000000008009f1c                bt_mesh_net_encode
 .text.bt_mesh_net_send
                0x000000000800a010       0xfc zephyr/subsys/bluetooth/host/mesh/libsubsys__bluetooth__host__mesh.a(net.c.obj)
                0x000000000800a010                bt_mesh_net_send
 .text.bt_mesh_subnet_find
                0x000000000800a10c       0xb8 zephyr/subsys/bluetooth/host/mesh/libsubsys__bluetooth__host__mesh.a(net.c.obj)
                0x000000000800a10c                bt_mesh_subnet_find
 .text.bt_mesh_net_decode
                0x000000000800a1c4      0x278 zephyr/subsys/bluetooth/host/mesh/libsubsys__bluetooth__host__mesh.a(net.c.obj)
                0x000000000800a1c4                bt_mesh_net_decode
 .text.bt_mesh_net_recv
                0x000000000800a43c      0x21c zephyr/subsys/bluetooth/host/mesh/libsubsys__bluetooth__host__mesh.a(net.c.obj)
                0x000000000800a43c                bt_mesh_net_recv
 .text.bt_mesh_net_local
                0x000000000800a658       0x28 zephyr/subsys/bluetooth/host/mesh/libsubsys__bluetooth__host__mesh.a(net.c.obj)
 .text.bt_mesh_net_init
                0x000000000800a680       0x3c zephyr/subsys/bluetooth/host/mesh/libsubsys__bluetooth__host__mesh.a(net.c.obj)
                0x000000000800a680                bt_mesh_net_init
 .text.seg_send_start
                0x000000000800a6bc        0xe zephyr/subsys/bluetooth/host/mesh/libsubsys__bluetooth__host__mesh.a(transport.c.obj)
 *fill*         0x000000000800a6ca        0x2 
 .text.is_replay
                0x000000000800a6cc       0x74 zephyr/subsys/bluetooth/host/mesh/libsubsys__bluetooth__host__mesh.a(transport.c.obj)
 .text.send_unseg
                0x000000000800a740       0x9a zephyr/subsys/bluetooth/host/mesh/libsubsys__bluetooth__host__mesh.a(transport.c.obj)
 *fill*         0x000000000800a7da        0x2 
 .text.sdu_recv
                0x000000000800a7dc      0x150 zephyr/subsys/bluetooth/host/mesh/libsubsys__bluetooth__host__mesh.a(transport.c.obj)
 .text.seg_rx_reset
                0x000000000800a92c       0x42 zephyr/subsys/bluetooth/host/mesh/libsubsys__bluetooth__host__mesh.a(transport.c.obj)
 *fill*         0x000000000800a96e        0x2 
 .text.seg_tx_reset
                0x000000000800a970       0x74 zephyr/subsys/bluetooth/host/mesh/libsubsys__bluetooth__host__mesh.a(transport.c.obj)
 .text.send_seg
                0x000000000800a9e4      0x1f0 zephyr/subsys/bluetooth/host/mesh/libsubsys__bluetooth__host__mesh.a(transport.c.obj)
 .text.seg_tx_complete
                0x000000000800abd4       0x1c zephyr/subsys/bluetooth/host/mesh/libsubsys__bluetooth__host__mesh.a(transport.c.obj)
 .text.seg_tx_send_unacked
                0x000000000800abf0       0x6c zephyr/subsys/bluetooth/host/mesh/libsubsys__bluetooth__host__mesh.a(transport.c.obj)
 .text.ctl_recv
                0x000000000800ac5c      0x1e0 zephyr/subsys/bluetooth/host/mesh/libsubsys__bluetooth__host__mesh.a(transport.c.obj)
 .text.seg_retransmit
                0x000000000800ae3c        0x6 zephyr/subsys/bluetooth/host/mesh/libsubsys__bluetooth__host__mesh.a(transport.c.obj)
 *fill*         0x000000000800ae42        0x2 
 .text.seg_sent
                0x000000000800ae44       0x10 zephyr/subsys/bluetooth/host/mesh/libsubsys__bluetooth__host__mesh.a(transport.c.obj)
 .text.bt_mesh_set_hb_sub_dst
                0x000000000800ae54        0xc zephyr/subsys/bluetooth/host/mesh/libsubsys__bluetooth__host__mesh.a(transport.c.obj)
                0x000000000800ae54                bt_mesh_set_hb_sub_dst
 .text.bt_mesh_tx_in_progress
                0x000000000800ae60       0x14 zephyr/subsys/bluetooth/host/mesh/libsubsys__bluetooth__host__mesh.a(transport.c.obj)
                0x000000000800ae60                bt_mesh_tx_in_progress
 .text.bt_mesh_app_key_find
                0x000000000800ae74       0x48 zephyr/subsys/bluetooth/host/mesh/libsubsys__bluetooth__host__mesh.a(transport.c.obj)
                0x000000000800ae74                bt_mesh_app_key_find
 .text.bt_mesh_trans_send
                0x000000000800aebc      0x12c zephyr/subsys/bluetooth/host/mesh/libsubsys__bluetooth__host__mesh.a(transport.c.obj)
                0x000000000800aebc                bt_mesh_trans_send
 .text.bt_mesh_ctl_send
                0x000000000800afe8       0x90 zephyr/subsys/bluetooth/host/mesh/libsubsys__bluetooth__host__mesh.a(transport.c.obj)
                0x000000000800afe8                bt_mesh_ctl_send
 .text.send_ack
                0x000000000800b078       0x9c zephyr/subsys/bluetooth/host/mesh/libsubsys__bluetooth__host__mesh.a(transport.c.obj)
 .text.seg_ack  0x000000000800b114       0xa0 zephyr/subsys/bluetooth/host/mesh/libsubsys__bluetooth__host__mesh.a(transport.c.obj)
 .text.bt_mesh_trans_recv
                0x000000000800b1b4      0x410 zephyr/subsys/bluetooth/host/mesh/libsubsys__bluetooth__host__mesh.a(transport.c.obj)
                0x000000000800b1b4                bt_mesh_trans_recv
 .text.bt_mesh_rx_reset
                0x000000000800b5c4       0x18 zephyr/subsys/bluetooth/host/mesh/libsubsys__bluetooth__host__mesh.a(transport.c.obj)
                0x000000000800b5c4                bt_mesh_rx_reset
 .text.bt_mesh_tx_reset
                0x000000000800b5dc        0xc zephyr/subsys/bluetooth/host/mesh/libsubsys__bluetooth__host__mesh.a(transport.c.obj)
                0x000000000800b5dc                bt_mesh_tx_reset
 .text.bt_mesh_trans_init
                0x000000000800b5e8       0x28 zephyr/subsys/bluetooth/host/mesh/libsubsys__bluetooth__host__mesh.a(transport.c.obj)
                0x000000000800b5e8                bt_mesh_trans_init
 .text.sys_put_be32
                0x000000000800b610       0x12 zephyr/subsys/bluetooth/host/mesh/libsubsys__bluetooth__host__mesh.a(crypto.c.obj)
 .text.bt_mesh_ccm_encrypt
                0x000000000800b622      0x28a zephyr/subsys/bluetooth/host/mesh/libsubsys__bluetooth__host__mesh.a(crypto.c.obj)
 .text.bt_mesh_ccm_decrypt
                0x000000000800b8ac      0x2a2 zephyr/subsys/bluetooth/host/mesh/libsubsys__bluetooth__host__mesh.a(crypto.c.obj)
 .text.bt_mesh_aes_cmac
                0x000000000800bb4e       0x44 zephyr/subsys/bluetooth/host/mesh/libsubsys__bluetooth__host__mesh.a(crypto.c.obj)
                0x000000000800bb4e                bt_mesh_aes_cmac
 .text.bt_mesh_aes_cmac_one
                0x000000000800bb92       0x14 zephyr/subsys/bluetooth/host/mesh/libsubsys__bluetooth__host__mesh.a(crypto.c.obj)
 .text.bt_mesh_s1
                0x000000000800bba6       0x2e zephyr/subsys/bluetooth/host/mesh/libsubsys__bluetooth__host__mesh.a(crypto.c.obj)
 .text.bt_mesh_k1
                0x000000000800bbd4       0x30 zephyr/subsys/bluetooth/host/mesh/libsubsys__bluetooth__host__mesh.a(crypto.c.obj)
                0x000000000800bbd4                bt_mesh_k1
 .text.bt_mesh_k2
                0x000000000800bc04       0xb0 zephyr/subsys/bluetooth/host/mesh/libsubsys__bluetooth__host__mesh.a(crypto.c.obj)
                0x000000000800bc04                bt_mesh_k2
 .text.bt_mesh_k3
                0x000000000800bcb4       0x5c zephyr/subsys/bluetooth/host/mesh/libsubsys__bluetooth__host__mesh.a(crypto.c.obj)
                0x000000000800bcb4                bt_mesh_k3
 .text.bt_mesh_k4
                0x000000000800bd10       0x50 zephyr/subsys/bluetooth/host/mesh/libsubsys__bluetooth__host__mesh.a(crypto.c.obj)
                0x000000000800bd10                bt_mesh_k4
 .text.bt_mesh_id128
                0x000000000800bd60       0x2c zephyr/subsys/bluetooth/host/mesh/libsubsys__bluetooth__host__mesh.a(crypto.c.obj)
                0x000000000800bd60                bt_mesh_id128
 .text.bt_mesh_net_obfuscate
                0x000000000800bd8c       0x50 zephyr/subsys/bluetooth/host/mesh/libsubsys__bluetooth__host__mesh.a(crypto.c.obj)
                0x000000000800bd8c                bt_mesh_net_obfuscate
 .text.bt_mesh_net_encrypt
                0x000000000800bddc       0x96 zephyr/subsys/bluetooth/host/mesh/libsubsys__bluetooth__host__mesh.a(crypto.c.obj)
                0x000000000800bddc                bt_mesh_net_encrypt
 .text.bt_mesh_net_decrypt
                0x000000000800be72       0x8e zephyr/subsys/bluetooth/host/mesh/libsubsys__bluetooth__host__mesh.a(crypto.c.obj)
                0x000000000800be72                bt_mesh_net_decrypt
 .text.bt_mesh_app_encrypt
                0x000000000800bf00       0x8a zephyr/subsys/bluetooth/host/mesh/libsubsys__bluetooth__host__mesh.a(crypto.c.obj)
                0x000000000800bf00                bt_mesh_app_encrypt
 .text.bt_mesh_app_decrypt
                0x000000000800bf8a       0x90 zephyr/subsys/bluetooth/host/mesh/libsubsys__bluetooth__host__mesh.a(crypto.c.obj)
                0x000000000800bf8a                bt_mesh_app_decrypt
 *fill*         0x000000000800c01a        0x2 
 .text.bt_mesh_fcs_calc
                0x000000000800c01c       0x20 zephyr/subsys/bluetooth/host/mesh/libsubsys__bluetooth__host__mesh.a(crypto.c.obj)
                0x000000000800c01c                bt_mesh_fcs_calc
 .text.bt_mesh_fcs_check
                0x000000000800c03c       0x2c zephyr/subsys/bluetooth/host/mesh/libsubsys__bluetooth__host__mesh.a(crypto.c.obj)
                0x000000000800c03c                bt_mesh_fcs_check
 .text.bt_mesh_virtual_addr
                0x000000000800c068       0x48 zephyr/subsys/bluetooth/host/mesh/libsubsys__bluetooth__host__mesh.a(crypto.c.obj)
                0x000000000800c068                bt_mesh_virtual_addr
 .text.bt_mesh_prov_conf_salt
                0x000000000800c0b0       0x22 zephyr/subsys/bluetooth/host/mesh/libsubsys__bluetooth__host__mesh.a(crypto.c.obj)
                0x000000000800c0b0                bt_mesh_prov_conf_salt
 *fill*         0x000000000800c0d2        0x2 
 .text.bt_mesh_prov_conf_key
                0x000000000800c0d4       0x18 zephyr/subsys/bluetooth/host/mesh/libsubsys__bluetooth__host__mesh.a(crypto.c.obj)
                0x000000000800c0d4                bt_mesh_prov_conf_key
 .text.bt_mesh_prov_conf
                0x000000000800c0ec       0x1a zephyr/subsys/bluetooth/host/mesh/libsubsys__bluetooth__host__mesh.a(crypto.c.obj)
                0x000000000800c0ec                bt_mesh_prov_conf
 .text.bt_mesh_prov_decrypt
                0x000000000800c106       0x18 zephyr/subsys/bluetooth/host/mesh/libsubsys__bluetooth__host__mesh.a(crypto.c.obj)
                0x000000000800c106                bt_mesh_prov_decrypt
 .text.bt_mesh_beacon_auth
                0x000000000800c11e       0x46 zephyr/subsys/bluetooth/host/mesh/libsubsys__bluetooth__host__mesh.a(crypto.c.obj)
                0x000000000800c11e                bt_mesh_beacon_auth
 .text.mod_init
                0x000000000800c164       0x44 zephyr/subsys/bluetooth/host/mesh/libsubsys__bluetooth__host__mesh.a(access.c.obj)
 .text.bt_mesh_model_foreach
                0x000000000800c1a8       0x74 zephyr/subsys/bluetooth/host/mesh/libsubsys__bluetooth__host__mesh.a(access.c.obj)
                0x000000000800c1a8                bt_mesh_model_foreach
 .text.bt_mesh_model_pub_period_get
                0x000000000800c21c       0x48 zephyr/subsys/bluetooth/host/mesh/libsubsys__bluetooth__host__mesh.a(access.c.obj)
                0x000000000800c21c                bt_mesh_model_pub_period_get
 .text.publish_sent
                0x000000000800c264       0x4c zephyr/subsys/bluetooth/host/mesh/libsubsys__bluetooth__host__mesh.a(access.c.obj)
 .text.bt_mesh_comp_register
                0x000000000800c2b0       0x24 zephyr/subsys/bluetooth/host/mesh/libsubsys__bluetooth__host__mesh.a(access.c.obj)
                0x000000000800c2b0                bt_mesh_comp_register
 .text.bt_mesh_comp_provision
                0x000000000800c2d4       0x2c zephyr/subsys/bluetooth/host/mesh/libsubsys__bluetooth__host__mesh.a(access.c.obj)
                0x000000000800c2d4                bt_mesh_comp_provision
 .text.bt_mesh_comp_unprovision
                0x000000000800c300       0x14 zephyr/subsys/bluetooth/host/mesh/libsubsys__bluetooth__host__mesh.a(access.c.obj)
                0x000000000800c300                bt_mesh_comp_unprovision
 .text.bt_mesh_primary_addr
                0x000000000800c314        0xc zephyr/subsys/bluetooth/host/mesh/libsubsys__bluetooth__host__mesh.a(access.c.obj)
                0x000000000800c314                bt_mesh_primary_addr
 .text.bt_mesh_model_find_group
                0x000000000800c320       0x1e zephyr/subsys/bluetooth/host/mesh/libsubsys__bluetooth__host__mesh.a(access.c.obj)
                0x000000000800c320                bt_mesh_model_find_group
 .text.bt_mesh_elem_find_group
                0x000000000800c33e       0x54 zephyr/subsys/bluetooth/host/mesh/libsubsys__bluetooth__host__mesh.a(access.c.obj)
 *fill*         0x000000000800c392        0x2 
 .text.bt_mesh_elem_find
                0x000000000800c394       0x48 zephyr/subsys/bluetooth/host/mesh/libsubsys__bluetooth__host__mesh.a(access.c.obj)
                0x000000000800c394                bt_mesh_elem_find
 .text.bt_mesh_elem_count
                0x000000000800c3dc        0xc zephyr/subsys/bluetooth/host/mesh/libsubsys__bluetooth__host__mesh.a(access.c.obj)
                0x000000000800c3dc                bt_mesh_elem_count
 .text.bt_mesh_fixed_group_match
                0x000000000800c3e8       0x2e zephyr/subsys/bluetooth/host/mesh/libsubsys__bluetooth__host__mesh.a(access.c.obj)
                0x000000000800c3e8                bt_mesh_fixed_group_match
 *fill*         0x000000000800c416        0x2 
 .text.bt_mesh_model_recv
                0x000000000800c418      0x11c zephyr/subsys/bluetooth/host/mesh/libsubsys__bluetooth__host__mesh.a(access.c.obj)
                0x000000000800c418                bt_mesh_model_recv
 .text.bt_mesh_model_msg_init
                0x000000000800c534       0x44 zephyr/subsys/bluetooth/host/mesh/libsubsys__bluetooth__host__mesh.a(access.c.obj)
                0x000000000800c534                bt_mesh_model_msg_init
 .text.bt_mesh_model_send
                0x000000000800c578       0x70 zephyr/subsys/bluetooth/host/mesh/libsubsys__bluetooth__host__mesh.a(access.c.obj)
                0x000000000800c578                bt_mesh_model_send
 .text.bt_mesh_model_publish
                0x000000000800c5e8      0x110 zephyr/subsys/bluetooth/host/mesh/libsubsys__bluetooth__host__mesh.a(access.c.obj)
                0x000000000800c5e8                bt_mesh_model_publish
 .text.mod_publish
                0x000000000800c6f8      0x114 zephyr/subsys/bluetooth/host/mesh/libsubsys__bluetooth__host__mesh.a(access.c.obj)
 .text.bt_mesh_model_find_vnd
                0x000000000800c80c       0x2e zephyr/subsys/bluetooth/host/mesh/libsubsys__bluetooth__host__mesh.a(access.c.obj)
                0x000000000800c80c                bt_mesh_model_find_vnd
 .text.bt_mesh_model_find
                0x000000000800c83a       0x28 zephyr/subsys/bluetooth/host/mesh/libsubsys__bluetooth__host__mesh.a(access.c.obj)
                0x000000000800c83a                bt_mesh_model_find
 *fill*         0x000000000800c862        0x2 
 .text.bt_mesh_comp_get
                0x000000000800c864        0xc zephyr/subsys/bluetooth/host/mesh/libsubsys__bluetooth__host__mesh.a(access.c.obj)
                0x000000000800c864                bt_mesh_comp_get
 .text.key_idx_pack
                0x000000000800c870       0x1e zephyr/subsys/bluetooth/host/mesh/libsubsys__bluetooth__host__mesh.a(cfg_srv.c.obj)
 .text.send_krp_status
                0x000000000800c88e       0x52 zephyr/subsys/bluetooth/host/mesh/libsubsys__bluetooth__host__mesh.a(cfg_srv.c.obj)
 .text.lpn_timeout_get
                0x000000000800c8e0       0x64 zephyr/subsys/bluetooth/host/mesh/libsubsys__bluetooth__host__mesh.a(cfg_srv.c.obj)
 .text.send_friend_status
                0x000000000800c944       0x3e zephyr/subsys/bluetooth/host/mesh/libsubsys__bluetooth__host__mesh.a(cfg_srv.c.obj)
 .text.friend_get
                0x000000000800c982        0x4 zephyr/subsys/bluetooth/host/mesh/libsubsys__bluetooth__host__mesh.a(cfg_srv.c.obj)
 *fill*         0x000000000800c986        0x2 
 .text.net_key_get
                0x000000000800c988       0x68 zephyr/subsys/bluetooth/host/mesh/libsubsys__bluetooth__host__mesh.a(cfg_srv.c.obj)
 .text.send_net_key_status
                0x000000000800c9f0       0x48 zephyr/subsys/bluetooth/host/mesh/libsubsys__bluetooth__host__mesh.a(cfg_srv.c.obj)
 .text.krp_get  0x000000000800ca38       0x34 zephyr/subsys/bluetooth/host/mesh/libsubsys__bluetooth__host__mesh.a(cfg_srv.c.obj)
 .text.node_identity_get
                0x000000000800ca6c       0x74 zephyr/subsys/bluetooth/host/mesh/libsubsys__bluetooth__host__mesh.a(cfg_srv.c.obj)
 .text.app_key_get
                0x000000000800cae0       0xac zephyr/subsys/bluetooth/host/mesh/libsubsys__bluetooth__host__mesh.a(cfg_srv.c.obj)
 .text.hb_pub_send_status
                0x000000000800cb8c       0xac zephyr/subsys/bluetooth/host/mesh/libsubsys__bluetooth__host__mesh.a(cfg_srv.c.obj)
 .text.heartbeat_pub_get
                0x000000000800cc38        0x8 zephyr/subsys/bluetooth/host/mesh/libsubsys__bluetooth__host__mesh.a(cfg_srv.c.obj)
 .text.send_mod_sub_status
                0x000000000800cc40       0x78 zephyr/subsys/bluetooth/host/mesh/libsubsys__bluetooth__host__mesh.a(cfg_srv.c.obj)
 .text.krp_set  0x000000000800ccb8       0x8a zephyr/subsys/bluetooth/host/mesh/libsubsys__bluetooth__host__mesh.a(cfg_srv.c.obj)
 .text.node_reset
                0x000000000800cd42       0x38 zephyr/subsys/bluetooth/host/mesh/libsubsys__bluetooth__host__mesh.a(cfg_srv.c.obj)
 .text.mod_sub_get
                0x000000000800cd7a       0xa2 zephyr/subsys/bluetooth/host/mesh/libsubsys__bluetooth__host__mesh.a(cfg_srv.c.obj)
 .text.mod_sub_get_vnd
                0x000000000800ce1c       0xbc zephyr/subsys/bluetooth/host/mesh/libsubsys__bluetooth__host__mesh.a(cfg_srv.c.obj)
 .text._app_key_del
                0x000000000800ced8       0x28 zephyr/subsys/bluetooth/host/mesh/libsubsys__bluetooth__host__mesh.a(cfg_srv.c.obj)
 .text.net_key_update
                0x000000000800cf00       0x9a zephyr/subsys/bluetooth/host/mesh/libsubsys__bluetooth__host__mesh.a(cfg_srv.c.obj)
 *fill*         0x000000000800cf9a        0x2 
 .text.net_key_add
                0x000000000800cf9c       0xa4 zephyr/subsys/bluetooth/host/mesh/libsubsys__bluetooth__host__mesh.a(cfg_srv.c.obj)
 .text.key_idx_unpack
                0x000000000800d040       0x26 zephyr/subsys/bluetooth/host/mesh/libsubsys__bluetooth__host__mesh.a(cfg_srv.c.obj)
 .text.app_key_del
                0x000000000800d066       0x86 zephyr/subsys/bluetooth/host/mesh/libsubsys__bluetooth__host__mesh.a(cfg_srv.c.obj)
 .text.app_key_set