Archive member included to satisfy reference by file (symbol)

libapp.a(atoi.c.obj)          (--whole-archive)
libapp.a(strtol.c.obj)        (--whole-archive)
libapp.a(strtoul.c.obj)       (--whole-archive)
libapp.a(strncasecmp.c.obj)   (--whole-archive)
libapp.a(strstr.c.obj)        (--whole-archive)
libapp.a(string.c.obj)        (--whole-archive)
libapp.a(prf.c.obj)           (--whole-archive)
libapp.a(stdout_console.c.obj)
                              (--whole-archive)
libapp.a(sprintf.c.obj)       (--whole-archive)
libapp.a(fprintf.c.obj)       (--whole-archive)
libapp.a(main.c.obj)          (--whole-archive)
zephyr/libzephyr.a(isr_tables.c.obj)
                              (--whole-archive)
zephyr/libzephyr.a(mpu_regions.c.obj)
                              (--whole-archive)
zephyr/libzephyr.a(power.c.obj)
                              (--whole-archive)
zephyr/libzephyr.a(soc.c.obj)
                              (--whole-archive)
zephyr/libzephyr.a(exc_exit.S.obj)
                              (--whole-archive)
zephyr/libzephyr.a(irq_init.c.obj)
                              (--whole-archive)
zephyr/libzephyr.a(swap.S.obj)
                              (--whole-archive)
zephyr/libzephyr.a(fault.c.obj)
                              (--whole-archive)
zephyr/libzephyr.a(irq_manage.c.obj)
                              (--whole-archive)
zephyr/libzephyr.a(thread.c.obj)
                              (--whole-archive)
zephyr/libzephyr.a(cpu_idle.S.obj)
                              (--whole-archive)
zephyr/libzephyr.a(fault_s.S.obj)
                              (--whole-archive)
zephyr/libzephyr.a(fatal.c.obj)
                              (--whole-archive)
zephyr/libzephyr.a(sys_fatal_error_handler.c.obj)
                              (--whole-archive)
zephyr/libzephyr.a(thread_abort.c.obj)
                              (--whole-archive)
zephyr/libzephyr.a(isr_wrapper.S.obj)
                              (--whole-archive)
zephyr/libzephyr.a(vector_table.S.obj)
                              (--whole-archive)
zephyr/libzephyr.a(reset.S.obj)
                              (--whole-archive)
zephyr/libzephyr.a(nmi_on_reset.S.obj)
                              (--whole-archive)
zephyr/libzephyr.a(prep_c.c.obj)
                              (--whole-archive)
zephyr/libzephyr.a(scb.c.obj)
                              (--whole-archive)
zephyr/libzephyr.a(nmi.c.obj)
                              (--whole-archive)
zephyr/libzephyr.a(exc_manage.c.obj)
                              (--whole-archive)
zephyr/libzephyr.a(arm_core_mpu.c.obj)
                              (--whole-archive)
zephyr/libzephyr.a(arm_mpu.c.obj)
                              (--whole-archive)
zephyr/libzephyr.a(crc16_sw.c.obj)
                              (--whole-archive)
zephyr/libzephyr.a(crc8_sw.c.obj)
                              (--whole-archive)
zephyr/libzephyr.a(printk.c.obj)
                              (--whole-archive)
zephyr/libzephyr.a(configs.c.obj)
                              (--whole-archive)
zephyr/libzephyr.a(utils.c.obj)
                              (--whole-archive)
zephyr/libzephyr.a(ecc_dh.c.obj)
                              (--whole-archive)
zephyr/libzephyr.a(ecc.c.obj)
                              (--whole-archive)
zephyr/libzephyr.a(aes_decrypt.c.obj)
                              (--whole-archive)
zephyr/libzephyr.a(aes_encrypt.c.obj)
                              (--whole-archive)
zephyr/libzephyr.a(cmac_mode.c.obj)
                              (--whole-archive)
zephyr/libzephyr.a(uart_console.c.obj)
                              (--whole-archive)
zephyr/libzephyr.a(nrf5_power_clock.c.obj)
                              (--whole-archive)
zephyr/libzephyr.a(soc_flash_nrf5.c.obj)
                              (--whole-archive)
zephyr/libzephyr.a(gpio_nrf5.c.obj)
                              (--whole-archive)
zephyr/libzephyr.a(uart_nrf5.c.obj)
                              (--whole-archive)
zephyr/libzephyr.a(sys_clock_init.c.obj)
                              (--whole-archive)
zephyr/libzephyr.a(nrf_rtc_timer.c.obj)
                              (--whole-archive)
zephyr/subsys/bluetooth/common/libsubsys__bluetooth__common.a(dummy.c.obj)
                              (--whole-archive)
zephyr/subsys/bluetooth/host/libsubsys__bluetooth__host.a(hci_ecc.c.obj)
                              (--whole-archive)
zephyr/subsys/bluetooth/host/libsubsys__bluetooth__host.a(uuid.c.obj)
                              (--whole-archive)
zephyr/subsys/bluetooth/host/libsubsys__bluetooth__host.a(hci_core.c.obj)
                              (--whole-archive)
zephyr/subsys/bluetooth/host/libsubsys__bluetooth__host.a(conn.c.obj)
                              (--whole-archive)
zephyr/subsys/bluetooth/host/libsubsys__bluetooth__host.a(l2cap.c.obj)
                              (--whole-archive)
zephyr/subsys/bluetooth/host/libsubsys__bluetooth__host.a(att.c.obj)
                              (--whole-archive)
[...]
Memory Configuration

Name             Origin             Length             Attributes
FLASH            0x0000000000000000 0x0000000000080000 xr
SRAM             0x0000000020000000 0x0000000000010000 xw
IDT_LIST         0x0000000020010000 0x0000000000000800 xw
*default*        0x0000000000000000 0xffffffffffffffff

Linker script and memory map

LOAD zephyr/CMakeFiles/kernel_elf.dir/misc/empty_file.c.obj
LOAD zephyr/CMakeFiles/kernel_elf.dir/isr_tables.c.obj
START GROUP
LOAD libapp.a
LOAD zephyr/libzephyr.a
LOAD zephyr/subsys/bluetooth/common/libsubsys__bluetooth__common.a
LOAD zephyr/subsys/bluetooth/host/libsubsys__bluetooth__host.a
LOAD zephyr/subsys/bluetooth/host/mesh/libsubsys__bluetooth__host__mesh.a
LOAD zephyr/subsys/bluetooth/controller/libsubsys__bluetooth__controller.a
LOAD zephyr/subsys/net/libsubsys__net.a
LOAD zephyr/kernel/libkernel.a
LOAD zephyr/CMakeFiles/offsets.dir/arch/arm/core/offsets/offsets.c.obj
END GROUP
LOAD /opt/zephyr-sdk/sysroots/armv5-zephyr-eabi/usr/lib/arm-zephyr-eabi/6.2.0/armv7e-m/libgcc.a
                0x0000000000000000                _image_rom_start = 0x0

text            0x0000000000000000    0x1938c
                0x0000000000000000                . = 0x0
                0x0000000000000000                _vector_start = .
 *(.exc_vector_table)
 *(.exc_vector_table.*)
 .exc_vector_table._vector_table_section
                0x0000000000000000       0x40 zephyr/libzephyr.a(vector_table.S.obj)
                0x0000000000000000                _vector_table
 *(.gnu.linkonce.irq_vector_table)
 .gnu.linkonce.irq_vector_table
                0x0000000000000040       0x9c zephyr/CMakeFiles/kernel_elf.dir/isr_tables.c.obj
                0x0000000000000040                _irq_vector_table
 *(.openocd_dbg)
 *(.openocd_dbg.*)
 *(.kinetis_flash_config)
 *(.kinetis_flash_config.*)
 *(.gnu.linkonce.sw_isr_table)
 .gnu.linkonce.sw_isr_table
                0x00000000000000dc      0x138 zephyr/CMakeFiles/kernel_elf.dir/isr_tables.c.obj
                0x00000000000000dc                _sw_isr_table
                0x0000000000000214                _vector_end = .
                0x0000000000000214                _image_text_start = .
 *(.text)
 .text          0x0000000000000214       0x18 /opt/zephyr-sdk/sysroots/armv5-zephyr-eabi/usr/lib/arm-zephyr-eabi/6.2.0/armv7e-m/libgcc.a(_ashldi3.o)
                0x0000000000000214                __ashldi3
                0x0000000000000214                __aeabi_llsl
 .text          0x000000000000022c       0xa0 /opt/zephyr-sdk/sysroots/armv5-zephyr-eabi/usr/lib/arm-zephyr-eabi/6.2.0/armv7e-m/libgcc.a(_aeabi_ldivmod.o)
                0x000000000000022c                __aeabi_ldivmod
 .text          0x00000000000002cc       0x30 /opt/zephyr-sdk/sysroots/armv5-zephyr-eabi/usr/lib/arm-zephyr-eabi/6.2.0/armv7e-m/libgcc.a(_aeabi_uldivmod.o)
                0x00000000000002cc                __aeabi_uldivmod
 .text          0x00000000000002fc       0x28 /opt/zephyr-sdk/sysroots/armv5-zephyr-eabi/usr/lib/arm-zephyr-eabi/6.2.0/armv7e-m/libgcc.a(_popcountsi2.o)
                0x00000000000002fc                __popcountsi2
 .text          0x0000000000000324      0x2dc /opt/zephyr-sdk/sysroots/armv5-zephyr-eabi/usr/lib/arm-zephyr-eabi/6.2.0/armv7e-m/libgcc.a(_udivmoddi4.o)
                0x0000000000000324                __udivmoddi4
 .text          0x0000000000000600        0x4 /opt/zephyr-sdk/sysroots/armv5-zephyr-eabi/usr/lib/arm-zephyr-eabi/6.2.0/armv7e-m/libgcc.a(_dvmd_tls.o)
                0x0000000000000600                __aeabi_ldiv0
                0x0000000000000600                __aeabi_idiv0
 *(.text.*)
 .text.strlen   0x0000000000000604       0x10 libapp.a(string.c.obj)
                0x0000000000000604                strlen
 .text.strcmp   0x0000000000000614       0x1a libapp.a(string.c.obj)
                0x0000000000000614                strcmp
 .text.memcmp   0x000000000000062e       0x2a libapp.a(string.c.obj)
                0x000000000000062e                memcmp
 .text.memcpy   0x0000000000000658       0x58 libapp.a(string.c.obj)
                0x0000000000000658                memcpy
 .text.memset   0x00000000000006b0       0x46 libapp.a(string.c.obj)
                0x00000000000006b0                memset
 .text.temp_cli_get
                0x00000000000006f6        0x2 libapp.a(main.c.obj)
 .text.prov_complete
                0x00000000000006f8       0x34 libapp.a(main.c.obj)
 .text.output_number
                0x000000000000072c       0x10 libapp.a(main.c.obj)
 .text.temp_cli_status
                0x000000000000073c       0x38 libapp.a(main.c.obj)
 .text.temp_work_thread
                0x0000000000000774       0x54 libapp.a(main.c.obj)
                0x0000000000000774                temp_work_thread
 .text.bt_ready
                0x00000000000007c8       0x50 libapp.a(main.c.obj)
 .text.temp_timer_thread
                0x0000000000000818       0x30 libapp.a(main.c.obj)
 .text.main     0x0000000000000848       0x74 libapp.a(main.c.obj)
                0x0000000000000848                main
 .text.ftpan_36
                0x00000000000008bc       0x40 zephyr/libzephyr.a(soc.c.obj)
 .text.nordicsemi_nrf52_init
                0x00000000000008fc      0x12c zephyr/libzephyr.a(soc.c.obj)
 .text._HandlerModeExit
                0x0000000000000a28       0x2c zephyr/libzephyr.a(exc_exit.S.obj)
                0x0000000000000a28                _ExcExit
                0x0000000000000a28                _IntExit
 .text._IntLibInit
                0x0000000000000a54       0x18 zephyr/libzephyr.a(irq_init.c.obj)
                0x0000000000000a54                _IntLibInit
 .text.__pendsv
                0x0000000000000a6c       0x44 zephyr/libzephyr.a(swap.S.obj)
                0x0000000000000a6c                __pendsv
 .text.__svc    0x0000000000000ab0       0x3c zephyr/libzephyr.a(swap.S.obj)
                0x0000000000000ab0                __svc
 .text.__swap   0x0000000000000aec       0x1c zephyr/libzephyr.a(swap.S.obj)
                0x0000000000000aec                __swap
 .text._FaultThreadShow.isra.2
                0x0000000000000b08       0x1c zephyr/libzephyr.a(fault.c.obj)
 .text._UsageFault
                0x0000000000000b24       0x90 zephyr/libzephyr.a(fault.c.obj)
 .text._MpuFault
                0x0000000000000bb4       0x80 zephyr/libzephyr.a(fault.c.obj)
 .text._BusFault
                0x0000000000000c34       0x94 zephyr/libzephyr.a(fault.c.obj)
 .text._Fault   0x0000000000000cc8       0xcc zephyr/libzephyr.a(fault.c.obj)
                0x0000000000000cc8                _Fault
 .text._FaultInit
                0x0000000000000d94       0x10 zephyr/libzephyr.a(fault.c.obj)
                0x0000000000000d94                _FaultInit
 .text._arch_irq_enable
                0x0000000000000da4       0x1c zephyr/libzephyr.a(irq_manage.c.obj)
                0x0000000000000da4                _arch_irq_enable
 .text._arch_irq_disable
                0x0000000000000dc0       0x1c zephyr/libzephyr.a(irq_manage.c.obj)
                0x0000000000000dc0                _arch_irq_disable
 .text._arch_irq_is_enabled
                0x0000000000000ddc       0x1c zephyr/libzephyr.a(irq_manage.c.obj)
                0x0000000000000ddc                _arch_irq_is_enabled
 .text._irq_priority_set
                0x0000000000000df8       0x30 zephyr/libzephyr.a(irq_manage.c.obj)
                0x0000000000000df8                _irq_priority_set
 .text._irq_spurious
                0x0000000000000e28        0x4 zephyr/libzephyr.a(irq_manage.c.obj)
                0x0000000000000e28                _irq_spurious
 .text._arch_isr_direct_pm
                0x0000000000000e2c       0x1c zephyr/libzephyr.a(irq_manage.c.obj)
                0x0000000000000e2c                _arch_isr_direct_pm
 .text._new_thread
                0x0000000000000e48       0x50 zephyr/libzephyr.a(thread.c.obj)
                0x0000000000000e48                _new_thread
 .text._CpuIdleInit
                0x0000000000000e98        0xc zephyr/libzephyr.a(cpu_idle.S.obj)
                0x0000000000000e98                _CpuIdleInit
 .text.k_cpu_idle
                0x0000000000000ea4        0xc zephyr/libzephyr.a(cpu_idle.S.obj)
                0x0000000000000ea4                k_cpu_idle
 .text.__fault  0x0000000000000eb0       0x28 zephyr/libzephyr.a(fault_s.S.obj)
                0x0000000000000eb0                __usage_fault
                0x0000000000000eb0                __reserved
                0x0000000000000eb0                __bus_fault
                0x0000000000000eb0                __debug_monitor
                0x0000000000000eb0                __mpu_fault
                0x0000000000000eb0                __hard_fault
 .text._NanoFatalErrorHandler
                0x0000000000000ed8       0x58 zephyr/libzephyr.a(fatal.c.obj)
                0x0000000000000ed8                _NanoFatalErrorHandler
 .text._do_kernel_oops
                0x0000000000000f30        0x8 zephyr/libzephyr.a(fatal.c.obj)
                0x0000000000000f30                _do_kernel_oops
 .text._SysFatalErrorHandler
                0x0000000000000f38       0x58 zephyr/libzephyr.a(sys_fatal_error_handler.c.obj)
                0x0000000000000f38                _SysFatalErrorHandler
 .text._impl_k_thread_abort
                0x0000000000000f90       0x4c zephyr/libzephyr.a(thread_abort.c.obj)
                0x0000000000000f90                _impl_k_thread_abort
 .text._isr_wrapper
                0x0000000000000fdc       0x3c zephyr/libzephyr.a(isr_wrapper.S.obj)
                0x0000000000000fdc                _isr_wrapper
 .text._reset_section
                0x0000000000001018       0x20 zephyr/libzephyr.a(reset.S.obj)
                0x0000000000001018                __reset
                0x0000000000001018                __start
 .text._SysNmiOnReset
                0x0000000000001038        0x8 zephyr/libzephyr.a(nmi_on_reset.S.obj)
                0x0000000000001038                _SysNmiOnReset
 .text._PrepC   0x0000000000001040       0x28 zephyr/libzephyr.a(prep_c.c.obj)
                0x0000000000001040                _PrepC
 .text.__nmi    0x0000000000001068        0xe zephyr/libzephyr.a(nmi.c.obj)
                0x0000000000001068                __nmi
 *fill*         0x0000000000001076        0x2 
 .text.arm_mpu_init
                0x0000000000001078       0x64 zephyr/libzephyr.a(arm_mpu.c.obj)
 .text._nop_char_out
                0x00000000000010dc        0x4 zephyr/libzephyr.a(printk.c.obj)
 .text.char_out
                0x00000000000010e0       0x10 zephyr/libzephyr.a(printk.c.obj)
 .text._printk_dec_ulong
                0x00000000000010f0       0xa0 zephyr/libzephyr.a(printk.c.obj)
 .text.__printk_hook_install
                0x0000000000001190        0xc zephyr/libzephyr.a(printk.c.obj)
                0x0000000000001190                __printk_hook_install
 .text._vprintk
                0x000000000000119c      0x25e zephyr/libzephyr.a(printk.c.obj)
                0x000000000000119c                _vprintk
 *fill*         0x00000000000013fa        0x2 
 .text.vprintk  0x00000000000013fc       0x20 zephyr/libzephyr.a(printk.c.obj)
                0x00000000000013fc                vprintk
 .text.printk   0x000000000000141c       0x1a zephyr/libzephyr.a(printk.c.obj)
                0x000000000000141c                printk
 .text._ConfigAbsSyms
                0x0000000000001436        0x2 zephyr/libzephyr.a(configs.c.obj)
                0x0000000000001436                _ConfigAbsSyms
 .text._copy    0x0000000000001438       0x1a zephyr/libzephyr.a(utils.c.obj)
                0x0000000000001438                _copy
 .text._set     0x0000000000001452        0x4 zephyr/libzephyr.a(utils.c.obj)
                0x0000000000001452                _set
 .text._double_byte
                0x0000000000001456       0x12 zephyr/libzephyr.a(utils.c.obj)
                0x0000000000001456                _double_byte
 .text.uECC_make_key
                0x0000000000001468       0x98 zephyr/libzephyr.a(ecc_dh.c.obj)
                0x0000000000001468                uECC_make_key
 .text.uECC_shared_secret
                0x0000000000001500       0xbc zephyr/libzephyr.a(ecc_dh.c.obj)
                0x0000000000001500                uECC_shared_secret
 .text.uECC_vli_add
                0x00000000000015bc       0x40 zephyr/libzephyr.a(ecc.c.obj)
 .text.uECC_vli_rshift1
                0x00000000000015fc       0x1c zephyr/libzephyr.a(ecc.c.obj)
 .text.vli_modInv_update
                0x0000000000001618       0x38 zephyr/libzephyr.a(ecc.c.obj)
 .text.uECC_vli_mult
                0x0000000000001650       0xf8 zephyr/libzephyr.a(ecc.c.obj)
 .text.uECC_get_rng
                0x0000000000001748        0xc zephyr/libzephyr.a(ecc.c.obj)
                0x0000000000001748                uECC_get_rng
 .text.uECC_vli_clear
                0x0000000000001754       0x16 zephyr/libzephyr.a(ecc.c.obj)
                0x0000000000001754                uECC_vli_clear
 .text.uECC_vli_isZero
                0x000000000000176a       0x1e zephyr/libzephyr.a(ecc.c.obj)
                0x000000000000176a                uECC_vli_isZero
 .text.uECC_vli_testBit
                0x0000000000001788       0x14 zephyr/libzephyr.a(ecc.c.obj)
                0x0000000000001788                uECC_vli_testBit
 .text.uECC_vli_numBits
                0x000000000000179c       0x3a zephyr/libzephyr.a(ecc.c.obj)
                0x000000000000179c                uECC_vli_numBits
 .text.uECC_vli_set
                0x00000000000017d6       0x18 zephyr/libzephyr.a(ecc.c.obj)
                0x00000000000017d6                uECC_vli_set
 .text.uECC_vli_cmp_unsafe
                0x00000000000017ee       0x28 zephyr/libzephyr.a(ecc.c.obj)
                0x00000000000017ee                uECC_vli_cmp_unsafe
 .text.uECC_vli_equal
                0x0000000000001816       0x28 zephyr/libzephyr.a(ecc.c.obj)
                0x0000000000001816                uECC_vli_equal
 .text.uECC_vli_sub
                0x000000000000183e       0x40 zephyr/libzephyr.a(ecc.c.obj)
                0x000000000000183e                uECC_vli_sub
 *fill*         0x000000000000187e        0x2 
 .text.vli_mmod_fast_secp256r1
                0x0000000000001880      0x1ac zephyr/libzephyr.a(ecc.c.obj)
                0x0000000000001880                vli_mmod_fast_secp256r1
 .text.uECC_vli_modAdd
                0x0000000000001a2c       0x32 zephyr/libzephyr.a(ecc.c.obj)
                0x0000000000001a2c                uECC_vli_modAdd
 .text.uECC_vli_modSub
                0x0000000000001a5e       0x24 zephyr/libzephyr.a(ecc.c.obj)
                0x0000000000001a5e                uECC_vli_modSub
 .text.uECC_vli_mmod
                0x0000000000001a82      0x13c zephyr/libzephyr.a(ecc.c.obj)
                0x0000000000001a82                uECC_vli_mmod
 .text.uECC_vli_modMult_fast
                0x0000000000001bbe       0x20 zephyr/libzephyr.a(ecc.c.obj)
                0x0000000000001bbe                uECC_vli_modMult_fast
 .text.uECC_vli_modSquare_fast
                0x0000000000001bde        0x8 zephyr/libzephyr.a(ecc.c.obj)
 .text.double_jacobian_default
                0x0000000000001be6      0x156 zephyr/libzephyr.a(ecc.c.obj)
                0x0000000000001be6                double_jacobian_default
 .text.x_side_default
                0x0000000000001d3c       0x5a zephyr/libzephyr.a(ecc.c.obj)
                0x0000000000001d3c                x_side_default
 .text.XYcZ_addC
                0x0000000000001d96      0x118 zephyr/libzephyr.a(ecc.c.obj)
 .text.uECC_vli_modInv
                0x0000000000001eae      0x10c zephyr/libzephyr.a(ecc.c.obj)
                0x0000000000001eae                uECC_vli_modInv
 .text.EccPoint_isZero
                0x0000000000001fba        0xa zephyr/libzephyr.a(ecc.c.obj)
                0x0000000000001fba                EccPoint_isZero
 .text.apply_z  0x0000000000001fc4       0x3e zephyr/libzephyr.a(ecc.c.obj)
                0x0000000000001fc4                apply_z
 .text.XYcZ_add
                0x0000000000002002       0xca zephyr/libzephyr.a(ecc.c.obj)
                0x0000000000002002                XYcZ_add
 .text.EccPoint_mult
                0x00000000000020cc      0x1a2 zephyr/libzephyr.a(ecc.c.obj)
                0x00000000000020cc                EccPoint_mult
 .text.regularize_k
                0x000000000000226e       0x58 zephyr/libzephyr.a(ecc.c.obj)
                0x000000000000226e                regularize_k
 .text.EccPoint_compute_public_key
                0x00000000000022c6       0x50 zephyr/libzephyr.a(ecc.c.obj)
                0x00000000000022c6                EccPoint_compute_public_key
 .text.uECC_vli_nativeToBytes
                0x0000000000002316       0x28 zephyr/libzephyr.a(ecc.c.obj)
                0x0000000000002316                uECC_vli_nativeToBytes
 .text.uECC_vli_bytesToNative
                0x000000000000233e       0x40 zephyr/libzephyr.a(ecc.c.obj)
                0x000000000000233e                uECC_vli_bytesToNative
 .text.uECC_valid_point
                0x000000000000237e       0x74 zephyr/libzephyr.a(ecc.c.obj)
                0x000000000000237e                uECC_valid_point
 .text.uECC_valid_public_key
                0x00000000000023f2       0x46 zephyr/libzephyr.a(ecc.c.obj)
                0x00000000000023f2                uECC_valid_public_key
 .text.add_round_key
                0x0000000000002438       0x8a zephyr/libzephyr.a(aes_encrypt.c.obj)
 .text.shift_rows
                0x00000000000024c2       0x72 zephyr/libzephyr.a(aes_encrypt.c.obj)
 .text.mult_row_column
                0x0000000000002534       0x80 zephyr/libzephyr.a(aes_encrypt.c.obj)
 .text.tc_aes128_set_encrypt_key
                0x00000000000025b4       0xac zephyr/libzephyr.a(aes_encrypt.c.obj)
                0x00000000000025b4                tc_aes128_set_encrypt_key
 .text.tc_aes_encrypt
                0x0000000000002660       0xd4 zephyr/libzephyr.a(aes_encrypt.c.obj)
                0x0000000000002660                tc_aes_encrypt
 .text.gf_double
                0x0000000000002734       0x2c zephyr/libzephyr.a(cmac_mode.c.obj)
                0x0000000000002734                gf_double
 .text.tc_cmac_erase
                0x0000000000002760       0x12 zephyr/libzephyr.a(cmac_mode.c.obj)
                0x0000000000002760                tc_cmac_erase
 .text.tc_cmac_init
                0x0000000000002772       0x2e zephyr/libzephyr.a(cmac_mode.c.obj)
                0x0000000000002772                tc_cmac_init
 .text.tc_cmac_setup
                0x00000000000027a0       0x58 zephyr/libzephyr.a(cmac_mode.c.obj)
                0x00000000000027a0                tc_cmac_setup
 .text.tc_cmac_update
                0x00000000000027f8       0xc8 zephyr/libzephyr.a(cmac_mode.c.obj)
                0x00000000000027f8                tc_cmac_update
 .text.tc_cmac_final
                0x00000000000028c0       0x6c zephyr/libzephyr.a(cmac_mode.c.obj)
                0x00000000000028c0                tc_cmac_final
 .text.console_out
                0x000000000000292c       0x28 zephyr/libzephyr.a(uart_console.c.obj)
 .text.uart_console_hook_install
                0x0000000000002954        0xc zephyr/libzephyr.a(uart_console.c.obj)
                0x0000000000002954                uart_console_hook_install
 .text.uart_console_init
                0x0000000000002960       0x1c zephyr/libzephyr.a(uart_console.c.obj)
 .text._m16src_stop
                0x000000000000297c       0x5c zephyr/libzephyr.a(nrf5_power_clock.c.obj)
 .text._clock_control_init
                0x00000000000029d8       0x16 zephyr/libzephyr.a(nrf5_power_clock.c.obj)
 *fill*         0x00000000000029ee        0x2 
 .text._m16src_start
                0x00000000000029f0       0xb0 zephyr/libzephyr.a(nrf5_power_clock.c.obj)
 .text._k32src_start
                0x0000000000002aa0       0xcc zephyr/libzephyr.a(nrf5_power_clock.c.obj)
 .text._power_clock_isr
                0x0000000000002b6c       0x9c zephyr/libzephyr.a(nrf5_power_clock.c.obj)
 .text.is_addr_valid
                0x0000000000002c08       0x1a zephyr/libzephyr.a(soc_flash_nrf5.c.obj)
 *fill*         0x0000000000002c22        0x2 
 .text.nvmc_wait_ready
                0x0000000000002c24       0x10 zephyr/libzephyr.a(soc_flash_nrf5.c.obj)
 .text.erase_op
                0x0000000000002c34       0x88 zephyr/libzephyr.a(soc_flash_nrf5.c.obj)
 .text.work_in_time_slice
                0x0000000000002cbc       0x78 zephyr/libzephyr.a(soc_flash_nrf5.c.obj)
 .text.time_slot_callback_helper
                0x0000000000002d34       0x70 zephyr/libzephyr.a(soc_flash_nrf5.c.obj)
 .text.flash_nrf5_read
                0x0000000000002da4       0x28 zephyr/libzephyr.a(soc_flash_nrf5.c.obj)
 .text.nrf5_flash_init
                0x0000000000002dcc       0x2c zephyr/libzephyr.a(soc_flash_nrf5.c.obj)
 .text.time_slot_callback_work
                0x0000000000002df8       0x40 zephyr/libzephyr.a(soc_flash_nrf5.c.obj)
 .text.flash_nrf5_erase
                0x0000000000002e38       0x8c zephyr/libzephyr.a(soc_flash_nrf5.c.obj)
 .text.flash_nrf5_write_protection
                0x0000000000002ec4       0x34 zephyr/libzephyr.a(soc_flash_nrf5.c.obj)
 .text.write_op
                0x0000000000002ef8       0xf0 zephyr/libzephyr.a(soc_flash_nrf5.c.obj)
 .text.flash_nrf5_write
                0x0000000000002fe8       0x70 zephyr/libzephyr.a(soc_flash_nrf5.c.obj)
 .text.gpiote_find_channel
                0x0000000000003058       0x32 zephyr/libzephyr.a(gpio_nrf5.c.obj)
 .text.gpio_nrf5_read
                0x000000000000308a       0x20 zephyr/libzephyr.a(gpio_nrf5.c.obj)
 .text.gpio_nrf5_write
                0x00000000000030aa       0x22 zephyr/libzephyr.a(gpio_nrf5.c.obj)
 .text.gpio_nrf5_manage_callback
                0x00000000000030cc       0x44 zephyr/libzephyr.a(gpio_nrf5.c.obj)
 .text.gpio_nrf5_enable_callback
                0x0000000000003110       0x40 zephyr/libzephyr.a(gpio_nrf5.c.obj)
 .text.gpio_nrf5_disable_callback
                0x0000000000003150       0x3a zephyr/libzephyr.a(gpio_nrf5.c.obj)
 .text.gpio_nrf5_P0_init
                0x000000000000318a       0x16 zephyr/libzephyr.a(gpio_nrf5.c.obj)
 .text.gpio_nrf5_port_isr
                0x00000000000031a0       0x64 zephyr/libzephyr.a(gpio_nrf5.c.obj)
 .text.gpio_nrf5_config
                0x0000000000003204      0x118 zephyr/libzephyr.a(gpio_nrf5.c.obj)
 .text.uart_nrf5_poll_in
                0x000000000000331c       0x20 zephyr/libzephyr.a(uart_nrf5.c.obj)
 .text.uart_nrf5_poll_out
                0x000000000000333c       0x1c zephyr/libzephyr.a(uart_nrf5.c.obj)
 .text.uart_nrf5_err_check
                0x0000000000003358       0x1a zephyr/libzephyr.a(uart_nrf5.c.obj)
 *fill*         0x0000000000003372        0x2 
 .text.uart_nrf5_init
                0x0000000000003374       0x74 zephyr/libzephyr.a(uart_nrf5.c.obj)
 .text.rtc_compare_set
                0x00000000000033e8       0x30 zephyr/libzephyr.a(nrf_rtc_timer.c.obj)
 .text.rtc_announce_set_next
                0x0000000000003418       0x5c zephyr/libzephyr.a(nrf_rtc_timer.c.obj)
 .text.rtc1_nrf5_isr
                0x0000000000003474       0x10 zephyr/libzephyr.a(nrf_rtc_timer.c.obj)
 .text._timer_idle_enter
                0x0000000000003484       0x28 zephyr/libzephyr.a(nrf_rtc_timer.c.obj)
                0x0000000000003484                _timer_idle_enter
 .text._timer_idle_exit
                0x00000000000034ac       0x2c zephyr/libzephyr.a(nrf_rtc_timer.c.obj)
                0x00000000000034ac                _timer_idle_exit
 .text._sys_clock_driver_init
                0x00000000000034d8       0x78 zephyr/libzephyr.a(nrf_rtc_timer.c.obj)
                0x00000000000034d8                _sys_clock_driver_init
 .text.send_cmd_status
                0x0000000000003550       0x4c zephyr/subsys/bluetooth/host/libsubsys__bluetooth__host.a(hci_ecc.c.obj)
 .text.sys_memcpy_swap.constprop.3
                0x000000000000359c       0x14 zephyr/subsys/bluetooth/host/libsubsys__bluetooth__host.a(hci_ecc.c.obj)
 .text.ecc_thread
                0x00000000000035b0      0x170 zephyr/subsys/bluetooth/host/libsubsys__bluetooth__host.a(hci_ecc.c.obj)
 .text.bt_hci_ecc_send
                0x0000000000003720      0x124 zephyr/subsys/bluetooth/host/libsubsys__bluetooth__host.a(hci_ecc.c.obj)
                0x0000000000003720                bt_hci_ecc_send
 .text.default_CSPRNG
                0x0000000000003844        0xe zephyr/subsys/bluetooth/host/libsubsys__bluetooth__host.a(hci_ecc.c.obj)
                0x0000000000003844                default_CSPRNG
 *fill*         0x0000000000003852        0x2 
 .text.bt_hci_ecc_init
                0x0000000000003854       0x34 zephyr/subsys/bluetooth/host/libsubsys__bluetooth__host.a(hci_ecc.c.obj)
                0x0000000000003854                bt_hci_ecc_init
 .text.uuid_to_uuid128
                0x0000000000003888       0x7c zephyr/subsys/bluetooth/host/libsubsys__bluetooth__host.a(uuid.c.obj)
 .text.bt_uuid_cmp
                0x0000000000003904       0x54 zephyr/subsys/bluetooth/host/libsubsys__bluetooth__host.a(uuid.c.obj)
                0x0000000000003904                bt_uuid_cmp
 .text.net_buf_user_data
                0x0000000000003958        0xc zephyr/subsys/bluetooth/host/libsubsys__bluetooth__host.a(hci_core.c.obj)
 .text.bt_addr_le_copy
                0x0000000000003964        0x6 zephyr/subsys/bluetooth/host/libsubsys__bluetooth__host.a(hci_core.c.obj)
 .text.atomic_or
                0x000000000000396a       0x22 zephyr/subsys/bluetooth/host/libsubsys__bluetooth__host.a(hci_core.c.obj)
 .text.atomic_test_bit
                0x000000000000398c       0x1a zephyr/subsys/bluetooth/host/libsubsys__bluetooth__host.a(hci_core.c.obj)
 .text.atomic_and
                0x00000000000039a6       0x22 zephyr/subsys/bluetooth/host/libsubsys__bluetooth__host.a(hci_core.c.obj)
 .text.update_conn_param
                0x00000000000039c8       0x1c zephyr/subsys/bluetooth/host/libsubsys__bluetooth__host.a(hci_core.c.obj)
 .text.hci_cmd_done.isra.15
                0x00000000000039e4       0x34 zephyr/subsys/bluetooth/host/libsubsys__bluetooth__host.a(hci_core.c.obj)
 .text.hci_tx_thread
                0x0000000000003a18       0xec zephyr/subsys/bluetooth/host/libsubsys__bluetooth__host.a(hci_core.c.obj)
 .text.bt_hci_cmd_create
                0x0000000000003b04       0x48 zephyr/subsys/bluetooth/host/libsubsys__bluetooth__host.a(hci_core.c.obj)
                0x0000000000003b04                bt_hci_cmd_create
 .text.bt_hci_cmd_send
                0x0000000000003b4c       0x44 zephyr/subsys/bluetooth/host/libsubsys__bluetooth__host.a(hci_core.c.obj)
                0x0000000000003b4c                bt_hci_cmd_send
 .text.hci_le_set_phy.isra.25
                0x0000000000003b90       0x40 zephyr/subsys/bluetooth/host/libsubsys__bluetooth__host.a(hci_core.c.obj)
 .text.le_conn_param_neg_reply
                0x0000000000003bd0       0x34 zephyr/subsys/bluetooth/host/libsubsys__bluetooth__host.a(hci_core.c.obj)
 .text.bt_hci_cmd_send_sync
                0x0000000000003c04       0x70 zephyr/subsys/bluetooth/host/libsubsys__bluetooth__host.a(hci_core.c.obj)
                0x0000000000003c04                bt_hci_cmd_send_sync
 .text.set_random_address
                0x0000000000003c74       0x5c zephyr/subsys/bluetooth/host/libsubsys__bluetooth__host.a(hci_core.c.obj)
 .text.le_set_private_addr
                0x0000000000003cd0       0x24 zephyr/subsys/bluetooth/host/libsubsys__bluetooth__host.a(hci_core.c.obj)
 .text.set_le_scan_enable
                0x0000000000003cf4       0x68 zephyr/subsys/bluetooth/host/libsubsys__bluetooth__host.a(hci_core.c.obj)
 .text.set_advertise_enable
                0x0000000000003d5c       0x54 zephyr/subsys/bluetooth/host/libsubsys__bluetooth__host.a(hci_core.c.obj)
 .text.set_ad   0x0000000000003db0       0x98 zephyr/subsys/bluetooth/host/libsubsys__bluetooth__host.a(hci_core.c.obj)
 .text.hci_le_set_data_len.isra.26
                0x0000000000003e48       0x54 zephyr/subsys/bluetooth/host/libsubsys__bluetooth__host.a(hci_core.c.obj)
 .text.bt_le_conn_params_valid
                0x0000000000003e9c       0x40 zephyr/subsys/bluetooth/host/libsubsys__bluetooth__host.a(hci_core.c.obj)
                0x0000000000003e9c                bt_le_conn_params_valid
 .text.bt_le_scan_update
                0x0000000000003edc       0x2c zephyr/subsys/bluetooth/host/libsubsys__bluetooth__host.a(hci_core.c.obj)
                0x0000000000003edc                bt_le_scan_update
 .text.le_enh_conn_complete
                0x0000000000003f08      0x18c zephyr/subsys/bluetooth/host/libsubsys__bluetooth__host.a(hci_core.c.obj)
 .text.bt_addr_le_create_static
                0x0000000000004094       0x1c zephyr/subsys/bluetooth/host/libsubsys__bluetooth__host.a(hci_core.c.obj)
                0x0000000000004094                bt_addr_le_create_static
 .text.bt_init  0x00000000000040b0      0x4dc zephyr/subsys/bluetooth/host/libsubsys__bluetooth__host.a(hci_core.c.obj)
 .text.init_work
                0x000000000000458c       0x18 zephyr/subsys/bluetooth/host/libsubsys__bluetooth__host.a(hci_core.c.obj)
 .text.bt_send  0x00000000000045a4        0x4 zephyr/subsys/bluetooth/host/libsubsys__bluetooth__host.a(hci_core.c.obj)
                0x00000000000045a4                bt_send
 .text.bt_recv  0x00000000000045a8      0x5dc zephyr/subsys/bluetooth/host/libsubsys__bluetooth__host.a(hci_core.c.obj)
                0x00000000000045a8                bt_recv
 .text.bt_recv_prio
                0x0000000000004b84      0x11c zephyr/subsys/bluetooth/host/libsubsys__bluetooth__host.a(hci_core.c.obj)
                0x0000000000004b84                bt_recv_prio
 .text.bt_hci_driver_register
                0x0000000000004ca0       0x28 zephyr/subsys/bluetooth/host/libsubsys__bluetooth__host.a(hci_core.c.obj)
                0x0000000000004ca0                bt_hci_driver_register
 .text.bt_enable
                0x0000000000004cc8       0xa0 zephyr/subsys/bluetooth/host/libsubsys__bluetooth__host.a(hci_core.c.obj)
                0x0000000000004cc8                bt_enable
 .text.bt_addr_le_is_bonded
                0x0000000000004d68        0x4 zephyr/subsys/bluetooth/host/libsubsys__bluetooth__host.a(hci_core.c.obj)
                0x0000000000004d68                bt_addr_le_is_bonded
 .text.bt_le_adv_start
                0x0000000000004d6c      0x138 zephyr/subsys/bluetooth/host/libsubsys__bluetooth__host.a(hci_core.c.obj)
                0x0000000000004d6c                bt_le_adv_start
 .text.bt_le_adv_stop
                0x0000000000004ea4       0x4c zephyr/subsys/bluetooth/host/libsubsys__bluetooth__host.a(hci_core.c.obj)
                0x0000000000004ea4                bt_le_adv_stop
 .text.bt_le_scan_start
                0x0000000000004ef0      0x138 zephyr/subsys/bluetooth/host/libsubsys__bluetooth__host.a(hci_core.c.obj)
                0x0000000000004ef0                bt_le_scan_start
 .text.bt_le_scan_stop
                0x0000000000005028       0x2c zephyr/subsys/bluetooth/host/libsubsys__bluetooth__host.a(hci_core.c.obj)
                0x0000000000005028                bt_le_scan_stop
 .text.bt_buf_get_rx
                0x0000000000005054       0x24 zephyr/subsys/bluetooth/host/libsubsys__bluetooth__host.a(hci_core.c.obj)
                0x0000000000005054                bt_buf_get_rx
 .text.bt_buf_get_cmd_complete
                0x0000000000005078       0x48 zephyr/subsys/bluetooth/host/libsubsys__bluetooth__host.a(hci_core.c.obj)
                0x0000000000005078                bt_buf_get_cmd_complete
 .text.bt_pub_key_gen
                0x00000000000050c0       0x84 zephyr/subsys/bluetooth/host/libsubsys__bluetooth__host.a(hci_core.c.obj)
                0x00000000000050c0                bt_pub_key_gen
 .text.bt_pub_key_get
                0x0000000000005144       0x1c zephyr/subsys/bluetooth/host/libsubsys__bluetooth__host.a(hci_core.c.obj)
                0x0000000000005144                bt_pub_key_get
 .text.bt_dh_key_gen
                0x0000000000005160       0x74 zephyr/subsys/bluetooth/host/libsubsys__bluetooth__host.a(hci_core.c.obj)
                0x0000000000005160                bt_dh_key_gen
 .text.notify_connected
                0x00000000000051d4       0x20 zephyr/subsys/bluetooth/host/libsubsys__bluetooth__host.a(conn.c.obj)
 .text.atomic_get
                0x00000000000051f4        0xc zephyr/subsys/bluetooth/host/libsubsys__bluetooth__host.a(conn.c.obj)
 .text.bt_conn_reset_rx_state
                0x0000000000005200       0x16 zephyr/subsys/bluetooth/host/libsubsys__bluetooth__host.a(conn.c.obj)
 .text.atomic_dec
                0x0000000000005216       0x1a zephyr/subsys/bluetooth/host/libsubsys__bluetooth__host.a(conn.c.obj)
 .text.atomic_inc
                0x0000000000005230       0x1a zephyr/subsys/bluetooth/host/libsubsys__bluetooth__host.a(conn.c.obj)
 *fill*         0x000000000000524a        0x2 
 .text.bt_conn_get_pkts
                0x000000000000524c        0x8 zephyr/subsys/bluetooth/host/libsubsys__bluetooth__host.a(conn.c.obj)
                0x000000000000524c                bt_conn_get_pkts
 .text.notify_le_param_updated
                0x0000000000005254       0x28 zephyr/subsys/bluetooth/host/libsubsys__bluetooth__host.a(conn.c.obj)
                0x0000000000005254                notify_le_param_updated
 .text.le_param_req
                0x000000000000527c       0x40 zephyr/subsys/bluetooth/host/libsubsys__bluetooth__host.a(conn.c.obj)
                0x000000000000527c                le_param_req
 .text.bt_conn_cb_register
                0x00000000000052bc       0x10 zephyr/subsys/bluetooth/host/libsubsys__bluetooth__host.a(conn.c.obj)
                0x00000000000052bc                bt_conn_cb_register
 .text.bt_conn_recv
                0x00000000000052cc       0x8e zephyr/subsys/bluetooth/host/libsubsys__bluetooth__host.a(conn.c.obj)
                0x00000000000052cc                bt_conn_recv
 .text.bt_conn_send_cb
                0x000000000000535a       0x4c zephyr/subsys/bluetooth/host/libsubsys__bluetooth__host.a(conn.c.obj)
                0x000000000000535a                bt_conn_send_cb
 *fill*         0x00000000000053a6        0x2 
 .text.bt_conn_notify_tx
                0x00000000000053a8       0x40 zephyr/subsys/bluetooth/host/libsubsys__bluetooth__host.a(conn.c.obj)
                0x00000000000053a8                bt_conn_notify_tx
 .text.send_frag
                0x00000000000053e8      0x118 zephyr/subsys/bluetooth/host/libsubsys__bluetooth__host.a(conn.c.obj)
 .text.conn_cleanup
                0x0000000000005500       0x30 zephyr/subsys/bluetooth/host/libsubsys__bluetooth__host.a(conn.c.obj)
 .text.bt_conn_prepare_events
                0x0000000000005530       0x90 zephyr/subsys/bluetooth/host/libsubsys__bluetooth__host.a(conn.c.obj)
                0x0000000000005530                bt_conn_prepare_events
 .text.bt_conn_add_le
                0x00000000000055c0       0x68 zephyr/subsys/bluetooth/host/libsubsys__bluetooth__host.a(conn.c.obj)
                0x00000000000055c0                bt_conn_add_le
 .text.bt_conn_set_state
                0x0000000000005628      0x11c zephyr/subsys/bluetooth/host/libsubsys__bluetooth__host.a(conn.c.obj)
                0x0000000000005628                bt_conn_set_state
 .text.bt_conn_lookup_handle
                0x0000000000005744       0x34 zephyr/subsys/bluetooth/host/libsubsys__bluetooth__host.a(conn.c.obj)
                0x0000000000005744                bt_conn_lookup_handle
 .text.bt_conn_addr_le_cmp
                0x0000000000005778       0x30 zephyr/subsys/bluetooth/host/libsubsys__bluetooth__host.a(conn.c.obj)
                0x0000000000005778                bt_conn_addr_le_cmp
 .text.bt_conn_lookup_addr_le
                0x00000000000057a8       0x34 zephyr/subsys/bluetooth/host/libsubsys__bluetooth__host.a(conn.c.obj)
                0x00000000000057a8                bt_conn_lookup_addr_le
 .text.bt_conn_lookup_state_le
                0x00000000000057dc       0x44 zephyr/subsys/bluetooth/host/libsubsys__bluetooth__host.a(conn.c.obj)
                0x00000000000057dc                bt_conn_lookup_state_le
 .text.bt_conn_ref
                0x0000000000005820        0xe zephyr/subsys/bluetooth/host/libsubsys__bluetooth__host.a(conn.c.obj)
                0x0000000000005820                bt_conn_ref
 .text.bt_conn_unref
                0x000000000000582e        0x6 zephyr/subsys/bluetooth/host/libsubsys__bluetooth__host.a(conn.c.obj)
                0x000000000000582e                bt_conn_unref
 .text.bt_conn_disconnect
                0x0000000000005834       0x6c zephyr/subsys/bluetooth/host/libsubsys__bluetooth__host.a(conn.c.obj)
                0x0000000000005834                bt_conn_disconnect
 .text.bt_conn_le_conn_update
                0x00000000000058a0       0x4e zephyr/subsys/bluetooth/host/libsubsys__bluetooth__host.a(conn.c.obj)
                0x00000000000058a0                bt_conn_le_conn_update
 *fill*         0x00000000000058ee        0x2 
 .text.bt_conn_le_param_update
                0x00000000000058f0       0x6c zephyr/subsys/bluetooth/host/libsubsys__bluetooth__host.a(conn.c.obj)
                0x00000000000058f0                bt_conn_le_param_update
 .text.le_conn_update
                0x000000000000595c       0x30 zephyr/subsys/bluetooth/host/libsubsys__bluetooth__host.a(conn.c.obj)
 .text.bt_conn_create_pdu
                0x000000000000598c       0x24 zephyr/subsys/bluetooth/host/libsubsys__bluetooth__host.a(conn.c.obj)
                0x000000000000598c                bt_conn_create_pdu
 .text.create_frag.isra.6
                0x00000000000059b0       0x70 zephyr/subsys/bluetooth/host/libsubsys__bluetooth__host.a(conn.c.obj)
 .text.bt_conn_process_tx
                0x0000000000005a20       0xb4 zephyr/subsys/bluetooth/host/libsubsys__bluetooth__host.a(conn.c.obj)
                0x0000000000005a20                bt_conn_process_tx
 .text.bt_conn_get_id
                0x0000000000005ad4       0x18 zephyr/subsys/bluetooth/host/libsubsys__bluetooth__host.a(conn.c.obj)
                0x0000000000005ad4                bt_conn_get_id
 .text.bt_conn_init
                0x0000000000005aec       0x3c zephyr/subsys/bluetooth/host/libsubsys__bluetooth__host.a(conn.c.obj)
                0x0000000000005aec                bt_conn_init
 .text.l2cap_disconnected
                0x0000000000005b28        0x2 zephyr/subsys/bluetooth/host/libsubsys__bluetooth__host.a(l2cap.c.obj)
 *fill*         0x0000000000005b2a        0x2 
 .text.l2cap_accept
                0x0000000000005b2c       0x1c zephyr/subsys/bluetooth/host/libsubsys__bluetooth__host.a(l2cap.c.obj)
 .text.l2cap_connected
                0x0000000000005b48        0x2 zephyr/subsys/bluetooth/host/libsubsys__bluetooth__host.a(l2cap.c.obj)
 *fill*         0x0000000000005b4a        0x2 
 .text.bt_l2cap_le_fixed_chan_register
                0x0000000000005b4c       0x20 zephyr/subsys/bluetooth/host/libsubsys__bluetooth__host.a(l2cap.c.obj)
                0x0000000000005b4c                bt_l2cap_le_fixed_chan_register
 .text.bt_l2cap_chan_remove
                0x0000000000005b6c       0x44 zephyr/subsys/bluetooth/host/libsubsys__bluetooth__host.a(l2cap.c.obj)
                0x0000000000005b6c                bt_l2cap_chan_remove
 .text.bt_l2cap_chan_del
                0x0000000000005bb0       0x22 zephyr/subsys/bluetooth/host/libsubsys__bluetooth__host.a(l2cap.c.obj)
                0x0000000000005bb0                bt_l2cap_chan_del
 .text.l2cap_rtx_timeout
                0x0000000000005bd2       0x1a zephyr/subsys/bluetooth/host/libsubsys__bluetooth__host.a(l2cap.c.obj)
 .text.bt_l2cap_connected
                0x0000000000005bec       0x74 zephyr/subsys/bluetooth/host/libsubsys__bluetooth__host.a(l2cap.c.obj)
                0x0000000000005bec                bt_l2cap_connected
 .text.bt_l2cap_disconnected
                0x0000000000005c60       0x32 zephyr/subsys/bluetooth/host/libsubsys__bluetooth__host.a(l2cap.c.obj)
                0x0000000000005c60                bt_l2cap_disconnected
 .text.bt_l2cap_create_pdu
                0x0000000000005c92        0x6 zephyr/subsys/bluetooth/host/libsubsys__bluetooth__host.a(l2cap.c.obj)
                0x0000000000005c92                bt_l2cap_create_pdu
 .text.bt_l2cap_send_cb
                0x0000000000005c98       0x2a zephyr/subsys/bluetooth/host/libsubsys__bluetooth__host.a(l2cap.c.obj)
                0x0000000000005c98                bt_l2cap_send_cb
 .text.l2cap_recv
                0x0000000000005cc2       0x76 zephyr/subsys/bluetooth/host/libsubsys__bluetooth__host.a(l2cap.c.obj)
 .text.bt_l2cap_le_lookup_tx_cid
                0x0000000000005d38       0x20 zephyr/subsys/bluetooth/host/libsubsys__bluetooth__host.a(l2cap.c.obj)
                0x0000000000005d38                bt_l2cap_le_lookup_tx_cid
 .text.bt_l2cap_le_lookup_rx_cid
                0x0000000000005d58       0x1e zephyr/subsys/bluetooth/host/libsubsys__bluetooth__host.a(l2cap.c.obj)
                0x0000000000005d58                bt_l2cap_le_lookup_rx_cid
 .text.bt_l2cap_recv
                0x0000000000005d76       0x3a zephyr/subsys/bluetooth/host/libsubsys__bluetooth__host.a(l2cap.c.obj)
                0x0000000000005d76                bt_l2cap_recv
 .text.bt_l2cap_update_conn_param
                0x0000000000005db0       0x6c zephyr/subsys/bluetooth/host/libsubsys__bluetooth__host.a(l2cap.c.obj)
                0x0000000000005db0                bt_l2cap_update_conn_param
 .text.bt_l2cap_init
                0x0000000000005e1c        0xc zephyr/subsys/bluetooth/host/libsubsys__bluetooth__host.a(l2cap.c.obj)
                0x0000000000005e1c                bt_l2cap_init
 .text.att_exec_write_req
                0x0000000000005e28        0x4 zephyr/subsys/bluetooth/host/libsubsys__bluetooth__host.a(att.c.obj)
 .text.att_op_get_type
                0x0000000000005e2c       0x30 zephyr/subsys/bluetooth/host/libsubsys__bluetooth__host.a(att.c.obj)
 .text.att_req_destroy
                0x0000000000005e5c       0x22 zephyr/subsys/bluetooth/host/libsubsys__bluetooth__host.a(att.c.obj)
 .text.att_notify
                0x0000000000005e7e        0xe zephyr/subsys/bluetooth/host/libsubsys__bluetooth__host.a(att.c.obj)
 .text.read_group_cb
                0x0000000000005e8c       0xce zephyr/subsys/bluetooth/host/libsubsys__bluetooth__host.a(att.c.obj)
 .text.find_info_cb
                0x0000000000005f5a       0x9a zephyr/subsys/bluetooth/host/libsubsys__bluetooth__host.a(att.c.obj)
 .text.find_type_cb
                0x0000000000005ff4       0xa6 zephyr/subsys/bluetooth/host/libsubsys__bluetooth__host.a(att.c.obj)
 *fill*         0x000000000000609a        0x2 
 .text.bt_att_connected
                0x000000000000609c       0x2c zephyr/subsys/bluetooth/host/libsubsys__bluetooth__host.a(att.c.obj)
 .text.check_perm.isra.3
                0x00000000000060c8       0x40 zephyr/subsys/bluetooth/host/libsubsys__bluetooth__host.a(att.c.obj)
 .text.read_type_cb
                0x0000000000006108       0xbc zephyr/subsys/bluetooth/host/libsubsys__bluetooth__host.a(att.c.obj)
 .text.uuid_create
                0x00000000000061c4       0x32 zephyr/subsys/bluetooth/host/libsubsys__bluetooth__host.a(att.c.obj)
 *fill*         0x00000000000061f6        0x2 
 .text.att_req_sent
                0x00000000000061f8       0x30 zephyr/subsys/bluetooth/host/libsubsys__bluetooth__host.a(att.c.obj)
 .text.bt_att_accept
                0x0000000000006228       0x48 zephyr/subsys/bluetooth/host/libsubsys__bluetooth__host.a(att.c.obj)
 .text.att_is_connected
                0x0000000000006270       0x22 zephyr/subsys/bluetooth/host/libsubsys__bluetooth__host.a(att.c.obj)
 .text.att_prepare_write_req
                0x0000000000006292        0x4 zephyr/subsys/bluetooth/host/libsubsys__bluetooth__host.a(att.c.obj)
 .text.att_chan_get
                0x0000000000006296       0x28 zephyr/subsys/bluetooth/host/libsubsys__bluetooth__host.a(att.c.obj)
 .text.att_pdu_sent
                0x00000000000062be       0x12 zephyr/subsys/bluetooth/host/libsubsys__bluetooth__host.a(att.c.obj)
 .text.att_cfm_sent
                0x00000000000062d0       0x2e zephyr/subsys/bluetooth/host/libsubsys__bluetooth__host.a(att.c.obj)
 .text.att_rsp_sent
                0x00000000000062fe       0x2e zephyr/subsys/bluetooth/host/libsubsys__bluetooth__host.a(att.c.obj)
 .text.write_cb
                0x000000000000632c       0x56 zephyr/subsys/bluetooth/host/libsubsys__bluetooth__host.a(att.c.obj)
 *fill*         0x0000000000006382        0x2 
 .text.att_send_req
                0x0000000000006384       0x78 zephyr/subsys/bluetooth/host/libsubsys__bluetooth__host.a(att.c.obj)
 .text.att_handle_rsp
                0x00000000000063fc       0x76 zephyr/subsys/bluetooth/host/libsubsys__bluetooth__host.a(att.c.obj)
 .text.att_confirm
                0x0000000000006472        0xa zephyr/subsys/bluetooth/host/libsubsys__bluetooth__host.a(att.c.obj)
 .text.att_handle_exec_write_rsp
                0x000000000000647c        0x4 zephyr/subsys/bluetooth/host/libsubsys__bluetooth__host.a(att.c.obj)
 .text.att_handle_prepare_write_rsp
                0x0000000000006480        0x4 zephyr/subsys/bluetooth/host/libsubsys__bluetooth__host.a(att.c.obj)
 .text.att_handle_write_rsp
                0x0000000000006484        0x4 zephyr/subsys/bluetooth/host/libsubsys__bluetooth__host.a(att.c.obj)
 .text.att_handle_read_mult_rsp
                0x0000000000006488        0x4 zephyr/subsys/bluetooth/host/libsubsys__bluetooth__host.a(att.c.obj)
 .text.att_handle_read_blob_rsp
                0x000000000000648c        0x4 zephyr/subsys/bluetooth/host/libsubsys__bluetooth__host.a(att.c.obj)
 .text.att_handle_read_rsp
                0x0000000000006490        0x4 zephyr/subsys/bluetooth/host/libsubsys__bluetooth__host.a(att.c.obj)
 .text.att_handle_read_type_rsp
                0x0000000000006494        0x4 zephyr/subsys/bluetooth/host/libsubsys__bluetooth__host.a(att.c.obj)
 .text.att_handle_find_type_rsp
                0x0000000000006498        0x4 zephyr/subsys/bluetooth/host/libsubsys__bluetooth__host.a(att.c.obj)
 .text.att_handle_find_info_rsp
                0x000000000000649c        0x4 zephyr/subsys/bluetooth/host/libsubsys__bluetooth__host.a(att.c.obj)
 .text.att_mtu_rsp
                0x00000000000064a0       0x30 zephyr/subsys/bluetooth/host/libsubsys__bluetooth__host.a(att.c.obj)
 .text.att_error_rsp
                0x00000000000064d0       0x2c zephyr/subsys/bluetooth/host/libsubsys__bluetooth__host.a(att.c.obj)
 .text.att_reset
                0x00000000000064fc       0x7c zephyr/subsys/bluetooth/host/libsubsys__bluetooth__host.a(att.c.obj)
 .text.bt_att_disconnected
                0x0000000000006578       0x1c zephyr/subsys/bluetooth/host/libsubsys__bluetooth__host.a(att.c.obj)
 .text.att_timeout
                0x0000000000006594       0x1a zephyr/subsys/bluetooth/host/libsubsys__bluetooth__host.a(att.c.obj)
 .text.read_cb  0x00000000000065ae       0x76 zephyr/subsys/bluetooth/host/libsubsys__bluetooth__host.a(att.c.obj)
 .text.bt_att_create_pdu
                0x0000000000006624       0x32 zephyr/subsys/bluetooth/host/libsubsys__bluetooth__host.a(att.c.obj)
                0x0000000000006624                bt_att_create_pdu
 *fill*         0x0000000000006656        0x2 
 .text.att_indicate
                0x0000000000006658       0x2c zephyr/subsys/bluetooth/host/libsubsys__bluetooth__host.a(att.c.obj)
 .text.att_mtu_req
                0x0000000000006684       0x60 zephyr/subsys/bluetooth/host/libsubsys__bluetooth__host.a(att.c.obj)
 .text.send_err_rsp.part.9
                0x00000000000066e4       0x44 zephyr/subsys/bluetooth/host/libsubsys__bluetooth__host.a(att.c.obj)
 .text.bt_att_recv
                0x0000000000006728       0xd4 zephyr/subsys/bluetooth/host/libsubsys__bluetooth__host.a(att.c.obj)
 .text.att_read_group_req
                0x00000000000067fc      0x108 zephyr/subsys/bluetooth/host/libsubsys__bluetooth__host.a(att.c.obj)
 .text.att_read_mult_req
                0x0000000000006904       0x8c zephyr/subsys/bluetooth/host/libsubsys__bluetooth__host.a(att.c.obj)
 .text.att_read_rsp
                0x0000000000006990       0x8c zephyr/subsys/bluetooth/host/libsubsys__bluetooth__host.a(att.c.obj)
 .text.att_read_blob_req
                0x0000000000006a1c       0x18 zephyr/subsys/bluetooth/host/libsubsys__bluetooth__host.a(att.c.obj)
 .text.att_read_req
                0x0000000000006a34       0x18 zephyr/subsys/bluetooth/host/libsubsys__bluetooth__host.a(att.c.obj)
 .text.att_read_type_req
                0x0000000000006a4c       0xd4 zephyr/subsys/bluetooth/host/libsubsys__bluetooth__host.a(att.c.obj)
 .text.att_find_type_req
                0x0000000000006b20       0xc4 zephyr/subsys/bluetooth/host/libsubsys__bluetooth__host.a(att.c.obj)
 .text.att_find_info_req
                0x0000000000006be4       0x78 zephyr/subsys/bluetooth/host/libsubsys__bluetooth__host.a(att.c.obj)
 .text.att_write_rsp.part.10.constprop.14
                0x0000000000006c5c       0xac zephyr/subsys/bluetooth/host/libsubsys__bluetooth__host.a(att.c.obj)
 .text.att_signed_write_cmd
                0x0000000000006d08       0x62 zephyr/subsys/bluetooth/host/libsubsys__bluetooth__host.a(att.c.obj)
 .text.att_write_cmd
                0x0000000000006d6a       0x2c zephyr/subsys/bluetooth/host/libsubsys__bluetooth__host.a(att.c.obj)
 .text.att_write_req
                0x0000000000006d96       0x2c zephyr/subsys/bluetooth/host/libsubsys__bluetooth__host.a(att.c.obj)
 *fill*         0x0000000000006dc2        0x2 
 .text.bt_att_init
                0x0000000000006dc4       0x14 zephyr/subsys/bluetooth/host/libsubsys__bluetooth__host.a(att.c.obj)
                0x0000000000006dc4                bt_att_init
 .text.bt_att_get_mtu
                0x0000000000006dd8        0xe zephyr/subsys/bluetooth/host/libsubsys__bluetooth__host.a(att.c.obj)
                0x0000000000006dd8                bt_att_get_mtu
 .text.bt_att_req_send
                0x0000000000006de6       0x4a zephyr/subsys/bluetooth/host/libsubsys__bluetooth__host.a(att.c.obj)
                0x0000000000006de6                bt_att_req_send
 .text.sc_ccc_cfg_changed
                0x0000000000006e30        0x2 zephyr/subsys/bluetooth/host/libsubsys__bluetooth__host.a(gatt.c.obj)
 .text.find_next
                0x0000000000006e32        0x6 zephyr/subsys/bluetooth/host/libsubsys__bluetooth__host.a(gatt.c.obj)
 .text.gatt_ccc_changed
                0x0000000000006e38       0x32 zephyr/subsys/bluetooth/host/libsubsys__bluetooth__host.a(gatt.c.obj)
 .text.gatt_indicate_rsp
                0x0000000000006e6a       0x10 zephyr/subsys/bluetooth/host/libsubsys__bluetooth__host.a(gatt.c.obj)
 .text.bt_gatt_attr_write_ccc
                0x0000000000006e7a       0xbc zephyr/subsys/bluetooth/host/libsubsys__bluetooth__host.a(gatt.c.obj)
                0x0000000000006e7a                bt_gatt_attr_write_ccc
 .text.gatt_notify
                0x0000000000006f36       0x56 zephyr/subsys/bluetooth/host/libsubsys__bluetooth__host.a(gatt.c.obj)
 .text.gatt_indicate
                0x0000000000006f8c       0x6c zephyr/subsys/bluetooth/host/libsubsys__bluetooth__host.a(gatt.c.obj)
 .text.gatt_register
                0x0000000000006ff8       0x6c zephyr/subsys/bluetooth/host/libsubsys__bluetooth__host.a(gatt.c.obj)
 .text.sc_indicate.constprop.17
                0x0000000000007064       0x6c zephyr/subsys/bluetooth/host/libsubsys__bluetooth__host.a(gatt.c.obj)
 .text.connected_cb
                0x00000000000070d0       0x70 zephyr/subsys/bluetooth/host/libsubsys__bluetooth__host.a(gatt.c.obj)
 .text.sc_indicate_rsp
                0x0000000000007140       0x40 zephyr/subsys/bluetooth/host/libsubsys__bluetooth__host.a(gatt.c.obj)
 .text.read_appearance
                0x0000000000007180       0x36 zephyr/subsys/bluetooth/host/libsubsys__bluetooth__host.a(gatt.c.obj)
 *fill*         0x00000000000071b6        0x2 
 .text.disconnected_cb
                0x00000000000071b8       0x9c zephyr/subsys/bluetooth/host/libsubsys__bluetooth__host.a(gatt.c.obj)
 .text.read_name
                0x0000000000007254       0x40 zephyr/subsys/bluetooth/host/libsubsys__bluetooth__host.a(gatt.c.obj)
 .text.bt_gatt_attr_read_ccc
                0x0000000000007294       0x6e zephyr/subsys/bluetooth/host/libsubsys__bluetooth__host.a(gatt.c.obj)
                0x0000000000007294                bt_gatt_attr_read_ccc
 .text.bt_gatt_attr_read_service
                0x0000000000007302       0x52 zephyr/subsys/bluetooth/host/libsubsys__bluetooth__host.a(gatt.c.obj)
                0x0000000000007302                bt_gatt_attr_read_service
 .text.notify_cb
                0x0000000000007354       0xfc zephyr/subsys/bluetooth/host/libsubsys__bluetooth__host.a(gatt.c.obj)
 .text.bt_gatt_init
                0x0000000000007450       0x2c zephyr/subsys/bluetooth/host/libsubsys__bluetooth__host.a(gatt.c.obj)
                0x0000000000007450                bt_gatt_init
 .text.bt_gatt_service_register
                0x000000000000747c       0x62 zephyr/subsys/bluetooth/host/libsubsys__bluetooth__host.a(gatt.c.obj)
                0x000000000000747c                bt_gatt_service_register
 *fill*         0x00000000000074de        0x2 
 .text.bt_gatt_service_unregister
                0x00000000000074e0       0x58 zephyr/subsys/bluetooth/host/libsubsys__bluetooth__host.a(gatt.c.obj)
                0x00000000000074e0                bt_gatt_service_unregister
 .text.bt_gatt_attr_read
                0x0000000000007538       0x2e zephyr/subsys/bluetooth/host/libsubsys__bluetooth__host.a(gatt.c.obj)
                0x0000000000007538                bt_gatt_attr_read
 *fill*         0x0000000000007566        0x2 
 .text.bt_gatt_foreach_attr
                0x0000000000007568       0x54 zephyr/subsys/bluetooth/host/libsubsys__bluetooth__host.a(gatt.c.obj)
                0x0000000000007568                bt_gatt_foreach_attr
 .text.bt_gatt_indicate.part.8
                0x00000000000075bc       0x2c zephyr/subsys/bluetooth/host/libsubsys__bluetooth__host.a(gatt.c.obj)
 .text.sc_process
                0x00000000000075e8       0x80 zephyr/subsys/bluetooth/host/libsubsys__bluetooth__host.a(gatt.c.obj)
 .text.bt_gatt_attr_next
                0x0000000000007668       0x24 zephyr/subsys/bluetooth/host/libsubsys__bluetooth__host.a(gatt.c.obj)
                0x0000000000007668                bt_gatt_attr_next
 .text.bt_gatt_attr_read_chrc
                0x000000000000768c       0x70 zephyr/subsys/bluetooth/host/libsubsys__bluetooth__host.a(gatt.c.obj)
                0x000000000000768c                bt_gatt_attr_read_chrc
 .text.bt_gatt_notify
                0x00000000000076fc       0x40 zephyr/subsys/bluetooth/host/libsubsys__bluetooth__host.a(gatt.c.obj)
                0x00000000000076fc                bt_gatt_notify
 .text.bt_gatt_get_mtu
                0x000000000000773c        0x4 zephyr/subsys/bluetooth/host/libsubsys__bluetooth__host.a(gatt.c.obj)
                0x000000000000773c                bt_gatt_get_mtu
 .text.bt_gatt_connected
                0x0000000000007740       0x14 zephyr/subsys/bluetooth/host/libsubsys__bluetooth__host.a(gatt.c.obj)
                0x0000000000007740                bt_gatt_connected
 .text.bt_gatt_disconnected
                0x0000000000007754       0x14 zephyr/subsys/bluetooth/host/libsubsys__bluetooth__host.a(gatt.c.obj)
                0x0000000000007754                bt_gatt_disconnected
 .text.bt_smp_accept
                0x0000000000007768       0x1c zephyr/subsys/bluetooth/host/libsubsys__bluetooth__host.a(smp_null.c.obj)
 .text.bt_smp_recv
                0x0000000000007784       0x3a zephyr/subsys/bluetooth/host/libsubsys__bluetooth__host.a(smp_null.c.obj)
 .text.bt_smp_sign_verify
                0x00000000000077be        0x6 zephyr/subsys/bluetooth/host/libsubsys__bluetooth__host.a(smp_null.c.obj)
                0x00000000000077be                bt_smp_sign_verify
 .text.bt_smp_init
                0x00000000000077c4       0x10 zephyr/subsys/bluetooth/host/libsubsys__bluetooth__host.a(smp_null.c.obj)
                0x00000000000077c4                bt_smp_init
 .text.bt_mesh_provision
                0x00000000000077d4       0x90 zephyr/subsys/bluetooth/host/mesh/libsubsys__bluetooth__host__mesh.a(main.c.obj)
                0x00000000000077d4                bt_mesh_provision
 .text.bt_mesh_reset
                0x0000000000007864       0x84 zephyr/subsys/bluetooth/host/mesh/libsubsys__bluetooth__host__mesh.a(main.c.obj)
                0x0000000000007864                bt_mesh_reset
 .text.bt_mesh_is_provisioned
                0x00000000000078e8        0xc zephyr/subsys/bluetooth/host/mesh/libsubsys__bluetooth__host__mesh.a(main.c.obj)
                0x00000000000078e8                bt_mesh_is_provisioned
 .text.bt_mesh_prov_enable
                0x00000000000078f4       0x34 zephyr/subsys/bluetooth/host/mesh/libsubsys__bluetooth__host__mesh.a(main.c.obj)
                0x00000000000078f4                bt_mesh_prov_enable
 .text.bt_mesh_init
                0x0000000000007928       0x30 zephyr/subsys/bluetooth/host/mesh/libsubsys__bluetooth__host__mesh.a(main.c.obj)
                0x0000000000007928                bt_mesh_init
 .text.adv_alloc
                0x0000000000007958       0x10 zephyr/subsys/bluetooth/host/mesh/libsubsys__bluetooth__host__mesh.a(adv.c.obj)
 .text.bt_mesh_scan_cb
                0x0000000000007968       0x82 zephyr/subsys/bluetooth/host/mesh/libsubsys__bluetooth__host__mesh.a(adv.c.obj)
 *fill*         0x00000000000079ea        0x2 
 .text.adv_thread
                0x00000000000079ec      0x110 zephyr/subsys/bluetooth/host/mesh/libsubsys__bluetooth__host__mesh.a(adv.c.obj)
 .text.bt_mesh_adv_update
                0x0000000000007afc        0xc zephyr/subsys/bluetooth/host/mesh/libsubsys__bluetooth__host__mesh.a(adv.c.obj)
                0x0000000000007afc                bt_mesh_adv_update
 .text.bt_mesh_adv_create_from_pool
                0x0000000000007b08       0x4a zephyr/subsys/bluetooth/host/mesh/libsubsys__bluetooth__host__mesh.a(adv.c.obj)
                0x0000000000007b08                bt_mesh_adv_create_from_pool
 *fill*         0x0000000000007b52        0x2 
 .text.bt_mesh_adv_create
                0x0000000000007b54       0x20 zephyr/subsys/bluetooth/host/mesh/libsubsys__bluetooth__host__mesh.a(adv.c.obj)
                0x0000000000007b54                bt_mesh_adv_create
 .text.bt_mesh_adv_send
                0x0000000000007b74       0x30 zephyr/subsys/bluetooth/host/mesh/libsubsys__bluetooth__host__mesh.a(adv.c.obj)
                0x0000000000007b74                bt_mesh_adv_send
 .text.bt_mesh_adv_init
                0x0000000000007ba4       0x34 zephyr/subsys/bluetooth/host/mesh/libsubsys__bluetooth__host__mesh.a(adv.c.obj)
                0x0000000000007ba4                bt_mesh_adv_init
 .text.bt_mesh_scan_enable
                0x0000000000007bd8       0x24 zephyr/subsys/bluetooth/host/mesh/libsubsys__bluetooth__host__mesh.a(adv.c.obj)
                0x0000000000007bd8                bt_mesh_scan_enable
 .text.bt_mesh_scan_disable
                0x0000000000007bfc        0x4 zephyr/subsys/bluetooth/host/mesh/libsubsys__bluetooth__host__mesh.a(adv.c.obj)
                0x0000000000007bfc                bt_mesh_scan_disable
 .text.beacon_complete
                0x0000000000007c00        0xc zephyr/subsys/bluetooth/host/mesh/libsubsys__bluetooth__host__mesh.a(beacon.c.obj)
 .text.bt_mesh_beacon_ivu_initiator.part.1
                0x0000000000007c0c       0x18 zephyr/subsys/bluetooth/host/mesh/libsubsys__bluetooth__host__mesh.a(beacon.c.obj)
 .text.k_work_submit_to_queue.constprop.4
                0x0000000000007c24       0x30 zephyr/subsys/bluetooth/host/mesh/libsubsys__bluetooth__host__mesh.a(beacon.c.obj)
 .text.bt_mesh_beacon_create
                0x0000000000007c54       0x54 zephyr/subsys/bluetooth/host/mesh/libsubsys__bluetooth__host__mesh.a(beacon.c.obj)
                0x0000000000007c54                bt_mesh_beacon_create
 .text.beacon_send
                0x0000000000007ca8      0x158 zephyr/subsys/bluetooth/host/mesh/libsubsys__bluetooth__host__mesh.a(beacon.c.obj)
 .text.bt_mesh_beacon_recv
                0x0000000000007e00      0x130 zephyr/subsys/bluetooth/host/mesh/libsubsys__bluetooth__host__mesh.a(beacon.c.obj)
                0x0000000000007e00                bt_mesh_beacon_recv
 .text.bt_mesh_beacon_init
                0x0000000000007f30       0x10 zephyr/subsys/bluetooth/host/mesh/libsubsys__bluetooth__host__mesh.a(beacon.c.obj)
                0x0000000000007f30                bt_mesh_beacon_init
 .text.bt_mesh_beacon_ivu_initiator
                0x0000000000007f40       0x18 zephyr/subsys/bluetooth/host/mesh/libsubsys__bluetooth__host__mesh.a(beacon.c.obj)
                0x0000000000007f40                bt_mesh_beacon_ivu_initiator
 .text.bt_mesh_beacon_enable
                0x0000000000007f58       0x54 zephyr/subsys/bluetooth/host/mesh/libsubsys__bluetooth__host__mesh.a(beacon.c.obj)
                0x0000000000007f58                bt_mesh_beacon_enable
 .text.bt_mesh_beacon_disable
                0x0000000000007fac       0x18 zephyr/subsys/bluetooth/host/mesh/libsubsys__bluetooth__host__mesh.a(beacon.c.obj)
                0x0000000000007fac                bt_mesh_beacon_disable
 .text.auth_match
                0x0000000000007fc4       0x46 zephyr/subsys/bluetooth/host/mesh/libsubsys__bluetooth__host__mesh.a(net.c.obj)
 *fill*         0x000000000000800a        0x2 
 .text.net_decrypt.isra.2
                0x000000000000800c      0x11c zephyr/subsys/bluetooth/host/mesh/libsubsys__bluetooth__host__mesh.a(net.c.obj)
 .text.bt_mesh_subnet_get
                0x0000000000008128       0x3c zephyr/subsys/bluetooth/host/mesh/libsubsys__bluetooth__host__mesh.a(net.c.obj)
                0x0000000000008128                bt_mesh_subnet_get
 .text.bt_mesh_net_keys_create
                0x0000000000008164       0x6c zephyr/subsys/bluetooth/host/mesh/libsubsys__bluetooth__host__mesh.a(net.c.obj)
                0x0000000000008164                bt_mesh_net_keys_create
 .text.friend_cred_set
                0x00000000000081d0       0x68 zephyr/subsys/bluetooth/host/mesh/libsubsys__bluetooth__host__mesh.a(net.c.obj)
                0x00000000000081d0                friend_cred_set
 .text.friend_cred_refresh
                0x0000000000008238       0x48 zephyr/subsys/bluetooth/host/mesh/libsubsys__bluetooth__host__mesh.a(net.c.obj)
                0x0000000000008238                friend_cred_refresh
 .text.friend_cred_update
                0x0000000000008280       0x4c zephyr/subsys/bluetooth/host/mesh/libsubsys__bluetooth__host__mesh.a(net.c.obj)
                0x0000000000008280                friend_cred_update
 .text.friend_cred_clear
                0x00000000000082cc       0x16 zephyr/subsys/bluetooth/host/mesh/libsubsys__bluetooth__host__mesh.a(net.c.obj)
                0x00000000000082cc                friend_cred_clear
 *fill*         0x00000000000082e2        0x2 
 .text.friend_cred_create
                0x00000000000082e4       0x78 zephyr/subsys/bluetooth/host/mesh/libsubsys__bluetooth__host__mesh.a(net.c.obj)
                0x00000000000082e4                friend_cred_create
 .text.friend_cred_del
                0x000000000000835c       0x40 zephyr/subsys/bluetooth/host/mesh/libsubsys__bluetooth__host__mesh.a(net.c.obj)
                0x000000000000835c                friend_cred_del
 .text.friend_cred_get
                0x000000000000839c       0x78 zephyr/subsys/bluetooth/host/mesh/libsubsys__bluetooth__host__mesh.a(net.c.obj)
                0x000000000000839c                friend_cred_get
 .text.bt_mesh_net_flags
                0x0000000000008414       0x18 zephyr/subsys/bluetooth/host/mesh/libsubsys__bluetooth__host__mesh.a(net.c.obj)
                0x0000000000008414                bt_mesh_net_flags
 .text.bt_mesh_net_beacon_update
                0x000000000000842c       0x34 zephyr/subsys/bluetooth/host/mesh/libsubsys__bluetooth__host__mesh.a(net.c.obj)
                0x000000000000842c                bt_mesh_net_beacon_update
 .text.bt_mesh_net_create
                0x0000000000008460       0xa8 zephyr/subsys/bluetooth/host/mesh/libsubsys__bluetooth__host__mesh.a(net.c.obj)
                0x0000000000008460                bt_mesh_net_create
 .text.bt_mesh_net_revoke_keys
                0x0000000000008508       0x64 zephyr/subsys/bluetooth/host/mesh/libsubsys__bluetooth__host__mesh.a(net.c.obj)
                0x0000000000008508                bt_mesh_net_revoke_keys
 .text.bt_mesh_kr_update
                0x000000000000856c       0x4a zephyr/subsys/bluetooth/host/mesh/libsubsys__bluetooth__host__mesh.a(net.c.obj)
                0x000000000000856c                bt_mesh_kr_update
 *fill*         0x00000000000085b6        0x2 
 .text.bt_mesh_rpl_reset
                0x00000000000085b8       0x30 zephyr/subsys/bluetooth/host/mesh/libsubsys__bluetooth__host__mesh.a(net.c.obj)
                0x00000000000085b8                bt_mesh_rpl_reset
 .text.bt_mesh_net_sec_update
                0x00000000000085e8       0x26 zephyr/subsys/bluetooth/host/mesh/libsubsys__bluetooth__host__mesh.a(net.c.obj)
                0x00000000000085e8                bt_mesh_net_sec_update
 *fill*         0x000000000000860e        0x2 
 .text.bt_mesh_net_iv_update
                0x0000000000008610      0x100 zephyr/subsys/bluetooth/host/mesh/libsubsys__bluetooth__host__mesh.a(net.c.obj)
                0x0000000000008610                bt_mesh_net_iv_update
 .text.ivu_complete
                0x0000000000008710       0x1c zephyr/subsys/bluetooth/host/mesh/libsubsys__bluetooth__host__mesh.a(net.c.obj)
 .text.bt_mesh_net_resend
                0x000000000000872c       0xe0 zephyr/subsys/bluetooth/host/mesh/libsubsys__bluetooth__host__mesh.a(net.c.obj)
                0x000000000000872c                bt_mesh_net_resend
 .text.bt_mesh_net_encode
                0x000000000000880c       0xf4 zephyr/subsys/bluetooth/host/mesh/libsubsys__bluetooth__host__mesh.a(net.c.obj)
                0x000000000000880c                bt_mesh_net_encode
 .text.bt_mesh_net_send
                0x0000000000008900       0xfc zephyr/subsys/bluetooth/host/mesh/libsubsys__bluetooth__host__mesh.a(net.c.obj)
                0x0000000000008900                bt_mesh_net_send
 .text.bt_mesh_subnet_find
                0x00000000000089fc       0xb8 zephyr/subsys/bluetooth/host/mesh/libsubsys__bluetooth__host__mesh.a(net.c.obj)
                0x00000000000089fc                bt_mesh_subnet_find
 .text.bt_mesh_net_decode
                0x0000000000008ab4      0x278 zephyr/subsys/bluetooth/host/mesh/libsubsys__bluetooth__host__mesh.a(net.c.obj)
                0x0000000000008ab4                bt_mesh_net_decode
 .text.bt_mesh_net_recv
                0x0000000000008d2c      0x21c zephyr/subsys/bluetooth/host/mesh/libsubsys__bluetooth__host__mesh.a(net.c.obj)
                0x0000000000008d2c                bt_mesh_net_recv
 .text.bt_mesh_net_local
                0x0000000000008f48       0x28 zephyr/subsys/bluetooth/host/mesh/libsubsys__bluetooth__host__mesh.a(net.c.obj)
 .text.bt_mesh_net_init
                0x0000000000008f70       0x3c zephyr/subsys/bluetooth/host/mesh/libsubsys__bluetooth__host__mesh.a(net.c.obj)
                0x0000000000008f70                bt_mesh_net_init
 .text.seg_send_start
                0x0000000000008fac        0xe zephyr/subsys/bluetooth/host/mesh/libsubsys__bluetooth__host__mesh.a(transport.c.obj)
 *fill*         0x0000000000008fba        0x2 
 .text.is_replay
                0x0000000000008fbc       0x74 zephyr/subsys/bluetooth/host/mesh/libsubsys__bluetooth__host__mesh.a(transport.c.obj)
 .text.send_unseg
                0x0000000000009030       0x9a zephyr/subsys/bluetooth/host/mesh/libsubsys__bluetooth__host__mesh.a(transport.c.obj)
 *fill*         0x00000000000090ca        0x2 
 .text.sdu_recv
                0x00000000000090cc      0x150 zephyr/subsys/bluetooth/host/mesh/libsubsys__bluetooth__host__mesh.a(transport.c.obj)
 .text.seg_rx_reset
                0x000000000000921c       0x42 zephyr/subsys/bluetooth/host/mesh/libsubsys__bluetooth__host__mesh.a(transport.c.obj)
 *fill*         0x000000000000925e        0x2 
 .text.seg_tx_reset
                0x0000000000009260       0x74 zephyr/subsys/bluetooth/host/mesh/libsubsys__bluetooth__host__mesh.a(transport.c.obj)
 .text.send_seg
                0x00000000000092d4      0x1f0 zephyr/subsys/bluetooth/host/mesh/libsubsys__bluetooth__host__mesh.a(transport.c.obj)
 .text.seg_tx_complete
                0x00000000000094c4       0x1c zephyr/subsys/bluetooth/host/mesh/libsubsys__bluetooth__host__mesh.a(transport.c.obj)
 .text.seg_tx_send_unacked
                0x00000000000094e0       0x6c zephyr/subsys/bluetooth/host/mesh/libsubsys__bluetooth__host__mesh.a(transport.c.obj)
 .text.ctl_recv
                0x000000000000954c      0x1e0 zephyr/subsys/bluetooth/host/mesh/libsubsys__bluetooth__host__mesh.a(transport.c.obj)
 .text.seg_retransmit
                0x000000000000972c        0x6 zephyr/subsys/bluetooth/host/mesh/libsubsys__bluetooth__host__mesh.a(transport.c.obj)
 *fill*         0x0000000000009732        0x2 
 .text.seg_sent
                0x0000000000009734       0x10 zephyr/subsys/bluetooth/host/mesh/libsubsys__bluetooth__host__mesh.a(transport.c.obj)
 .text.bt_mesh_set_hb_sub_dst
                0x0000000000009744        0xc zephyr/subsys/bluetooth/host/mesh/libsubsys__bluetooth__host__mesh.a(transport.c.obj)
                0x0000000000009744                bt_mesh_set_hb_sub_dst
 .text.bt_mesh_tx_in_progress
                0x0000000000009750       0x14 zephyr/subsys/bluetooth/host/mesh/libsubsys__bluetooth__host__mesh.a(transport.c.obj)
                0x0000000000009750                bt_mesh_tx_in_progress
 .text.bt_mesh_app_key_find
                0x0000000000009764       0x48 zephyr/subsys/bluetooth/host/mesh/libsubsys__bluetooth__host__mesh.a(transport.c.obj)
                0x0000000000009764                bt_mesh_app_key_find
 .text.bt_mesh_trans_send
                0x00000000000097ac      0x12c zephyr/subsys/bluetooth/host/mesh/libsubsys__bluetooth__host__mesh.a(transport.c.obj)
                0x00000000000097ac                bt_mesh_trans_send
 .text.bt_mesh_ctl_send
                0x00000000000098d8       0x90 zephyr/subsys/bluetooth/host/mesh/libsubsys__bluetooth__host__mesh.a(transport.c.obj)
                0x00000000000098d8                bt_mesh_ctl_send
 .text.send_ack
                0x0000000000009968       0x9c zephyr/subsys/bluetooth/host/mesh/libsubsys__bluetooth__host__mesh.a(transport.c.obj)
 .text.seg_ack  0x0000000000009a04       0xa0 zephyr/subsys/bluetooth/host/mesh/libsubsys__bluetooth__host__mesh.a(transport.c.obj)
 .text.bt_mesh_trans_recv
                0x0000000000009aa4      0x410 zephyr/subsys/bluetooth/host/mesh/libsubsys__bluetooth__host__mesh.a(transport.c.obj)
                0x0000000000009aa4                bt_mesh_trans_recv
 .text.bt_mesh_rx_reset
                0x0000000000009eb4       0x18 zephyr/subsys/bluetooth/host/mesh/libsubsys__bluetooth__host__mesh.a(transport.c.obj)
                0x0000000000009eb4                bt_mesh_rx_reset
 .text.bt_mesh_tx_reset
                0x0000000000009ecc        0xc zephyr/subsys/bluetooth/host/mesh/libsubsys__bluetooth__host__mesh.a(transport.c.obj)
                0x0000000000009ecc                bt_mesh_tx_reset
 .text.bt_mesh_trans_init
                0x0000000000009ed8       0x28 zephyr/subsys/bluetooth/host/mesh/libsubsys__bluetooth__host__mesh.a(transport.c.obj)
                0x0000000000009ed8                bt_mesh_trans_init
 .text.sys_put_be32
                0x0000000000009f00       0x12 zephyr/subsys/bluetooth/host/mesh/libsubsys__bluetooth__host__mesh.a(crypto.c.obj)
 .text.bt_mesh_ccm_encrypt
                0x0000000000009f12      0x28a zephyr/subsys/bluetooth/host/mesh/libsubsys__bluetooth__host__mesh.a(crypto.c.obj)
 .text.bt_mesh_ccm_decrypt
                0x000000000000a19c      0x2a2 zephyr/subsys/bluetooth/host/mesh/libsubsys__bluetooth__host__mesh.a(crypto.c.obj)
 .text.bt_mesh_aes_cmac
                0x000000000000a43e       0x44 zephyr/subsys/bluetooth/host/mesh/libsubsys__bluetooth__host__mesh.a(crypto.c.obj)
                0x000000000000a43e                bt_mesh_aes_cmac
 .text.bt_mesh_aes_cmac_one
                0x000000000000a482       0x14 zephyr/subsys/bluetooth/host/mesh/libsubsys__bluetooth__host__mesh.a(crypto.c.obj)
 .text.bt_mesh_s1
                0x000000000000a496       0x2e zephyr/subsys/bluetooth/host/mesh/libsubsys__bluetooth__host__mesh.a(crypto.c.obj)
 .text.bt_mesh_k1
                0x000000000000a4c4       0x30 zephyr/subsys/bluetooth/host/mesh/libsubsys__bluetooth__host__mesh.a(crypto.c.obj)
                0x000000000000a4c4                bt_mesh_k1
 .text.bt_mesh_k2
                0x000000000000a4f4       0xb0 zephyr/subsys/bluetooth/host/mesh/libsubsys__bluetooth__host__mesh.a(crypto.c.obj)
                0x000000000000a4f4                bt_mesh_k2
 .text.bt_mesh_k3
                0x000000000000a5a4       0x5c zephyr/subsys/bluetooth/host/mesh/libsubsys__bluetooth__host__mesh.a(crypto.c.obj)
                0x000000000000a5a4                bt_mesh_k3
 .text.bt_mesh_k4
                0x000000000000a600       0x50 zephyr/subsys/bluetooth/host/mesh/libsubsys__bluetooth__host__mesh.a(crypto.c.obj)
                0x000000000000a600                bt_mesh_k4
 .text.bt_mesh_id128
                0x000000000000a650       0x2c zephyr/subsys/bluetooth/host/mesh/libsubsys__bluetooth__host__mesh.a(crypto.c.obj)
                0x000000000000a650                bt_mesh_id128
 .text.bt_mesh_net_obfuscate
                0x000000000000a67c       0x50 zephyr/subsys/bluetooth/host/mesh/libsubsys__bluetooth__host__mesh.a(crypto.c.obj)
                0x000000000000a67c                bt_mesh_net_obfuscate
 .text.bt_mesh_net_encrypt
                0x000000000000a6cc       0x96 zephyr/subsys/bluetooth/host/mesh/libsubsys__bluetooth__host__mesh.a(crypto.c.obj)
                0x000000000000a6cc                bt_mesh_net_encrypt
 .text.bt_mesh_net_decrypt
                0x000000000000a762       0x8e zephyr/subsys/bluetooth/host/mesh/libsubsys__bluetooth__host__mesh.a(crypto.c.obj)
                0x000000000000a762                bt_mesh_net_decrypt
 .text.bt_mesh_app_encrypt
                0x000000000000a7f0       0x8a zephyr/subsys/bluetooth/host/mesh/libsubsys__bluetooth__host__mesh.a(crypto.c.obj)
                0x000000000000a7f0                bt_mesh_app_encrypt
 .text.bt_mesh_app_decrypt
                0x000000000000a87a       0x90 zephyr/subsys/bluetooth/host/mesh/libsubsys__bluetooth__host__mesh.a(crypto.c.obj)
                0x000000000000a87a                bt_mesh_app_decrypt
 *fill*         0x000000000000a90a        0x2 
 .text.bt_mesh_fcs_calc
                0x000000000000a90c       0x20 zephyr/subsys/bluetooth/host/mesh/libsubsys__bluetooth__host__mesh.a(crypto.c.obj)
                0x000000000000a90c                bt_mesh_fcs_calc
 .text.bt_mesh_fcs_check
                0x000000000000a92c       0x2c zephyr/subsys/bluetooth/host/mesh/libsubsys__bluetooth__host__mesh.a(crypto.c.obj)
                0x000000000000a92c                bt_mesh_fcs_check
 .text.bt_mesh_virtual_addr
                0x000000000000a958       0x48 zephyr/subsys/bluetooth/host/mesh/libsubsys__bluetooth__host__mesh.a(crypto.c.obj)
                0x000000000000a958                bt_mesh_virtual_addr
 .text.bt_mesh_prov_conf_salt
                0x000000000000a9a0       0x22 zephyr/subsys/bluetooth/host/mesh/libsubsys__bluetooth__host__mesh.a(crypto.c.obj)
                0x000000000000a9a0                bt_mesh_prov_conf_salt
 *fill*         0x000000000000a9c2        0x2 
 .text.bt_mesh_prov_conf_key
                0x000000000000a9c4       0x18 zephyr/subsys/bluetooth/host/mesh/libsubsys__bluetooth__host__mesh.a(crypto.c.obj)
                0x000000000000a9c4                bt_mesh_prov_conf_key
 .text.bt_mesh_prov_conf
                0x000000000000a9dc       0x1a zephyr/subsys/bluetooth/host/mesh/libsubsys__bluetooth__host__mesh.a(crypto.c.obj)
                0x000000000000a9dc                bt_mesh_prov_conf
 .text.bt_mesh_prov_decrypt
                0x000000000000a9f6       0x18 zephyr/subsys/bluetooth/host/mesh/libsubsys__bluetooth__host__mesh.a(crypto.c.obj)
                0x000000000000a9f6                bt_mesh_prov_decrypt
 .text.bt_mesh_beacon_auth
                0x000000000000aa0e       0x46 zephyr/subsys/bluetooth/host/mesh/libsubsys__bluetooth__host__mesh.a(crypto.c.obj)
                0x000000000000aa0e                bt_mesh_beacon_auth
 .text.mod_init
                0x000000000000aa54       0x44 zephyr/subsys/bluetooth/host/mesh/libsubsys__bluetooth__host__mesh.a(access.c.obj)
 .text.bt_mesh_model_foreach
                0x000000000000aa98       0x74 zephyr/subsys/bluetooth/host/mesh/libsubsys__bluetooth__host__mesh.a(access.c.obj)
                0x000000000000aa98                bt_mesh_model_foreach
 .text.bt_mesh_model_pub_period_get
                0x000000000000ab0c       0x48 zephyr/subsys/bluetooth/host/mesh/libsubsys__bluetooth__host__mesh.a(access.c.obj)
                0x000000000000ab0c                bt_mesh_model_pub_period_get
 .text.publish_sent
                0x000000000000ab54       0x4c zephyr/subsys/bluetooth/host/mesh/libsubsys__bluetooth__host__mesh.a(access.c.obj)
 .text.bt_mesh_comp_register
                0x000000000000aba0       0x24 zephyr/subsys/bluetooth/host/mesh/libsubsys__bluetooth__host__mesh.a(access.c.obj)
                0x000000000000aba0                bt_mesh_comp_register
 .text.bt_mesh_comp_provision
                0x000000000000abc4       0x2c zephyr/subsys/bluetooth/host/mesh/libsubsys__bluetooth__host__mesh.a(access.c.obj)
                0x000000000000abc4                bt_mesh_comp_provision
 .text.bt_mesh_comp_unprovision
                0x000000000000abf0       0x14 zephyr/subsys/bluetooth/host/mesh/libsubsys__bluetooth__host__mesh.a(access.c.obj)
                0x000000000000abf0                bt_mesh_comp_unprovision
 .text.bt_mesh_primary_addr
                0x000000000000ac04        0xc zephyr/subsys/bluetooth/host/mesh/libsubsys__bluetooth__host__mesh.a(access.c.obj)
                0x000000000000ac04                bt_mesh_primary_addr
 .text.bt_mesh_model_find_group
                0x000000000000ac10       0x1e zephyr/subsys/bluetooth/host/mesh/libsubsys__bluetooth__host__mesh.a(access.c.obj)
                0x000000000000ac10                bt_mesh_model_find_group
 .text.bt_mesh_elem_find_group
                0x000000000000ac2e       0x54 zephyr/subsys/bluetooth/host/mesh/libsubsys__bluetooth__host__mesh.a(access.c.obj)
 *fill*         0x000000000000ac82        0x2 
 .text.bt_mesh_elem_find
                0x000000000000ac84       0x48 zephyr/subsys/bluetooth/host/mesh/libsubsys__bluetooth__host__mesh.a(access.c.obj)
                0x000000000000ac84                bt_mesh_elem_find
 .text.bt_mesh_elem_count
                0x000000000000accc        0xc zephyr/subsys/bluetooth/host/mesh/libsubsys__bluetooth__host__mesh.a(access.c.obj)
                0x000000000000accc                bt_mesh_elem_count
 .text.bt_mesh_fixed_group_match
                0x000000000000acd8       0x2e zephyr/subsys/bluetooth/host/mesh/libsubsys__bluetooth__host__mesh.a(access.c.obj)
                0x000000000000acd8                bt_mesh_fixed_group_match
 *fill*         0x000000000000ad06        0x2 
 .text.bt_mesh_model_recv
                0x000000000000ad08      0x11c zephyr/subsys/bluetooth/host/mesh/libsubsys__bluetooth__host__mesh.a(access.c.obj)
                0x000000000000ad08                bt_mesh_model_recv
 .text.bt_mesh_model_msg_init
                0x000000000000ae24       0x44 zephyr/subsys/bluetooth/host/mesh/libsubsys__bluetooth__host__mesh.a(access.c.obj)
                0x000000000000ae24                bt_mesh_model_msg_init
 .text.bt_mesh_model_send
                0x000000000000ae68       0x70 zephyr/subsys/bluetooth/host/mesh/libsubsys__bluetooth__host__mesh.a(access.c.obj)
                0x000000000000ae68                bt_mesh_model_send
 .text.bt_mesh_model_publish
                0x000000000000aed8      0x110 zephyr/subsys/bluetooth/host/mesh/libsubsys__bluetooth__host__mesh.a(access.c.obj)
                0x000000000000aed8                bt_mesh_model_publish
 .text.mod_publish
                0x000000000000afe8      0x114 zephyr/subsys/bluetooth/host/mesh/libsubsys__bluetooth__host__mesh.a(access.c.obj)
 .text.bt_mesh_model_find_vnd
                0x000000000000b0fc       0x2e zephyr/subsys/bluetooth/host/mesh/libsubsys__bluetooth__host__mesh.a(access.c.obj)
                0x000000000000b0fc                bt_mesh_model_find_vnd
 .text.bt_mesh_model_find
                0x000000000000b12a       0x28 zephyr/subsys/bluetooth/host/mesh/libsubsys__bluetooth__host__mesh.a(access.c.obj)
                0x000000000000b12a                bt_mesh_model_find
 *fill*         0x000000000000b152        0x2 
 .text.bt_mesh_comp_get
                0x000000000000b154        0xc zephyr/subsys/bluetooth/host/mesh/libsubsys__bluetooth__host__mesh.a(access.c.obj)
                0x000000000000b154                bt_mesh_comp_get
 .text.app_key_is_valid
                0x000000000000b160       0x3c zephyr/subsys/bluetooth/host/mesh/libsubsys__bluetooth__host__mesh.a(cfg_srv.c.obj)
 .text.key_idx_pack
                0x000000000000b19c       0x1e zephyr/subsys/bluetooth/host/mesh/libsubsys__bluetooth__host__mesh.a(cfg_srv.c.obj)
 .text.send_krp_status
                0x000000000000b1ba       0x52 zephyr/subsys/bluetooth/host/mesh/libsubsys__bluetooth__host__mesh.a(cfg_srv.c.obj)
 .text.lpn_timeout_get
                0x000000000000b20c       0x64 zephyr/subsys/bluetooth/host/mesh/libsubsys__bluetooth__host__mesh.a(cfg_srv.c.obj)
 .text.send_friend_status
                0x000000000000b270       0x3e zephyr/subsys/bluetooth/host/mesh/libsubsys__bluetooth__host__mesh.a(cfg_srv.c.obj)
 .text.friend_get
                0x000000000000b2ae        0x4 zephyr/subsys/bluetooth/host/mesh/libsubsys__bluetooth__host__mesh.a(cfg_srv.c.obj)
 *fill*         0x000000000000b2b2        0x2 
 .text.net_key_get
                0x000000000000b2b4       0x68 zephyr/subsys/bluetooth/host/mesh/libsubsys__bluetooth__host__mesh.a(cfg_srv.c.obj)
 .text.send_net_key_status
                0x000000000000b31c       0x48 zephyr/subsys/bluetooth/host/mesh/libsubsys__bluetooth__host__mesh.a(cfg_srv.c.obj)
 .text.krp_get  0x000000000000b364       0x34 zephyr/subsys/bluetooth/host/mesh/libsubsys__bluetooth__host__mesh.a(cfg_srv.c.obj)
 .text.node_identity_get
                0x000000000000b398       0x74 zephyr/subsys/bluetooth/host/mesh/libsubsys__bluetooth__host__mesh.a(cfg_srv.c.obj)
 .text.app_key_get
                0x000000000000b40c       0xac zephyr/subsys/bluetooth/host/mesh/libsubsys__bluetooth__host__mesh.a(cfg_srv.c.obj)
 .text.hb_pub_send_status
                0x000000000000b4b8       0xac zephyr/subsys/bluetooth/host/mesh/libsubsys__bluetooth__host__mesh.a(cfg_srv.c.obj)
 .text.heartbeat_pub_get
                0x000000000000b564        0x8 zephyr/subsys/bluetooth/host/mesh/libsubsys__bluetooth__host__mesh.a(cfg_srv.c.obj)
 .text.send_mod_sub_status
                0x000000000000b56c       0x78 zephyr/subsys/bluetooth/host/mesh/libsubsys__bluetooth__host__mesh.a(cfg_srv.c.obj)
 .text.krp_set  0x000000000000b5e4       0x8a zephyr/subsys/bluetooth/host/mesh/libsubsys__bluetooth__host__mesh.a(cfg_srv.c.obj)
 .text.node_reset
                0x000000000000b66e       0x38 zephyr/subsys/bluetooth/host/mesh/libsubsys__bluetooth__host__mesh.a(cfg_srv.c.obj)
 .text.mod_sub_get
                0x000000000000b6a6       0xa2 zephyr/subsys/bluetooth/host/mesh/libsubsys__bluetooth__host__mesh.a(cfg_srv.c.obj)
 .text.mod_sub_get_vnd
                0x000000000000b748       0xbc zephyr/subsys/bluetooth/host/mesh/libsubsys__bluetooth__host__mesh.a(cfg_srv.c.obj)
 .text._app_key_del
                0x000000000000b804       0x28 zephyr/subsys/bluetooth/host/mesh/libsubsys__bluetooth__host__mesh.a(cfg_srv.c.obj)
 .text.net_key_update
                0x000000000000b82c       0x9a zephyr/subsys/bluetooth/host/mesh/libsubsys__bluetooth__host__mesh.a(cfg_srv.c.obj)
 *fill*         0x000000000000b8c6        0x2 
 .text.net_key_add
                0x000000000000b8c8       0xa4 zephyr/subsys/bluetooth/host/mesh/libsubsys__bluetooth__host__mesh.a(cfg_srv.c.obj)
 .text.key_idx_unpack
                0x000000000000b96c       0x26 zephyr/subsys/bluetooth/host/mesh/libsubsys__bluetooth__host__mesh.a(cfg_srv.c.obj)
 .text.app_key_del
                0x000000000000b992       0x86 zephyr/subsys/bluetooth/host/mesh/libsubsys__bluetooth__host__mesh.a(cfg_srv.c.obj)
 .text.va_add   0x000000000000ba18       0x84 zephyr/subsys/bluetooth/host/mesh/libsubsys__bluetooth__host__mesh.a(cfg_srv.c.obj)
 .text.app_key_set
                0x000000000000ba9c       0xec zephyr/subsys/bluetooth/host/mesh/libsubsys__bluetooth__host__mesh.a(cfg_srv.c.obj)
 .text.app_key_update
                0x000000000000bb88       0x68 zephyr/subsys/bluetooth/host/mesh/libsubsys__bluetooth__host__mesh.a(cfg_srv.c.obj)
 .text.app_key_add
                0x000000000000bbf0       0x68 zephyr/subsys/bluetooth/host/mesh/libsubsys__bluetooth__host__mesh.a(cfg_srv.c.obj)
 .text.create_mod_app_status.isra.4
                0x000000000000bc58       0x54 zephyr/subsys/bluetooth/host/mesh/libsubsys__bluetooth__host__mesh.a(cfg_srv.c.obj)
 .text.send_mod_pub_status.isra.6
                0x000000000000bcac       0xc6 zephyr/subsys/bluetooth/host/mesh/libsubsys__bluetooth__host__mesh.a(cfg_srv.c.obj)
 .text.get_model
                0x000000000000bd72       0x42 zephyr/subsys/bluetooth/host/mesh/libsubsys__bluetooth__host__mesh.a(cfg_srv.c.obj)
 .text.mod_app_get
                0x000000000000bdb4       0xb2 zephyr/subsys/bluetooth/host/mesh/libsubsys__bluetooth__host__mesh.a(cfg_srv.c.obj)
 .text.mod_app_bind
                0x000000000000be66       0xaa zephyr/subsys/bluetooth/host/mesh/libsubsys__bluetooth__host__mesh.a(cfg_srv.c.obj)
 .text.mod_pub_get
                0x000000000000bf10       0x6e zephyr/subsys/bluetooth/host/mesh/libsubsys__bluetooth__host__mesh.a(cfg_srv.c.obj)
 *fill*         0x000000000000bf7e        0x2 
 .text.mod_sub_va_del
                0x000000000000bf80       0xd4 zephyr/subsys/bluetooth/host/mesh/libsubsys__bluetooth__host__mesh.a(cfg_srv.c.obj)
 .text.mod_sub_del
                0x000000000000c054       0x7e zephyr/subsys/bluetooth/host/mesh/libsubsys__bluetooth__host__mesh.a(cfg_srv.c.obj)
 .text.mod_sub_va_add
                0x000000000000c0d2       0xb2 zephyr/subsys/bluetooth/host/mesh/libsubsys__bluetooth__host__mesh.a(cfg_srv.c.obj)
 .text.mod_sub_add
                0x000000000000c184       0x96 zephyr/subsys/bluetooth/host/mesh/libsubsys__bluetooth__host__mesh.a(cfg_srv.c.obj)
 .text.dev_comp_data_get
                0x000000000000c21a       0xfe zephyr/subsys/bluetooth/host/mesh/libsubsys__bluetooth__host__mesh.a(cfg_srv.c.obj)
 .text.hb_pwr2.constprop.12
                0x000000000000c318       0x1c zephyr/subsys/bluetooth/host/mesh/libsubsys__bluetooth__host__mesh.a(cfg_srv.c.obj)
 .text.heartbeat_pub_set
                0x000000000000c334       0xf4 zephyr/subsys/bluetooth/host/mesh/libsubsys__bluetooth__host__mesh.a(cfg_srv.c.obj)
 .text._mod_pub_set
                0x000000000000c428       0xb8 zephyr/subsys/bluetooth/host/mesh/libsubsys__bluetooth__host__mesh.a(cfg_srv.c.obj)
 .text.mod_unbind.part.9
                0x000000000000c4e0       0x30 zephyr/subsys/bluetooth/host/mesh/libsubsys__bluetooth__host__mesh.a(cfg_srv.c.obj)
 .text.mod_app_unbind
                0x000000000000c510       0x94 zephyr/subsys/bluetooth/host/mesh/libsubsys__bluetooth__host__mesh.a(cfg_srv.c.obj)
 .text.mod_pub_set
                0x000000000000c5a4       0xb2 zephyr/subsys/bluetooth/host/mesh/libsubsys__bluetooth__host__mesh.a(cfg_srv.c.obj)
 .text.mod_pub_va_set
                0x000000000000c656       0xd0 zephyr/subsys/bluetooth/host/mesh/libsubsys__bluetooth__host__mesh.a(cfg_srv.c.obj)
 .text._mod_unbind
                0x000000000000c726       0x1e zephyr/subsys/bluetooth/host/mesh/libsubsys__bluetooth__host__mesh.a(cfg_srv.c.obj)
 .text.hb_sub_send_status.constprop.11
                0x000000000000c744       0xf0 zephyr/subsys/bluetooth/host/mesh/libsubsys__bluetooth__host__mesh.a(cfg_srv.c.obj)
 .text.heartbeat_sub_get
                0x000000000000c834        0x4 zephyr/subsys/bluetooth/host/mesh/libsubsys__bluetooth__host__mesh.a(cfg_srv.c.obj)
 .text.heartbeat_sub_set
                0x000000000000c838       0xd6 zephyr/subsys/bluetooth/host/mesh/libsubsys__bluetooth__host__mesh.a(cfg_srv.c.obj)
 *fill*         0x000000000000c90e        0x2 
 .text.net_key_del
                0x000000000000c910       0x9c zephyr/subsys/bluetooth/host/mesh/libsubsys__bluetooth__host__mesh.a(cfg_srv.c.obj)
 .text.bt_mesh_cfg_srv_init
                0x000000000000c9ac       0x4c zephyr/subsys/bluetooth/host/mesh/libsubsys__bluetooth__host__mesh.a(cfg_srv.c.obj)
                0x000000000000c9ac                bt_mesh_cfg_srv_init
 .text.bt_mesh_cfg_reset
                0x000000000000c9f8       0xa8 zephyr/subsys/bluetooth/host/mesh/libsubsys__bluetooth__host__mesh.a(cfg_srv.c.obj)
                0x000000000000c9f8                bt_mesh_cfg_reset
 .text.bt_mesh_heartbeat
                0x000000000000caa0       0x6c zephyr/subsys/bluetooth/host/mesh/libsubsys__bluetooth__host__mesh.a(cfg_srv.c.obj)
                0x000000000000caa0                bt_mesh_heartbeat
 .text.bt_mesh_net_transmit_get
                0x000000000000cb0c       0x10 zephyr/subsys/bluetooth/host/mesh/libsubsys__bluetooth__host__mesh.a(cfg_srv.c.obj)
                0x000000000000cb0c                bt_mesh_net_transmit_get
 .text.net_transmit_set
                0x000000000000cb1c       0x4c zephyr/subsys/bluetooth/host/mesh/libsubsys__bluetooth__host__mesh.a(cfg_srv.c.obj)
 .text.net_transmit_get
                0x000000000000cb68       0x40 zephyr/subsys/bluetooth/host/mesh/libsubsys__bluetooth__host__mesh.a(cfg_srv.c.obj)
 .text.bt_mesh_relay_get
                0x000000000000cba8       0x14 zephyr/subsys/bluetooth/host/mesh/libsubsys__bluetooth__host__mesh.a(cfg_srv.c.obj)
                0x000000000000cba8                bt_mesh_relay_get
 .text.bt_mesh_friend_get
                0x000000000000cbbc       0x14 zephyr/subsys/bluetooth/host/mesh/libsubsys__bluetooth__host__mesh.a(cfg_srv.c.obj)
                0x000000000000cbbc                bt_mesh_friend_get
 .text.bt_mesh_relay_retransmit_get
                0x000000000000cbd0       0x10 zephyr/subsys/bluetooth/host/mesh/libsubsys__bluetooth__host__mesh.a(cfg_srv.c.obj)
                0x000000000000cbd0                bt_mesh_relay_retransmit_get
 .text.relay_get
                0x000000000000cbe0       0x4e zephyr/subsys/bluetooth/host/mesh/libsubsys__bluetooth__host__mesh.a(cfg_srv.c.obj)
 *fill*         0x000000000000cc2e        0x2 
 .text.bt_mesh_beacon_get
                0x000000000000cc30       0x10 zephyr/subsys/bluetooth/host/mesh/libsubsys__bluetooth__host__mesh.a(cfg_srv.c.obj)
                0x000000000000cc30                bt_mesh_beacon_get
 .text.beacon_set
                0x000000000000cc40       0x62 zephyr/subsys/bluetooth/host/mesh/libsubsys__bluetooth__host__mesh.a(cfg_srv.c.obj)
 .text.beacon_get
                0x000000000000cca2       0x40 zephyr/subsys/bluetooth/host/mesh/libsubsys__bluetooth__host__mesh.a(cfg_srv.c.obj)
 *fill*         0x000000000000cce2        0x2 
 .text.bt_mesh_gatt_proxy_get
                0x000000000000cce4       0x14 zephyr/subsys/bluetooth/host/mesh/libsubsys__bluetooth__host__mesh.a(cfg_srv.c.obj)
                0x000000000000cce4                bt_mesh_gatt_proxy_get
 .text.hb_send  0x000000000000ccf8       0x90 zephyr/subsys/bluetooth/host/mesh/libsubsys__bluetooth__host__mesh.a(cfg_srv.c.obj)
 .text.friend_set
                0x000000000000cd88       0x46 zephyr/subsys/bluetooth/host/mesh/libsubsys__bluetooth__host__mesh.a(cfg_srv.c.obj)
 .text.relay_set
                0x000000000000cdce       0x86 zephyr/subsys/bluetooth/host/mesh/libsubsys__bluetooth__host__mesh.a(cfg_srv.c.obj)
 .text.hb_publish
                0x000000000000ce54       0x58 zephyr/subsys/bluetooth/host/mesh/libsubsys__bluetooth__host__mesh.a(cfg_srv.c.obj)
 .text.node_identity_set
                0x000000000000ceac       0xa6 zephyr/subsys/bluetooth/host/mesh/libsubsys__bluetooth__host__mesh.a(cfg_srv.c.obj)
 .text.send_gatt_proxy_status
                0x000000000000cf52       0x40 zephyr/subsys/bluetooth/host/mesh/libsubsys__bluetooth__host__mesh.a(cfg_srv.c.obj)
 .text.gatt_proxy_get
                0x000000000000cf92        0x4 zephyr/subsys/bluetooth/host/mesh/libsubsys__bluetooth__host__mesh.a(cfg_srv.c.obj)
 *fill*         0x000000000000cf96        0x2 
 .text.gatt_proxy_set
                0x000000000000cf98       0x80 zephyr/subsys/bluetooth/host/mesh/libsubsys__bluetooth__host__mesh.a(cfg_srv.c.obj)
 .text.bt_mesh_default_ttl_get
                0x000000000000d018       0x14 zephyr/subsys/bluetooth/host/mesh/libsubsys__bluetooth__host__mesh.a(cfg_srv.c.obj)
                0x000000000000d018                bt_mesh_default_ttl_get
 .text.default_ttl_set
                0x000000000000d02c       0x54 zephyr/subsys/bluetooth/host/mesh/libsubsys__bluetooth__host__mesh.a(cfg_srv.c.obj)
 .text.default_ttl_get
                0x000000000000d080       0x40 zephyr/subsys/bluetooth/host/mesh/libsubsys__bluetooth__host__mesh.a(cfg_srv.c.obj)
 .text.bt_mesh_label_uuid_get
                0x000000000000d0c0       0x30 zephyr/subsys/bluetooth/host/mesh/libsubsys__bluetooth__host__mesh.a(cfg_srv.c.obj)
                0x000000000000d0c0                bt_mesh_label_uuid_get
 .text.mod_sub_list_clear
                0x000000000000d0f0       0x80 zephyr/subsys/bluetooth/host/mesh/libsubsys__bluetooth__host__mesh.a(cfg_srv.c.obj)
 .text.mod_sub_del_all
                0x000000000000d170       0x62 zephyr/subsys/bluetooth/host/mesh/libsubsys__bluetooth__host__mesh.a(cfg_srv.c.obj)
 .text.mod_sub_va_overwrite