Archive member included to satisfy reference by file (symbol)

libapp.a(atoi.c.obj)          (--whole-archive)
libapp.a(strtol.c.obj)        (--whole-archive)
libapp.a(strtoul.c.obj)       (--whole-archive)
libapp.a(strncasecmp.c.obj)   (--whole-archive)
libapp.a(strstr.c.obj)        (--whole-archive)
libapp.a(string.c.obj)        (--whole-archive)
libapp.a(prf.c.obj)           (--whole-archive)
libapp.a(stdout_console.c.obj)
                              (--whole-archive)
libapp.a(sprintf.c.obj)       (--whole-archive)
libapp.a(fprintf.c.obj)       (--whole-archive)
libapp.a(main.c.obj)          (--whole-archive)
zephyr/libzephyr.a(crc16_sw.c.obj)
                              (--whole-archive)
zephyr/libzephyr.a(printk.c.obj)
                              (--whole-archive)
zephyr/libzephyr.a(configs.c.obj)
                              (--whole-archive)
zephyr/libzephyr.a(utils.c.obj)
                              (--whole-archive)
zephyr/libzephyr.a(ecc_dh.c.obj)
                              (--whole-archive)
zephyr/libzephyr.a(ecc.c.obj)
                              (--whole-archive)
zephyr/libzephyr.a(aes_decrypt.c.obj)
                              (--whole-archive)
zephyr/libzephyr.a(aes_encrypt.c.obj)
                              (--whole-archive)
zephyr/libzephyr.a(cmac_mode.c.obj)
                              (--whole-archive)
zephyr/libzephyr.a(sha256.c.obj)
                              (--whole-archive)
zephyr/libzephyr.a(hmac.c.obj)
                              (--whole-archive)
zephyr/libzephyr.a(hmac_prng.c.obj)
                              (--whole-archive)
zephyr/libzephyr.a(stm32f4xx_hal.c.obj)
                              (--whole-archive)
zephyr/libzephyr.a(stm32f4xx_hal_rcc.c.obj)
                              (--whole-archive)
zephyr/libzephyr.a(stm32f4xx_ll_utils.c.obj)
                              (--whole-archive)
zephyr/libzephyr.a(stm32f4xx_ll_i2c.c.obj)
                              (--whole-archive)
zephyr/libzephyr.a(stm32f4xx_ll_spi.c.obj)
                              (--whole-archive)
zephyr/libzephyr.a(system_stm32f4xx.c.obj)
                              (--whole-archive)
zephyr/libzephyr.a(isr_tables.c.obj)
                              (--whole-archive)
zephyr/libzephyr.a(soc.c.obj)
                              (--whole-archive)
zephyr/libzephyr.a(soc_gpio.c.obj)
                              (--whole-archive)
zephyr/libzephyr.a(arm_mpu_regions.c.obj)
                              (--whole-archive)
zephyr/libzephyr.a(exc_exit.S.obj)
                              (--whole-archive)
zephyr/libzephyr.a(irq_init.c.obj)
                              (--whole-archive)
zephyr/libzephyr.a(swap.S.obj)
                              (--whole-archive)
zephyr/libzephyr.a(fault.c.obj)
                              (--whole-archive)
zephyr/libzephyr.a(irq_manage.c.obj)
                              (--whole-archive)
zephyr/libzephyr.a(thread.c.obj)
                              (--whole-archive)
zephyr/libzephyr.a(cpu_idle.S.obj)
                              (--whole-archive)
zephyr/libzephyr.a(fault_s.S.obj)
                              (--whole-archive)
zephyr/libzephyr.a(fatal.c.obj)
                              (--whole-archive)
zephyr/libzephyr.a(sys_fatal_error_handler.c.obj)
                              (--whole-archive)
zephyr/libzephyr.a(thread_abort.c.obj)
                              (--whole-archive)
zephyr/libzephyr.a(isr_wrapper.S.obj)
                              (--whole-archive)
zephyr/libzephyr.a(vector_table.S.obj)
                              (--whole-archive)
zephyr/libzephyr.a(reset.S.obj)
                              (--whole-archive)
zephyr/libzephyr.a(nmi_on_reset.S.obj)
                              (--whole-archive)
zephyr/libzephyr.a(prep_c.c.obj)
                              (--whole-archive)
zephyr/libzephyr.a(scb.c.obj)
                              (--whole-archive)
zephyr/libzephyr.a(nmi.c.obj)
                              (--whole-archive)
zephyr/libzephyr.a(exc_manage.c.obj)
                              (--whole-archive)
zephyr/libzephyr.a(arm_core_mpu.c.obj)
                              (--whole-archive)
zephyr/libzephyr.a(arm_mpu.c.obj)
                              (--whole-archive)
zephyr/libzephyr.a(uart_console.c.obj)
                              (--whole-archive)
zephyr/libzephyr.a(exti_stm32.c.obj)
                              (--whole-archive)
zephyr/libzephyr.a(stm32_ll_clock.c.obj)
                              (--whole-archive)
zephyr/libzephyr.a(stm32f4x_ll_clock.c.obj)
                              (--whole-archive)
zephyr/libzephyr.a(flash_page_layout.c.obj)
                              (--whole-archive)
zephyr/libzephyr.a(flash_stm32.c.obj)
                              (--whole-archive)
zephyr/libzephyr.a(flash_stm32f4x.c.obj)
                              (--whole-archive)
zephyr/libzephyr.a(gpio_stm32.c.obj)
                              (--whole-archive)
zephyr/libzephyr.a(i2c_ll_stm32_v1.c.obj)
[...]
Memory Configuration

Name             Origin             Length             Attributes
FLASH            0x0000000008000000 0x0000000000080000 xr
SRAM             0x0000000020000000 0x0000000000018000 xw
IDT_LIST         0x0000000020018000 0x0000000000000800 xw
*default*        0x0000000000000000 0xffffffffffffffff

Linker script and memory map

LOAD zephyr/CMakeFiles/kernel_elf.dir/misc/empty_file.c.obj
LOAD zephyr/CMakeFiles/kernel_elf.dir/isr_tables.c.obj
START GROUP
LOAD libapp.a
LOAD zephyr/libzephyr.a
LOAD zephyr/boards/arm/96b_carbon/libboards__arm__96b_carbon.a
LOAD zephyr/subsys/bluetooth/common/libsubsys__bluetooth__common.a
LOAD zephyr/subsys/bluetooth/host/libsubsys__bluetooth__host.a
LOAD zephyr/subsys/bluetooth/host/mesh/libsubsys__bluetooth__host__mesh.a
LOAD zephyr/subsys/net/libsubsys__net.a
LOAD zephyr/kernel/libkernel.a
LOAD zephyr/CMakeFiles/offsets.dir/arch/arm/core/offsets/offsets.c.obj
END GROUP
LOAD /opt/zephyr-sdk/sysroots/armv5-zephyr-eabi/usr/lib/arm-zephyr-eabi/6.2.0/armv7e-m/libgcc.a
                0x0000000008000000                _image_rom_start = 0x8000000

text            0x0000000008000000    0x12b14
                0x0000000008000000                _vector_start = .
                0x0000000000000000                . = 0x0
 *(.exc_vector_table)
 *(.exc_vector_table.*)
 .exc_vector_table._vector_table_section
                0x0000000008000000       0x40 zephyr/libzephyr.a(vector_table.S.obj)
                0x0000000008000000                _vector_table
 *(.gnu.linkonce.irq_vector_table)
 .gnu.linkonce.irq_vector_table
                0x0000000008000040      0x154 zephyr/CMakeFiles/kernel_elf.dir/isr_tables.c.obj
                0x0000000008000040                _irq_vector_table
 *(.openocd_dbg)
 *(.openocd_dbg.*)
 *(.kinetis_flash_config)
 *(.kinetis_flash_config.*)
 *(.gnu.linkonce.sw_isr_table)
 .gnu.linkonce.sw_isr_table
                0x0000000008000194      0x2a8 zephyr/CMakeFiles/kernel_elf.dir/isr_tables.c.obj
                0x0000000008000194                _sw_isr_table
                0x000000000800043c                _vector_end = .
                0x000000000800043c                _image_text_start = .
 *(.text)
 .text          0x000000000800043c       0x18 /opt/zephyr-sdk/sysroots/armv5-zephyr-eabi/usr/lib/arm-zephyr-eabi/6.2.0/armv7e-m/libgcc.a(_ashldi3.o)
                0x000000000800043c                __ashldi3
                0x000000000800043c                __aeabi_llsl
 .text          0x0000000008000454       0xa0 /opt/zephyr-sdk/sysroots/armv5-zephyr-eabi/usr/lib/arm-zephyr-eabi/6.2.0/armv7e-m/libgcc.a(_aeabi_ldivmod.o)
                0x0000000008000454                __aeabi_ldivmod
 .text          0x00000000080004f4       0x30 /opt/zephyr-sdk/sysroots/armv5-zephyr-eabi/usr/lib/arm-zephyr-eabi/6.2.0/armv7e-m/libgcc.a(_aeabi_uldivmod.o)
                0x00000000080004f4                __aeabi_uldivmod
 .text          0x0000000008000524       0x28 /opt/zephyr-sdk/sysroots/armv5-zephyr-eabi/usr/lib/arm-zephyr-eabi/6.2.0/armv7e-m/libgcc.a(_popcountsi2.o)
                0x0000000008000524                __popcountsi2
 .text          0x000000000800054c      0x2dc /opt/zephyr-sdk/sysroots/armv5-zephyr-eabi/usr/lib/arm-zephyr-eabi/6.2.0/armv7e-m/libgcc.a(_udivmoddi4.o)
                0x000000000800054c                __udivmoddi4
 .text          0x0000000008000828        0x4 /opt/zephyr-sdk/sysroots/armv5-zephyr-eabi/usr/lib/arm-zephyr-eabi/6.2.0/armv7e-m/libgcc.a(_dvmd_tls.o)
                0x0000000008000828                __aeabi_ldiv0
                0x0000000008000828                __aeabi_idiv0
 *(.text.*)
 .text.strlen   0x000000000800082c       0x10 libapp.a(string.c.obj)
                0x000000000800082c                strlen
 .text.strcmp   0x000000000800083c       0x1a libapp.a(string.c.obj)
                0x000000000800083c                strcmp
 .text.memcmp   0x0000000008000856       0x2a libapp.a(string.c.obj)
                0x0000000008000856                memcmp
 .text.memcpy   0x0000000008000880       0x58 libapp.a(string.c.obj)
                0x0000000008000880                memcpy
 .text.memset   0x00000000080008d8       0x46 libapp.a(string.c.obj)
                0x00000000080008d8                memset
 .text.temp_cli_get
                0x000000000800091e        0x2 libapp.a(main.c.obj)
 .text.temp_work_thread
                0x0000000008000920       0x48 libapp.a(main.c.obj)
                0x0000000008000920                temp_work_thread
 .text.prov_complete
                0x0000000008000968       0x34 libapp.a(main.c.obj)
 .text.output_number
                0x000000000800099c       0x10 libapp.a(main.c.obj)
 .text.temp_cli_status
                0x00000000080009ac       0x18 libapp.a(main.c.obj)
 .text.bt_ready
                0x00000000080009c4       0x50 libapp.a(main.c.obj)
 .text.temp_timer_thread
                0x0000000008000a14       0x30 libapp.a(main.c.obj)
 .text.main     0x0000000008000a44       0x74 libapp.a(main.c.obj)
                0x0000000008000a44                main
 .text._nop_char_out
                0x0000000008000ab8        0x4 zephyr/libzephyr.a(printk.c.obj)
 .text.char_out
                0x0000000008000abc       0x10 zephyr/libzephyr.a(printk.c.obj)
 .text._printk_dec_ulong
                0x0000000008000acc       0xa0 zephyr/libzephyr.a(printk.c.obj)
 .text.__printk_hook_install
                0x0000000008000b6c        0xc zephyr/libzephyr.a(printk.c.obj)
                0x0000000008000b6c                __printk_hook_install
 .text._vprintk
                0x0000000008000b78      0x25e zephyr/libzephyr.a(printk.c.obj)
                0x0000000008000b78                _vprintk
 *fill*         0x0000000008000dd6        0x2 
 .text.vprintk  0x0000000008000dd8       0x20 zephyr/libzephyr.a(printk.c.obj)
                0x0000000008000dd8                vprintk
 .text.printk   0x0000000008000df8       0x1a zephyr/libzephyr.a(printk.c.obj)
                0x0000000008000df8                printk
 .text._ConfigAbsSyms
                0x0000000008000e12        0x2 zephyr/libzephyr.a(configs.c.obj)
                0x0000000008000e12                _ConfigAbsSyms
 .text._copy    0x0000000008000e14       0x1a zephyr/libzephyr.a(utils.c.obj)
                0x0000000008000e14                _copy
 .text._set     0x0000000008000e2e        0x4 zephyr/libzephyr.a(utils.c.obj)
                0x0000000008000e2e                _set
 .text._double_byte
                0x0000000008000e32       0x12 zephyr/libzephyr.a(utils.c.obj)
                0x0000000008000e32                _double_byte
 .text.uECC_make_key
                0x0000000008000e44       0x98 zephyr/libzephyr.a(ecc_dh.c.obj)
                0x0000000008000e44                uECC_make_key
 .text.uECC_shared_secret
                0x0000000008000edc       0xbc zephyr/libzephyr.a(ecc_dh.c.obj)
                0x0000000008000edc                uECC_shared_secret
 .text.uECC_vli_add
                0x0000000008000f98       0x40 zephyr/libzephyr.a(ecc.c.obj)
 .text.uECC_vli_rshift1
                0x0000000008000fd8       0x1c zephyr/libzephyr.a(ecc.c.obj)
 .text.vli_modInv_update
                0x0000000008000ff4       0x38 zephyr/libzephyr.a(ecc.c.obj)
 .text.uECC_vli_mult
                0x000000000800102c       0xf8 zephyr/libzephyr.a(ecc.c.obj)
 .text.uECC_get_rng
                0x0000000008001124        0xc zephyr/libzephyr.a(ecc.c.obj)
                0x0000000008001124                uECC_get_rng
 .text.uECC_vli_clear
                0x0000000008001130       0x16 zephyr/libzephyr.a(ecc.c.obj)
                0x0000000008001130                uECC_vli_clear
 .text.uECC_vli_isZero
                0x0000000008001146       0x1e zephyr/libzephyr.a(ecc.c.obj)
                0x0000000008001146                uECC_vli_isZero
 .text.uECC_vli_testBit
                0x0000000008001164       0x14 zephyr/libzephyr.a(ecc.c.obj)
                0x0000000008001164                uECC_vli_testBit
 .text.uECC_vli_numBits
                0x0000000008001178       0x3a zephyr/libzephyr.a(ecc.c.obj)
                0x0000000008001178                uECC_vli_numBits
 .text.uECC_vli_set
                0x00000000080011b2       0x18 zephyr/libzephyr.a(ecc.c.obj)
                0x00000000080011b2                uECC_vli_set
 .text.uECC_vli_cmp_unsafe
                0x00000000080011ca       0x28 zephyr/libzephyr.a(ecc.c.obj)
                0x00000000080011ca                uECC_vli_cmp_unsafe
 .text.uECC_vli_equal
                0x00000000080011f2       0x28 zephyr/libzephyr.a(ecc.c.obj)
                0x00000000080011f2                uECC_vli_equal
 .text.uECC_vli_sub
                0x000000000800121a       0x40 zephyr/libzephyr.a(ecc.c.obj)
                0x000000000800121a                uECC_vli_sub
 *fill*         0x000000000800125a        0x2 
 .text.vli_mmod_fast_secp256r1
                0x000000000800125c      0x1ac zephyr/libzephyr.a(ecc.c.obj)
                0x000000000800125c                vli_mmod_fast_secp256r1
 .text.uECC_vli_modAdd
                0x0000000008001408       0x32 zephyr/libzephyr.a(ecc.c.obj)
                0x0000000008001408                uECC_vli_modAdd
 .text.uECC_vli_modSub
                0x000000000800143a       0x24 zephyr/libzephyr.a(ecc.c.obj)
                0x000000000800143a                uECC_vli_modSub
 .text.uECC_vli_mmod
                0x000000000800145e      0x13c zephyr/libzephyr.a(ecc.c.obj)
                0x000000000800145e                uECC_vli_mmod
 .text.uECC_vli_modMult_fast
                0x000000000800159a       0x20 zephyr/libzephyr.a(ecc.c.obj)
                0x000000000800159a                uECC_vli_modMult_fast
 .text.uECC_vli_modSquare_fast
                0x00000000080015ba        0x8 zephyr/libzephyr.a(ecc.c.obj)
 .text.double_jacobian_default
                0x00000000080015c2      0x156 zephyr/libzephyr.a(ecc.c.obj)
                0x00000000080015c2                double_jacobian_default
 .text.x_side_default
                0x0000000008001718       0x5a zephyr/libzephyr.a(ecc.c.obj)
                0x0000000008001718                x_side_default
 .text.XYcZ_addC
                0x0000000008001772      0x118 zephyr/libzephyr.a(ecc.c.obj)
 .text.uECC_vli_modInv
                0x000000000800188a      0x10c zephyr/libzephyr.a(ecc.c.obj)
                0x000000000800188a                uECC_vli_modInv
 .text.EccPoint_isZero
                0x0000000008001996        0xa zephyr/libzephyr.a(ecc.c.obj)
                0x0000000008001996                EccPoint_isZero
 .text.apply_z  0x00000000080019a0       0x3e zephyr/libzephyr.a(ecc.c.obj)
                0x00000000080019a0                apply_z
 .text.XYcZ_add
                0x00000000080019de       0xca zephyr/libzephyr.a(ecc.c.obj)
                0x00000000080019de                XYcZ_add
 .text.EccPoint_mult
                0x0000000008001aa8      0x1a2 zephyr/libzephyr.a(ecc.c.obj)
                0x0000000008001aa8                EccPoint_mult
 .text.regularize_k
                0x0000000008001c4a       0x58 zephyr/libzephyr.a(ecc.c.obj)
                0x0000000008001c4a                regularize_k
 .text.EccPoint_compute_public_key
                0x0000000008001ca2       0x50 zephyr/libzephyr.a(ecc.c.obj)
                0x0000000008001ca2                EccPoint_compute_public_key
 .text.uECC_vli_nativeToBytes
                0x0000000008001cf2       0x28 zephyr/libzephyr.a(ecc.c.obj)
                0x0000000008001cf2                uECC_vli_nativeToBytes
 .text.uECC_vli_bytesToNative
                0x0000000008001d1a       0x40 zephyr/libzephyr.a(ecc.c.obj)
                0x0000000008001d1a                uECC_vli_bytesToNative
 .text.uECC_valid_point
                0x0000000008001d5a       0x74 zephyr/libzephyr.a(ecc.c.obj)
                0x0000000008001d5a                uECC_valid_point
 .text.uECC_valid_public_key
                0x0000000008001dce       0x46 zephyr/libzephyr.a(ecc.c.obj)
                0x0000000008001dce                uECC_valid_public_key
 .text.add_round_key
                0x0000000008001e14       0x8a zephyr/libzephyr.a(aes_encrypt.c.obj)
 .text.shift_rows
                0x0000000008001e9e       0x72 zephyr/libzephyr.a(aes_encrypt.c.obj)
 .text.mult_row_column
                0x0000000008001f10       0x80 zephyr/libzephyr.a(aes_encrypt.c.obj)
 .text.tc_aes128_set_encrypt_key
                0x0000000008001f90       0xac zephyr/libzephyr.a(aes_encrypt.c.obj)
                0x0000000008001f90                tc_aes128_set_encrypt_key
 .text.tc_aes_encrypt
                0x000000000800203c       0xd4 zephyr/libzephyr.a(aes_encrypt.c.obj)
                0x000000000800203c                tc_aes_encrypt
 .text.gf_double
                0x0000000008002110       0x2c zephyr/libzephyr.a(cmac_mode.c.obj)
                0x0000000008002110                gf_double
 .text.tc_cmac_erase
                0x000000000800213c       0x12 zephyr/libzephyr.a(cmac_mode.c.obj)
                0x000000000800213c                tc_cmac_erase
 .text.tc_cmac_init
                0x000000000800214e       0x2e zephyr/libzephyr.a(cmac_mode.c.obj)
                0x000000000800214e                tc_cmac_init
 .text.tc_cmac_setup
                0x000000000800217c       0x58 zephyr/libzephyr.a(cmac_mode.c.obj)
                0x000000000800217c                tc_cmac_setup
 .text.tc_cmac_update
                0x00000000080021d4       0xc8 zephyr/libzephyr.a(cmac_mode.c.obj)
                0x00000000080021d4                tc_cmac_update
 .text.tc_cmac_final
                0x000000000800229c       0x6c zephyr/libzephyr.a(cmac_mode.c.obj)
                0x000000000800229c                tc_cmac_final
 .text.compress
                0x0000000008002308      0x1d8 zephyr/libzephyr.a(sha256.c.obj)
 .text.tc_sha256_init
                0x00000000080024e0       0x58 zephyr/libzephyr.a(sha256.c.obj)
                0x00000000080024e0                tc_sha256_init
 .text.tc_sha256_update
                0x0000000008002538       0x5e zephyr/libzephyr.a(sha256.c.obj)
                0x0000000008002538                tc_sha256_update
 .text.tc_sha256_final
                0x0000000008002596       0xd0 zephyr/libzephyr.a(sha256.c.obj)
                0x0000000008002596                tc_sha256_final
 .text.rekey    0x0000000008002666       0x3c zephyr/libzephyr.a(hmac.c.obj)
 .text.tc_hmac_set_key
                0x00000000080026a2       0x7e zephyr/libzephyr.a(hmac.c.obj)
                0x00000000080026a2                tc_hmac_set_key
 .text.tc_hmac_init
                0x0000000008002720       0x1c zephyr/libzephyr.a(hmac.c.obj)
                0x0000000008002720                tc_hmac_init
 .text.tc_hmac_update
                0x000000000800273c        0xe zephyr/libzephyr.a(hmac.c.obj)
                0x000000000800273c                tc_hmac_update
 .text.tc_hmac_final
                0x000000000800274a       0x4c zephyr/libzephyr.a(hmac.c.obj)
                0x000000000800274a                tc_hmac_final
 .text.update   0x0000000008002796       0xca zephyr/libzephyr.a(hmac_prng.c.obj)
 .text.tc_hmac_prng_init
                0x0000000008002860       0x4a zephyr/libzephyr.a(hmac_prng.c.obj)
                0x0000000008002860                tc_hmac_prng_init
 .text.tc_hmac_prng_reseed
                0x00000000080028aa       0x34 zephyr/libzephyr.a(hmac_prng.c.obj)
                0x00000000080028aa                tc_hmac_prng_reseed
 .text.tc_hmac_prng_generate
                0x00000000080028de       0x7e zephyr/libzephyr.a(hmac_prng.c.obj)
                0x00000000080028de                tc_hmac_prng_generate
 .text.UTILS_SetFlashLatency.part.0
                0x000000000800295c       0x7c zephyr/libzephyr.a(stm32f4xx_ll_utils.c.obj)
 .text.UTILS_PLL_IsBusy
                0x00000000080029d8       0x1c zephyr/libzephyr.a(stm32f4xx_ll_utils.c.obj)
 .text.UTILS_EnablePLLAndSwitchSystem
                0x00000000080029f4       0x9c zephyr/libzephyr.a(stm32f4xx_ll_utils.c.obj)
 .text.LL_PLL_ConfigSystemClock_HSE
                0x0000000008002a90       0x8c zephyr/libzephyr.a(stm32f4xx_ll_utils.c.obj)
                0x0000000008002a90                LL_PLL_ConfigSystemClock_HSE
 .text.st_stm32f4_init
                0x0000000008002b1c       0x30 zephyr/libzephyr.a(soc.c.obj)
 .text.stm32_gpio_flags_to_conf
                0x0000000008002b4c       0x3a zephyr/libzephyr.a(soc_gpio.c.obj)
                0x0000000008002b4c                stm32_gpio_flags_to_conf
 .text.stm32_gpio_configure
                0x0000000008002b86       0x8c zephyr/libzephyr.a(soc_gpio.c.obj)
                0x0000000008002b86                stm32_gpio_configure
 .text.stm32_gpio_set
                0x0000000008002c12       0x14 zephyr/libzephyr.a(soc_gpio.c.obj)
                0x0000000008002c12                stm32_gpio_set
 .text.stm32_gpio_get
                0x0000000008002c26        0xa zephyr/libzephyr.a(soc_gpio.c.obj)
                0x0000000008002c26                stm32_gpio_get
 .text.stm32_gpio_enable_int
                0x0000000008002c30       0x88 zephyr/libzephyr.a(soc_gpio.c.obj)
                0x0000000008002c30                stm32_gpio_enable_int
 .text._HandlerModeExit
                0x0000000008002cb8       0x2c zephyr/libzephyr.a(exc_exit.S.obj)
                0x0000000008002cb8                _ExcExit
                0x0000000008002cb8                _IntExit
 .text._IntLibInit
                0x0000000008002ce4       0x18 zephyr/libzephyr.a(irq_init.c.obj)
                0x0000000008002ce4                _IntLibInit
 .text.__pendsv
                0x0000000008002cfc       0x44 zephyr/libzephyr.a(swap.S.obj)
                0x0000000008002cfc                __pendsv
 .text.__svc    0x0000000008002d40       0x3c zephyr/libzephyr.a(swap.S.obj)
                0x0000000008002d40                __svc
 .text.__swap   0x0000000008002d7c       0x1c zephyr/libzephyr.a(swap.S.obj)
                0x0000000008002d7c                __swap
 .text._FaultThreadShow.isra.2
                0x0000000008002d98       0x1c zephyr/libzephyr.a(fault.c.obj)
 .text._UsageFault
                0x0000000008002db4       0x90 zephyr/libzephyr.a(fault.c.obj)
 .text._MpuFault
                0x0000000008002e44       0x80 zephyr/libzephyr.a(fault.c.obj)
 .text._BusFault
                0x0000000008002ec4       0x94 zephyr/libzephyr.a(fault.c.obj)
 .text._Fault   0x0000000008002f58       0xcc zephyr/libzephyr.a(fault.c.obj)
                0x0000000008002f58                _Fault
 .text._FaultInit
                0x0000000008003024       0x10 zephyr/libzephyr.a(fault.c.obj)
                0x0000000008003024                _FaultInit
 .text._arch_irq_enable
                0x0000000008003034       0x1c zephyr/libzephyr.a(irq_manage.c.obj)
                0x0000000008003034                _arch_irq_enable
 .text._irq_priority_set
                0x0000000008003050       0x30 zephyr/libzephyr.a(irq_manage.c.obj)
                0x0000000008003050                _irq_priority_set
 .text._irq_spurious
                0x0000000008003080        0x4 zephyr/libzephyr.a(irq_manage.c.obj)
                0x0000000008003080                _irq_spurious
 .text._new_thread
                0x0000000008003084       0x50 zephyr/libzephyr.a(thread.c.obj)
                0x0000000008003084                _new_thread
 .text._CpuIdleInit
                0x00000000080030d4        0xc zephyr/libzephyr.a(cpu_idle.S.obj)
                0x00000000080030d4                _CpuIdleInit
 .text.k_cpu_idle
                0x00000000080030e0        0xc zephyr/libzephyr.a(cpu_idle.S.obj)
                0x00000000080030e0                k_cpu_idle
 .text.__fault  0x00000000080030ec       0x28 zephyr/libzephyr.a(fault_s.S.obj)
                0x00000000080030ec                __usage_fault
                0x00000000080030ec                __reserved
                0x00000000080030ec                __bus_fault
                0x00000000080030ec                __debug_monitor
                0x00000000080030ec                __mpu_fault
                0x00000000080030ec                __hard_fault
 .text._NanoFatalErrorHandler
                0x0000000008003114       0x58 zephyr/libzephyr.a(fatal.c.obj)
                0x0000000008003114                _NanoFatalErrorHandler
 .text._do_kernel_oops
                0x000000000800316c        0x8 zephyr/libzephyr.a(fatal.c.obj)
                0x000000000800316c                _do_kernel_oops
 .text._SysFatalErrorHandler
                0x0000000008003174       0x58 zephyr/libzephyr.a(sys_fatal_error_handler.c.obj)
                0x0000000008003174                _SysFatalErrorHandler
 .text._impl_k_thread_abort
                0x00000000080031cc       0x4c zephyr/libzephyr.a(thread_abort.c.obj)
                0x00000000080031cc                _impl_k_thread_abort
 .text._isr_wrapper
                0x0000000008003218       0x24 zephyr/libzephyr.a(isr_wrapper.S.obj)
                0x0000000008003218                _isr_wrapper
 .text._reset_section
                0x000000000800323c       0x20 zephyr/libzephyr.a(reset.S.obj)
                0x000000000800323c                __reset
                0x000000000800323c                __start
 .text._SysNmiOnReset
                0x000000000800325c        0x8 zephyr/libzephyr.a(nmi_on_reset.S.obj)
                0x000000000800325c                _SysNmiOnReset
 .text._PrepC   0x0000000008003264       0x28 zephyr/libzephyr.a(prep_c.c.obj)
                0x0000000008003264                _PrepC
 .text.__nmi    0x000000000800328c        0xe zephyr/libzephyr.a(nmi.c.obj)
                0x000000000800328c                __nmi
 *fill*         0x000000000800329a        0x2 
 .text.arm_mpu_init
                0x000000000800329c       0x64 zephyr/libzephyr.a(arm_mpu.c.obj)
 .text.console_out
                0x0000000008003300       0x28 zephyr/libzephyr.a(uart_console.c.obj)
 .text.uart_console_hook_install
                0x0000000008003328        0xc zephyr/libzephyr.a(uart_console.c.obj)
                0x0000000008003328                uart_console_hook_install
 .text.uart_console_init
                0x0000000008003334       0x1c zephyr/libzephyr.a(uart_console.c.obj)
 .text.__stm32_exti_isr
                0x0000000008003350       0x3c zephyr/libzephyr.a(exti_stm32.c.obj)
 .text.__stm32_exti_isr_0
                0x000000000800338c        0xa zephyr/libzephyr.a(exti_stm32.c.obj)
 .text.__stm32_exti_isr_1
                0x0000000008003396        0xa zephyr/libzephyr.a(exti_stm32.c.obj)
 .text.__stm32_exti_isr_2
                0x00000000080033a0        0xa zephyr/libzephyr.a(exti_stm32.c.obj)
 .text.__stm32_exti_isr_3
                0x00000000080033aa        0xa zephyr/libzephyr.a(exti_stm32.c.obj)
 .text.__stm32_exti_isr_4
                0x00000000080033b4        0xa zephyr/libzephyr.a(exti_stm32.c.obj)
 .text.__stm32_exti_isr_9_5
                0x00000000080033be        0xa zephyr/libzephyr.a(exti_stm32.c.obj)
 .text.__stm32_exti_isr_15_10
                0x00000000080033c8        0xa zephyr/libzephyr.a(exti_stm32.c.obj)
 .text.__stm32_exti_isr_16
                0x00000000080033d2        0xa zephyr/libzephyr.a(exti_stm32.c.obj)
 .text.__stm32_exti_isr_17
                0x00000000080033dc        0xa zephyr/libzephyr.a(exti_stm32.c.obj)
 .text.__stm32_exti_isr_18
                0x00000000080033e6        0xa zephyr/libzephyr.a(exti_stm32.c.obj)
 .text.__stm32_exti_isr_21
                0x00000000080033f0        0xa zephyr/libzephyr.a(exti_stm32.c.obj)
 .text.__stm32_exti_isr_22
                0x00000000080033fa        0xa zephyr/libzephyr.a(exti_stm32.c.obj)
 .text.stm32_exti_init
                0x0000000008003404       0x7e zephyr/libzephyr.a(exti_stm32.c.obj)
 *fill*         0x0000000008003482        0x2 
 .text.stm32_exti_enable
                0x0000000008003484       0x44 zephyr/libzephyr.a(exti_stm32.c.obj)
                0x0000000008003484                stm32_exti_enable
 .text.stm32_exti_trigger
                0x00000000080034c8       0x2c zephyr/libzephyr.a(exti_stm32.c.obj)
                0x00000000080034c8                stm32_exti_trigger
 .text.stm32_exti_set_callback
                0x00000000080034f4       0x18 zephyr/libzephyr.a(exti_stm32.c.obj)
                0x00000000080034f4                stm32_exti_set_callback
 .text.stm32_clock_control_on
                0x000000000800350c       0x68 zephyr/libzephyr.a(stm32_ll_clock.c.obj)
 .text.stm32_clock_control_off
                0x0000000008003574       0x4c zephyr/libzephyr.a(stm32_ll_clock.c.obj)
 .text.stm32_clock_control_get_subsys_rate
                0x00000000080035c0       0x20 zephyr/libzephyr.a(stm32_ll_clock.c.obj)
 .text.stm32_clock_control_init
                0x00000000080035e0       0x98 zephyr/libzephyr.a(stm32_ll_clock.c.obj)
 .text.config_pll_init
                0x0000000008003678       0x10 zephyr/libzephyr.a(stm32f4x_ll_clock.c.obj)
                0x0000000008003678                config_pll_init
 .text.config_enable_default_clocks
                0x0000000008003688       0x20 zephyr/libzephyr.a(stm32f4x_ll_clock.c.obj)
                0x0000000008003688                config_enable_default_clocks
 .text.LL_RCC_MSI_Disable
                0x00000000080036a8        0x2 zephyr/libzephyr.a(stm32f4x_ll_clock.c.obj)
                0x00000000080036a8                LL_RCC_MSI_Disable
 .text._flash_get_page_info
                0x00000000080036aa       0x92 zephyr/libzephyr.a(flash_page_layout.c.obj)
 .text._impl_flash_get_page_info_by_offs
                0x000000000800373c        0x8 zephyr/libzephyr.a(flash_page_layout.c.obj)
                0x000000000800373c                _impl_flash_get_page_info_by_offs
 .text.flash_stm32_read
                0x0000000008003744       0x2a zephyr/libzephyr.a(flash_stm32.c.obj)
 .text.flash_stm32_write
                0x000000000800376e       0x42 zephyr/libzephyr.a(flash_stm32.c.obj)
 .text.flash_stm32_erase
                0x00000000080037b0       0x8e zephyr/libzephyr.a(flash_stm32.c.obj)
 .text.flash_stm32_wait_flash_idle
                0x000000000800383e       0x2e zephyr/libzephyr.a(flash_stm32.c.obj)
                0x000000000800383e                flash_stm32_wait_flash_idle
 .text.flash_stm32_write_protection
                0x000000000800386c       0x58 zephyr/libzephyr.a(flash_stm32.c.obj)
 .text.stm32_flash_init
                0x00000000080038c4       0x1c zephyr/libzephyr.a(flash_stm32.c.obj)
 .text.flash_stm32_valid_range
                0x00000000080038e0       0x2a zephyr/libzephyr.a(flash_stm32f4x.c.obj)
                0x00000000080038e0                flash_stm32_valid_range
 .text.flash_stm32_block_erase_loop
                0x000000000800390a       0x84 zephyr/libzephyr.a(flash_stm32f4x.c.obj)
                0x000000000800390a                flash_stm32_block_erase_loop
 .text.flash_stm32_write_range
                0x000000000800398e       0x6a zephyr/libzephyr.a(flash_stm32f4x.c.obj)
                0x000000000800398e                flash_stm32_write_range
 .text.flash_stm32_page_layout
                0x00000000080039f8       0x10 zephyr/libzephyr.a(flash_stm32f4x.c.obj)
                0x00000000080039f8                flash_stm32_page_layout
 .text.gpio_stm32_isr
                0x0000000008003a08       0x2c zephyr/libzephyr.a(gpio_stm32.c.obj)
 .text.gpio_stm32_manage_callback
                0x0000000008003a34       0x44 zephyr/libzephyr.a(gpio_stm32.c.obj)
 .text.gpio_stm32_enable_callback
                0x0000000008003a78       0x1a zephyr/libzephyr.a(gpio_stm32.c.obj)
 .text.gpio_stm32_disable_callback
                0x0000000008003a92       0x1c zephyr/libzephyr.a(gpio_stm32.c.obj)
 *fill*         0x0000000008003aae        0x2 
 .text.gpio_stm32_init
                0x0000000008003ab0       0x20 zephyr/libzephyr.a(gpio_stm32.c.obj)
 .text.gpio_stm32_read
                0x0000000008003ad0       0x20 zephyr/libzephyr.a(gpio_stm32.c.obj)
 .text.gpio_stm32_write
                0x0000000008003af0       0x1e zephyr/libzephyr.a(gpio_stm32.c.obj)
 *fill*         0x0000000008003b0e        0x2 
 .text.gpio_stm32_config
                0x0000000008003b10       0x78 zephyr/libzephyr.a(gpio_stm32.c.obj)
 .text.stm32_i2c_msg_write
                0x0000000008003b88       0xc0 zephyr/libzephyr.a(i2c_ll_stm32_v1.c.obj)
                0x0000000008003b88                stm32_i2c_msg_write
 .text.stm32_i2c_msg_read
                0x0000000008003c48      0x130 zephyr/libzephyr.a(i2c_ll_stm32_v1.c.obj)
                0x0000000008003c48                stm32_i2c_msg_read
 .text.stm32_i2c_configure_timing
                0x0000000008003d78       0xb4 zephyr/libzephyr.a(i2c_ll_stm32_v1.c.obj)
                0x0000000008003d78                stm32_i2c_configure_timing
 .text.i2c_stm32_runtime_configure
                0x0000000008003e2c       0x50 zephyr/libzephyr.a(i2c_ll_stm32.c.obj)
 .text.i2c_stm32_init
                0x0000000008003e7c       0x78 zephyr/libzephyr.a(i2c_ll_stm32.c.obj)
 .text.i2c_stm32_transfer
                0x0000000008003ef4       0x84 zephyr/libzephyr.a(i2c_ll_stm32.c.obj)
 .text._pinmux_stm32_set
                0x0000000008003f78       0x54 zephyr/libzephyr.a(pinmux_stm32.c.obj)
                0x0000000008003f78                _pinmux_stm32_set
 .text.stm32_setup_pins
                0x0000000008003fcc       0x30 zephyr/libzephyr.a(pinmux_stm32.c.obj)
                0x0000000008003fcc                stm32_setup_pins
 .text.uart_stm32_poll_in
                0x0000000008003ffc       0x18 zephyr/libzephyr.a(uart_stm32.c.obj)
 .text.uart_stm32_poll_out
                0x0000000008004014       0x18 zephyr/libzephyr.a(uart_stm32.c.obj)
 .text.uart_stm32_init
                0x000000000800402c       0x84 zephyr/libzephyr.a(uart_stm32.c.obj)
 .text.spi_stm32_transfer_ongoing
                0x00000000080040b0       0x1e zephyr/libzephyr.a(spi_ll_stm32.c.obj)
 .text.spi_stm32_next_tx
                0x00000000080040ce       0x24 zephyr/libzephyr.a(spi_ll_stm32.c.obj)
 .text.spi_stm32_irq_config_func_1
                0x00000000080040f2       0x16 zephyr/libzephyr.a(spi_ll_stm32.c.obj)
 .text.spi_stm32_init
                0x0000000008004108       0x30 zephyr/libzephyr.a(spi_ll_stm32.c.obj)
 .text.gpio_pin_write
                0x0000000008004138       0x12 zephyr/libzephyr.a(spi_ll_stm32.c.obj)
 .text.spi_stm32_release
                0x000000000800414a       0x14 zephyr/libzephyr.a(spi_ll_stm32.c.obj)
 .text.spi_stm32_complete
                0x000000000800415e       0x8a zephyr/libzephyr.a(spi_ll_stm32.c.obj)
 .text.spi_stm32_isr
                0x00000000080041e8      0x1be zephyr/libzephyr.a(spi_ll_stm32.c.obj)
 *fill*         0x00000000080043a6        0x2 
 .text.transceive
                0x00000000080043a8      0x270 zephyr/libzephyr.a(spi_ll_stm32.c.obj)
 .text.spi_stm32_transceive_async
                0x0000000008004618       0x16 zephyr/libzephyr.a(spi_ll_stm32.c.obj)
 .text.spi_stm32_transceive
                0x000000000800462e       0x14 zephyr/libzephyr.a(spi_ll_stm32.c.obj)
 *fill*         0x0000000008004642        0x2 
 .text._bt_spi_init
                0x0000000008004644       0x54 zephyr/libzephyr.a(spi.c.obj)
 .text.bt_spi_isr
                0x0000000008004698        0xc zephyr/libzephyr.a(spi.c.obj)
 .text.bt_spi_transceive
                0x00000000080046a4       0x30 zephyr/libzephyr.a(spi.c.obj)
 .text.bt_spi_send
                0x00000000080046d4       0xc8 zephyr/libzephyr.a(spi.c.obj)
 .text.bt_spi_rx_thread
                0x000000000800479c      0x158 zephyr/libzephyr.a(spi.c.obj)
 .text.bt_spi_open
                0x00000000080048f4       0xd0 zephyr/libzephyr.a(spi.c.obj)
 .text._timer_int_handler
                0x00000000080049c4       0x2c zephyr/libzephyr.a(cortex_m_systick.c.obj)
                0x00000000080049c4                _timer_int_handler
 .text._sys_clock_driver_init
                0x00000000080049f0       0x2c zephyr/libzephyr.a(cortex_m_systick.c.obj)
                0x00000000080049f0                _sys_clock_driver_init
 .text._timer_cycle_get_32
                0x0000000008004a1c       0x20 zephyr/libzephyr.a(cortex_m_systick.c.obj)
                0x0000000008004a1c                _timer_cycle_get_32
 .text.pinmux_stm32_init
                0x0000000008004a3c       0x14 zephyr/boards/arm/96b_carbon/libboards__arm__96b_carbon.a(pinmux.c.obj)
 .text.send_cmd_status
                0x0000000008004a50       0x4c zephyr/subsys/bluetooth/host/libsubsys__bluetooth__host.a(hci_ecc.c.obj)
 .text.sys_memcpy_swap.constprop.3
                0x0000000008004a9c       0x14 zephyr/subsys/bluetooth/host/libsubsys__bluetooth__host.a(hci_ecc.c.obj)
 .text.ecc_thread
                0x0000000008004ab0      0x170 zephyr/subsys/bluetooth/host/libsubsys__bluetooth__host.a(hci_ecc.c.obj)
 .text.bt_hci_ecc_send
                0x0000000008004c20      0x124 zephyr/subsys/bluetooth/host/libsubsys__bluetooth__host.a(hci_ecc.c.obj)
                0x0000000008004c20                bt_hci_ecc_send
 .text.default_CSPRNG
                0x0000000008004d44        0xe zephyr/subsys/bluetooth/host/libsubsys__bluetooth__host.a(hci_ecc.c.obj)
                0x0000000008004d44                default_CSPRNG
 *fill*         0x0000000008004d52        0x2 
 .text.bt_hci_ecc_init
                0x0000000008004d54       0x34 zephyr/subsys/bluetooth/host/libsubsys__bluetooth__host.a(hci_ecc.c.obj)
                0x0000000008004d54                bt_hci_ecc_init
 .text.uuid_to_uuid128
                0x0000000008004d88       0x7c zephyr/subsys/bluetooth/host/libsubsys__bluetooth__host.a(uuid.c.obj)
 .text.bt_uuid_cmp
                0x0000000008004e04       0x54 zephyr/subsys/bluetooth/host/libsubsys__bluetooth__host.a(uuid.c.obj)
                0x0000000008004e04                bt_uuid_cmp
 .text.net_buf_user_data
                0x0000000008004e58        0xc zephyr/subsys/bluetooth/host/libsubsys__bluetooth__host.a(hci_core.c.obj)
 .text.bt_addr_le_copy
                0x0000000008004e64        0x6 zephyr/subsys/bluetooth/host/libsubsys__bluetooth__host.a(hci_core.c.obj)
 .text.atomic_or
                0x0000000008004e6a       0x22 zephyr/subsys/bluetooth/host/libsubsys__bluetooth__host.a(hci_core.c.obj)
 .text.atomic_test_bit
                0x0000000008004e8c       0x1a zephyr/subsys/bluetooth/host/libsubsys__bluetooth__host.a(hci_core.c.obj)
 .text.atomic_and
                0x0000000008004ea6       0x22 zephyr/subsys/bluetooth/host/libsubsys__bluetooth__host.a(hci_core.c.obj)
 .text.update_conn_param
                0x0000000008004ec8       0x1c zephyr/subsys/bluetooth/host/libsubsys__bluetooth__host.a(hci_core.c.obj)
 .text.hci_cmd_done.isra.13
                0x0000000008004ee4       0x34 zephyr/subsys/bluetooth/host/libsubsys__bluetooth__host.a(hci_core.c.obj)
 .text.hci_tx_thread
                0x0000000008004f18       0xec zephyr/subsys/bluetooth/host/libsubsys__bluetooth__host.a(hci_core.c.obj)
 .text.bt_hci_cmd_create
                0x0000000008005004       0x48 zephyr/subsys/bluetooth/host/libsubsys__bluetooth__host.a(hci_core.c.obj)
                0x0000000008005004                bt_hci_cmd_create
 .text.bt_hci_cmd_send
                0x000000000800504c       0x44 zephyr/subsys/bluetooth/host/libsubsys__bluetooth__host.a(hci_core.c.obj)
                0x000000000800504c                bt_hci_cmd_send
 .text.report_completed_packet
                0x0000000008005090       0x84 zephyr/subsys/bluetooth/host/libsubsys__bluetooth__host.a(hci_core.c.obj)
 .text.hci_le_set_phy.isra.25
                0x0000000008005114       0x40 zephyr/subsys/bluetooth/host/libsubsys__bluetooth__host.a(hci_core.c.obj)
 .text.le_conn_param_neg_reply
                0x0000000008005154       0x34 zephyr/subsys/bluetooth/host/libsubsys__bluetooth__host.a(hci_core.c.obj)
 .text.bt_hci_cmd_send_sync
                0x0000000008005188       0x70 zephyr/subsys/bluetooth/host/libsubsys__bluetooth__host.a(hci_core.c.obj)
                0x0000000008005188                bt_hci_cmd_send_sync
 .text.set_random_address
                0x00000000080051f8       0x5c zephyr/subsys/bluetooth/host/libsubsys__bluetooth__host.a(hci_core.c.obj)
 .text.le_set_private_addr
                0x0000000008005254       0x24 zephyr/subsys/bluetooth/host/libsubsys__bluetooth__host.a(hci_core.c.obj)
 .text.set_le_scan_enable
                0x0000000008005278       0x68 zephyr/subsys/bluetooth/host/libsubsys__bluetooth__host.a(hci_core.c.obj)
 .text.set_advertise_enable
                0x00000000080052e0       0x54 zephyr/subsys/bluetooth/host/libsubsys__bluetooth__host.a(hci_core.c.obj)
 .text.set_ad   0x0000000008005334       0x98 zephyr/subsys/bluetooth/host/libsubsys__bluetooth__host.a(hci_core.c.obj)
 .text.hci_le_set_data_len.isra.26
                0x00000000080053cc       0x54 zephyr/subsys/bluetooth/host/libsubsys__bluetooth__host.a(hci_core.c.obj)
 .text.bt_le_conn_params_valid
                0x0000000008005420       0x40 zephyr/subsys/bluetooth/host/libsubsys__bluetooth__host.a(hci_core.c.obj)
                0x0000000008005420                bt_le_conn_params_valid
 .text.bt_le_scan_update
                0x0000000008005460       0x2c zephyr/subsys/bluetooth/host/libsubsys__bluetooth__host.a(hci_core.c.obj)
                0x0000000008005460                bt_le_scan_update
 .text.le_enh_conn_complete
                0x000000000800548c      0x18c zephyr/subsys/bluetooth/host/libsubsys__bluetooth__host.a(hci_core.c.obj)
 .text.hci_rx_thread
                0x0000000008005618      0x5c4 zephyr/subsys/bluetooth/host/libsubsys__bluetooth__host.a(hci_core.c.obj)
 .text.bt_addr_le_create_static
                0x0000000008005bdc       0x1c zephyr/subsys/bluetooth/host/libsubsys__bluetooth__host.a(hci_core.c.obj)
                0x0000000008005bdc                bt_addr_le_create_static
 .text.bt_init  0x0000000008005bf8      0x570 zephyr/subsys/bluetooth/host/libsubsys__bluetooth__host.a(hci_core.c.obj)
 .text.init_work
                0x0000000008006168       0x18 zephyr/subsys/bluetooth/host/libsubsys__bluetooth__host.a(hci_core.c.obj)
 .text.bt_send  0x0000000008006180        0x4 zephyr/subsys/bluetooth/host/libsubsys__bluetooth__host.a(hci_core.c.obj)
                0x0000000008006180                bt_send
 .text.bt_recv  0x0000000008006184       0x40 zephyr/subsys/bluetooth/host/libsubsys__bluetooth__host.a(hci_core.c.obj)
                0x0000000008006184                bt_recv
 .text.bt_recv_prio
                0x00000000080061c4      0x11c zephyr/subsys/bluetooth/host/libsubsys__bluetooth__host.a(hci_core.c.obj)
                0x00000000080061c4                bt_recv_prio
 .text.bt_hci_driver_register
                0x00000000080062e0       0x28 zephyr/subsys/bluetooth/host/libsubsys__bluetooth__host.a(hci_core.c.obj)
                0x00000000080062e0                bt_hci_driver_register
 .text.bt_enable
                0x0000000008006308       0xcc zephyr/subsys/bluetooth/host/libsubsys__bluetooth__host.a(hci_core.c.obj)
                0x0000000008006308                bt_enable
 .text.bt_addr_le_is_bonded
                0x00000000080063d4        0x4 zephyr/subsys/bluetooth/host/libsubsys__bluetooth__host.a(hci_core.c.obj)
                0x00000000080063d4                bt_addr_le_is_bonded
 .text.bt_le_adv_start
                0x00000000080063d8      0x138 zephyr/subsys/bluetooth/host/libsubsys__bluetooth__host.a(hci_core.c.obj)
                0x00000000080063d8                bt_le_adv_start
 .text.bt_le_adv_stop
                0x0000000008006510       0x4c zephyr/subsys/bluetooth/host/libsubsys__bluetooth__host.a(hci_core.c.obj)
                0x0000000008006510                bt_le_adv_stop
 .text.bt_le_scan_start
                0x000000000800655c      0x138 zephyr/subsys/bluetooth/host/libsubsys__bluetooth__host.a(hci_core.c.obj)
                0x000000000800655c                bt_le_scan_start
 .text.bt_le_scan_stop
                0x0000000008006694       0x2c zephyr/subsys/bluetooth/host/libsubsys__bluetooth__host.a(hci_core.c.obj)
                0x0000000008006694                bt_le_scan_stop
 .text.bt_buf_get_rx
                0x00000000080066c0       0x30 zephyr/subsys/bluetooth/host/libsubsys__bluetooth__host.a(hci_core.c.obj)
                0x00000000080066c0                bt_buf_get_rx
 .text.bt_buf_get_cmd_complete
                0x00000000080066f0       0x48 zephyr/subsys/bluetooth/host/libsubsys__bluetooth__host.a(hci_core.c.obj)
                0x00000000080066f0                bt_buf_get_cmd_complete
 .text.bt_pub_key_gen
                0x0000000008006738       0x84 zephyr/subsys/bluetooth/host/libsubsys__bluetooth__host.a(hci_core.c.obj)
                0x0000000008006738                bt_pub_key_gen
 .text.bt_pub_key_get
                0x00000000080067bc       0x1c zephyr/subsys/bluetooth/host/libsubsys__bluetooth__host.a(hci_core.c.obj)
                0x00000000080067bc                bt_pub_key_get
 .text.bt_dh_key_gen
                0x00000000080067d8       0x74 zephyr/subsys/bluetooth/host/libsubsys__bluetooth__host.a(hci_core.c.obj)
                0x00000000080067d8                bt_dh_key_gen
 .text.prng_reseed.constprop.0
                0x000000000800684c       0x5c zephyr/subsys/bluetooth/host/libsubsys__bluetooth__host.a(crypto.c.obj)
 .text.prng_init
                0x00000000080068a8       0x50 zephyr/subsys/bluetooth/host/libsubsys__bluetooth__host.a(crypto.c.obj)
                0x00000000080068a8                prng_init
 .text.bt_rand  0x00000000080068f8       0x30 zephyr/subsys/bluetooth/host/libsubsys__bluetooth__host.a(crypto.c.obj)
                0x00000000080068f8                bt_rand
 .text.bt_encrypt_be
                0x0000000008006928       0x2c zephyr/subsys/bluetooth/host/libsubsys__bluetooth__host.a(crypto.c.obj)
                0x0000000008006928                bt_encrypt_be
 .text.notify_connected
                0x0000000008006954       0x20 zephyr/subsys/bluetooth/host/libsubsys__bluetooth__host.a(conn.c.obj)
 .text.atomic_get
                0x0000000008006974        0xc zephyr/subsys/bluetooth/host/libsubsys__bluetooth__host.a(conn.c.obj)
 .text.bt_conn_reset_rx_state
                0x0000000008006980       0x16 zephyr/subsys/bluetooth/host/libsubsys__bluetooth__host.a(conn.c.obj)
 .text.atomic_dec
                0x0000000008006996       0x1a zephyr/subsys/bluetooth/host/libsubsys__bluetooth__host.a(conn.c.obj)
 .text.atomic_inc
                0x00000000080069b0       0x1a zephyr/subsys/bluetooth/host/libsubsys__bluetooth__host.a(conn.c.obj)
 *fill*         0x00000000080069ca        0x2 
 .text.bt_conn_get_pkts
                0x00000000080069cc        0x8 zephyr/subsys/bluetooth/host/libsubsys__bluetooth__host.a(conn.c.obj)
                0x00000000080069cc                bt_conn_get_pkts
 .text.notify_le_param_updated
                0x00000000080069d4       0x28 zephyr/subsys/bluetooth/host/libsubsys__bluetooth__host.a(conn.c.obj)
                0x00000000080069d4                notify_le_param_updated
 .text.le_param_req
                0x00000000080069fc       0x40 zephyr/subsys/bluetooth/host/libsubsys__bluetooth__host.a(conn.c.obj)
                0x00000000080069fc                le_param_req
 .text.bt_conn_cb_register
                0x0000000008006a3c       0x10 zephyr/subsys/bluetooth/host/libsubsys__bluetooth__host.a(conn.c.obj)
                0x0000000008006a3c                bt_conn_cb_register
 .text.bt_conn_recv
                0x0000000008006a4c       0x8e zephyr/subsys/bluetooth/host/libsubsys__bluetooth__host.a(conn.c.obj)
                0x0000000008006a4c                bt_conn_recv
 .text.bt_conn_send_cb
                0x0000000008006ada       0x4c zephyr/subsys/bluetooth/host/libsubsys__bluetooth__host.a(conn.c.obj)
                0x0000000008006ada                bt_conn_send_cb
 *fill*         0x0000000008006b26        0x2 
 .text.bt_conn_notify_tx
                0x0000000008006b28       0x40 zephyr/subsys/bluetooth/host/libsubsys__bluetooth__host.a(conn.c.obj)
                0x0000000008006b28                bt_conn_notify_tx
 .text.send_frag
                0x0000000008006b68      0x118 zephyr/subsys/bluetooth/host/libsubsys__bluetooth__host.a(conn.c.obj)
 .text.conn_cleanup
                0x0000000008006c80       0x30 zephyr/subsys/bluetooth/host/libsubsys__bluetooth__host.a(conn.c.obj)
 .text.bt_conn_prepare_events
                0x0000000008006cb0       0x90 zephyr/subsys/bluetooth/host/libsubsys__bluetooth__host.a(conn.c.obj)
                0x0000000008006cb0                bt_conn_prepare_events
 .text.bt_conn_add_le
                0x0000000008006d40       0x68 zephyr/subsys/bluetooth/host/libsubsys__bluetooth__host.a(conn.c.obj)
                0x0000000008006d40                bt_conn_add_le
 .text.bt_conn_set_state
                0x0000000008006da8      0x11c zephyr/subsys/bluetooth/host/libsubsys__bluetooth__host.a(conn.c.obj)
                0x0000000008006da8                bt_conn_set_state
 .text.bt_conn_lookup_handle
                0x0000000008006ec4       0x34 zephyr/subsys/bluetooth/host/libsubsys__bluetooth__host.a(conn.c.obj)
                0x0000000008006ec4                bt_conn_lookup_handle
 .text.bt_conn_addr_le_cmp
                0x0000000008006ef8       0x30 zephyr/subsys/bluetooth/host/libsubsys__bluetooth__host.a(conn.c.obj)
                0x0000000008006ef8                bt_conn_addr_le_cmp
 .text.bt_conn_lookup_addr_le
                0x0000000008006f28       0x34 zephyr/subsys/bluetooth/host/libsubsys__bluetooth__host.a(conn.c.obj)
                0x0000000008006f28                bt_conn_lookup_addr_le
 .text.bt_conn_lookup_state_le
                0x0000000008006f5c       0x44 zephyr/subsys/bluetooth/host/libsubsys__bluetooth__host.a(conn.c.obj)
                0x0000000008006f5c                bt_conn_lookup_state_le
 .text.bt_conn_ref
                0x0000000008006fa0        0xe zephyr/subsys/bluetooth/host/libsubsys__bluetooth__host.a(conn.c.obj)
                0x0000000008006fa0                bt_conn_ref
 .text.bt_conn_unref
                0x0000000008006fae        0x6 zephyr/subsys/bluetooth/host/libsubsys__bluetooth__host.a(conn.c.obj)
                0x0000000008006fae                bt_conn_unref
 .text.bt_conn_disconnect
                0x0000000008006fb4       0x6c zephyr/subsys/bluetooth/host/libsubsys__bluetooth__host.a(conn.c.obj)
                0x0000000008006fb4                bt_conn_disconnect
 .text.bt_conn_le_conn_update
                0x0000000008007020       0x4e zephyr/subsys/bluetooth/host/libsubsys__bluetooth__host.a(conn.c.obj)
                0x0000000008007020                bt_conn_le_conn_update
 *fill*         0x000000000800706e        0x2 
 .text.bt_conn_le_param_update
                0x0000000008007070       0x6c zephyr/subsys/bluetooth/host/libsubsys__bluetooth__host.a(conn.c.obj)
                0x0000000008007070                bt_conn_le_param_update
 .text.le_conn_update
                0x00000000080070dc       0x30 zephyr/subsys/bluetooth/host/libsubsys__bluetooth__host.a(conn.c.obj)
 .text.bt_conn_create_pdu
                0x000000000800710c       0x24 zephyr/subsys/bluetooth/host/libsubsys__bluetooth__host.a(conn.c.obj)
                0x000000000800710c                bt_conn_create_pdu
 .text.create_frag.isra.6
                0x0000000008007130       0x70 zephyr/subsys/bluetooth/host/libsubsys__bluetooth__host.a(conn.c.obj)
 .text.bt_conn_process_tx
                0x00000000080071a0       0xb4 zephyr/subsys/bluetooth/host/libsubsys__bluetooth__host.a(conn.c.obj)
                0x00000000080071a0                bt_conn_process_tx
 .text.bt_conn_get_id
                0x0000000008007254       0x18 zephyr/subsys/bluetooth/host/libsubsys__bluetooth__host.a(conn.c.obj)
                0x0000000008007254                bt_conn_get_id
 .text.bt_conn_lookup_id
                0x000000000800726c       0x24 zephyr/subsys/bluetooth/host/libsubsys__bluetooth__host.a(conn.c.obj)
                0x000000000800726c                bt_conn_lookup_id
 .text.bt_conn_init
                0x0000000008007290       0x44 zephyr/subsys/bluetooth/host/libsubsys__bluetooth__host.a(conn.c.obj)
                0x0000000008007290                bt_conn_init
 .text.l2cap_disconnected
                0x00000000080072d4        0x2 zephyr/subsys/bluetooth/host/libsubsys__bluetooth__host.a(l2cap.c.obj)
 *fill*         0x00000000080072d6        0x2 
 .text.l2cap_accept
                0x00000000080072d8       0x1c zephyr/subsys/bluetooth/host/libsubsys__bluetooth__host.a(l2cap.c.obj)
 .text.l2cap_connected
                0x00000000080072f4        0x2 zephyr/subsys/bluetooth/host/libsubsys__bluetooth__host.a(l2cap.c.obj)
 *fill*         0x00000000080072f6        0x2 
 .text.bt_l2cap_le_fixed_chan_register
                0x00000000080072f8       0x20 zephyr/subsys/bluetooth/host/libsubsys__bluetooth__host.a(l2cap.c.obj)
                0x00000000080072f8                bt_l2cap_le_fixed_chan_register
 .text.bt_l2cap_chan_remove
                0x0000000008007318       0x44 zephyr/subsys/bluetooth/host/libsubsys__bluetooth__host.a(l2cap.c.obj)
                0x0000000008007318                bt_l2cap_chan_remove
 .text.bt_l2cap_chan_del
                0x000000000800735c       0x22 zephyr/subsys/bluetooth/host/libsubsys__bluetooth__host.a(l2cap.c.obj)
                0x000000000800735c                bt_l2cap_chan_del
 .text.l2cap_rtx_timeout
                0x000000000800737e       0x1a zephyr/subsys/bluetooth/host/libsubsys__bluetooth__host.a(l2cap.c.obj)
 .text.bt_l2cap_connected
                0x0000000008007398       0x74 zephyr/subsys/bluetooth/host/libsubsys__bluetooth__host.a(l2cap.c.obj)
                0x0000000008007398                bt_l2cap_connected
 .text.bt_l2cap_disconnected
                0x000000000800740c       0x32 zephyr/subsys/bluetooth/host/libsubsys__bluetooth__host.a(l2cap.c.obj)
                0x000000000800740c                bt_l2cap_disconnected
 .text.bt_l2cap_create_pdu
                0x000000000800743e        0x6 zephyr/subsys/bluetooth/host/libsubsys__bluetooth__host.a(l2cap.c.obj)
                0x000000000800743e                bt_l2cap_create_pdu
 .text.bt_l2cap_send_cb
                0x0000000008007444       0x2a zephyr/subsys/bluetooth/host/libsubsys__bluetooth__host.a(l2cap.c.obj)
                0x0000000008007444                bt_l2cap_send_cb
 .text.l2cap_recv
                0x000000000800746e       0x76 zephyr/subsys/bluetooth/host/libsubsys__bluetooth__host.a(l2cap.c.obj)
 .text.bt_l2cap_le_lookup_tx_cid
                0x00000000080074e4       0x20 zephyr/subsys/bluetooth/host/libsubsys__bluetooth__host.a(l2cap.c.obj)
                0x00000000080074e4                bt_l2cap_le_lookup_tx_cid
 .text.bt_l2cap_le_lookup_rx_cid
                0x0000000008007504       0x1e zephyr/subsys/bluetooth/host/libsubsys__bluetooth__host.a(l2cap.c.obj)
                0x0000000008007504                bt_l2cap_le_lookup_rx_cid
 .text.bt_l2cap_recv
                0x0000000008007522       0x3a zephyr/subsys/bluetooth/host/libsubsys__bluetooth__host.a(l2cap.c.obj)
                0x0000000008007522                bt_l2cap_recv
 .text.bt_l2cap_update_conn_param
                0x000000000800755c       0x6c zephyr/subsys/bluetooth/host/libsubsys__bluetooth__host.a(l2cap.c.obj)
                0x000000000800755c                bt_l2cap_update_conn_param
 .text.bt_l2cap_init
                0x00000000080075c8        0xc zephyr/subsys/bluetooth/host/libsubsys__bluetooth__host.a(l2cap.c.obj)
                0x00000000080075c8                bt_l2cap_init
 .text.att_exec_write_req
                0x00000000080075d4        0x4 zephyr/subsys/bluetooth/host/libsubsys__bluetooth__host.a(att.c.obj)
 .text.att_op_get_type
                0x00000000080075d8       0x30 zephyr/subsys/bluetooth/host/libsubsys__bluetooth__host.a(att.c.obj)
 .text.att_req_destroy
                0x0000000008007608       0x22 zephyr/subsys/bluetooth/host/libsubsys__bluetooth__host.a(att.c.obj)
 .text.att_notify
                0x000000000800762a        0xe zephyr/subsys/bluetooth/host/libsubsys__bluetooth__host.a(att.c.obj)
 .text.read_group_cb
                0x0000000008007638       0xce zephyr/subsys/bluetooth/host/libsubsys__bluetooth__host.a(att.c.obj)
 .text.find_info_cb
                0x0000000008007706       0x9a zephyr/subsys/bluetooth/host/libsubsys__bluetooth__host.a(att.c.obj)
 .text.find_type_cb
                0x00000000080077a0       0xa6 zephyr/subsys/bluetooth/host/libsubsys__bluetooth__host.a(att.c.obj)
 *fill*         0x0000000008007846        0x2 
 .text.bt_att_connected
                0x0000000008007848       0x2c zephyr/subsys/bluetooth/host/libsubsys__bluetooth__host.a(att.c.obj)
 .text.check_perm.isra.3
                0x0000000008007874       0x40 zephyr/subsys/bluetooth/host/libsubsys__bluetooth__host.a(att.c.obj)
 .text.read_type_cb
                0x00000000080078b4       0xbc zephyr/subsys/bluetooth/host/libsubsys__bluetooth__host.a(att.c.obj)
 .text.uuid_create
                0x0000000008007970       0x32 zephyr/subsys/bluetooth/host/libsubsys__bluetooth__host.a(att.c.obj)
 *fill*         0x00000000080079a2        0x2 
 .text.att_req_sent
                0x00000000080079a4       0x30 zephyr/subsys/bluetooth/host/libsubsys__bluetooth__host.a(att.c.obj)
 .text.bt_att_accept
                0x00000000080079d4       0x48 zephyr/subsys/bluetooth/host/libsubsys__bluetooth__host.a(att.c.obj)
 .text.att_is_connected
                0x0000000008007a1c       0x22 zephyr/subsys/bluetooth/host/libsubsys__bluetooth__host.a(att.c.obj)
 .text.att_prepare_write_req
                0x0000000008007a3e        0x4 zephyr/subsys/bluetooth/host/libsubsys__bluetooth__host.a(att.c.obj)
 .text.att_chan_get
                0x0000000008007a42       0x28 zephyr/subsys/bluetooth/host/libsubsys__bluetooth__host.a(att.c.obj)
 .text.att_pdu_sent
                0x0000000008007a6a       0x12 zephyr/subsys/bluetooth/host/libsubsys__bluetooth__host.a(att.c.obj)
 .text.att_cfm_sent
                0x0000000008007a7c       0x2e zephyr/subsys/bluetooth/host/libsubsys__bluetooth__host.a(att.c.obj)
 .text.att_rsp_sent
                0x0000000008007aaa       0x2e zephyr/subsys/bluetooth/host/libsubsys__bluetooth__host.a(att.c.obj)
 .text.write_cb
                0x0000000008007ad8       0x56 zephyr/subsys/bluetooth/host/libsubsys__bluetooth__host.a(att.c.obj)
 *fill*         0x0000000008007b2e        0x2 
 .text.att_send_req
                0x0000000008007b30       0x78 zephyr/subsys/bluetooth/host/libsubsys__bluetooth__host.a(att.c.obj)
 .text.att_handle_rsp
                0x0000000008007ba8       0x76 zephyr/subsys/bluetooth/host/libsubsys__bluetooth__host.a(att.c.obj)
 .text.att_confirm
                0x0000000008007c1e        0xa zephyr/subsys/bluetooth/host/libsubsys__bluetooth__host.a(att.c.obj)
 .text.att_handle_exec_write_rsp
                0x0000000008007c28        0x4 zephyr/subsys/bluetooth/host/libsubsys__bluetooth__host.a(att.c.obj)
 .text.att_handle_prepare_write_rsp
                0x0000000008007c2c        0x4 zephyr/subsys/bluetooth/host/libsubsys__bluetooth__host.a(att.c.obj)
 .text.att_handle_write_rsp
                0x0000000008007c30        0x4 zephyr/subsys/bluetooth/host/libsubsys__bluetooth__host.a(att.c.obj)
 .text.att_handle_read_mult_rsp
                0x0000000008007c34        0x4 zephyr/subsys/bluetooth/host/libsubsys__bluetooth__host.a(att.c.obj)
 .text.att_handle_read_blob_rsp
                0x0000000008007c38        0x4 zephyr/subsys/bluetooth/host/libsubsys__bluetooth__host.a(att.c.obj)
 .text.att_handle_read_rsp
                0x0000000008007c3c        0x4 zephyr/subsys/bluetooth/host/libsubsys__bluetooth__host.a(att.c.obj)
 .text.att_handle_read_type_rsp
                0x0000000008007c40        0x4 zephyr/subsys/bluetooth/host/libsubsys__bluetooth__host.a(att.c.obj)
 .text.att_handle_find_type_rsp
                0x0000000008007c44        0x4 zephyr/subsys/bluetooth/host/libsubsys__bluetooth__host.a(att.c.obj)
 .text.att_handle_find_info_rsp
                0x0000000008007c48        0x4 zephyr/subsys/bluetooth/host/libsubsys__bluetooth__host.a(att.c.obj)
 .text.att_mtu_rsp
                0x0000000008007c4c       0x30 zephyr/subsys/bluetooth/host/libsubsys__bluetooth__host.a(att.c.obj)
 .text.att_error_rsp
                0x0000000008007c7c       0x2c zephyr/subsys/bluetooth/host/libsubsys__bluetooth__host.a(att.c.obj)
 .text.att_reset
                0x0000000008007ca8       0x7c zephyr/subsys/bluetooth/host/libsubsys__bluetooth__host.a(att.c.obj)
 .text.bt_att_disconnected
                0x0000000008007d24       0x1c zephyr/subsys/bluetooth/host/libsubsys__bluetooth__host.a(att.c.obj)
 .text.att_timeout
                0x0000000008007d40       0x1a zephyr/subsys/bluetooth/host/libsubsys__bluetooth__host.a(att.c.obj)
 .text.read_cb  0x0000000008007d5a       0x76 zephyr/subsys/bluetooth/host/libsubsys__bluetooth__host.a(att.c.obj)
 .text.bt_att_create_pdu
                0x0000000008007dd0       0x32 zephyr/subsys/bluetooth/host/libsubsys__bluetooth__host.a(att.c.obj)
                0x0000000008007dd0                bt_att_create_pdu
 *fill*         0x0000000008007e02        0x2 
 .text.att_indicate
                0x0000000008007e04       0x2c zephyr/subsys/bluetooth/host/libsubsys__bluetooth__host.a(att.c.obj)
 .text.att_mtu_req
                0x0000000008007e30       0x60 zephyr/subsys/bluetooth/host/libsubsys__bluetooth__host.a(att.c.obj)
 .text.send_err_rsp.part.9
                0x0000000008007e90       0x44 zephyr/subsys/bluetooth/host/libsubsys__bluetooth__host.a(att.c.obj)
 .text.bt_att_recv
                0x0000000008007ed4       0xd4 zephyr/subsys/bluetooth/host/libsubsys__bluetooth__host.a(att.c.obj)
 .text.att_read_group_req
                0x0000000008007fa8      0x108 zephyr/subsys/bluetooth/host/libsubsys__bluetooth__host.a(att.c.obj)
 .text.att_read_mult_req
                0x00000000080080b0       0x8c zephyr/subsys/bluetooth/host/libsubsys__bluetooth__host.a(att.c.obj)
 .text.att_read_rsp
                0x000000000800813c       0x8c zephyr/subsys/bluetooth/host/libsubsys__bluetooth__host.a(att.c.obj)
 .text.att_read_blob_req
                0x00000000080081c8       0x18 zephyr/subsys/bluetooth/host/libsubsys__bluetooth__host.a(att.c.obj)
 .text.att_read_req
                0x00000000080081e0       0x18 zephyr/subsys/bluetooth/host/libsubsys__bluetooth__host.a(att.c.obj)
 .text.att_read_type_req
                0x00000000080081f8       0xd4 zephyr/subsys/bluetooth/host/libsubsys__bluetooth__host.a(att.c.obj)
 .text.att_find_type_req
                0x00000000080082cc       0xc4 zephyr/subsys/bluetooth/host/libsubsys__bluetooth__host.a(att.c.obj)
 .text.att_find_info_req
                0x0000000008008390       0x78 zephyr/subsys/bluetooth/host/libsubsys__bluetooth__host.a(att.c.obj)
 .text.att_write_rsp.part.10.constprop.14
                0x0000000008008408       0xac zephyr/subsys/bluetooth/host/libsubsys__bluetooth__host.a(att.c.obj)
 .text.att_signed_write_cmd
                0x00000000080084b4       0x62 zephyr/subsys/bluetooth/host/libsubsys__bluetooth__host.a(att.c.obj)
 .text.att_write_cmd
                0x0000000008008516       0x2c zephyr/subsys/bluetooth/host/libsubsys__bluetooth__host.a(att.c.obj)
 .text.att_write_req
                0x0000000008008542       0x2c zephyr/subsys/bluetooth/host/libsubsys__bluetooth__host.a(att.c.obj)
 *fill*         0x000000000800856e        0x2 
 .text.bt_att_init
                0x0000000008008570       0x14 zephyr/subsys/bluetooth/host/libsubsys__bluetooth__host.a(att.c.obj)
                0x0000000008008570                bt_att_init
 .text.bt_att_get_mtu
                0x0000000008008584        0xe zephyr/subsys/bluetooth/host/libsubsys__bluetooth__host.a(att.c.obj)
                0x0000000008008584                bt_att_get_mtu
 .text.bt_att_req_send
                0x0000000008008592       0x4a zephyr/subsys/bluetooth/host/libsubsys__bluetooth__host.a(att.c.obj)
                0x0000000008008592                bt_att_req_send
 .text.sc_ccc_cfg_changed
                0x00000000080085dc        0x2 zephyr/subsys/bluetooth/host/libsubsys__bluetooth__host.a(gatt.c.obj)
 .text.find_next
                0x00000000080085de        0x6 zephyr/subsys/bluetooth/host/libsubsys__bluetooth__host.a(gatt.c.obj)
 .text.gatt_ccc_changed
                0x00000000080085e4       0x32 zephyr/subsys/bluetooth/host/libsubsys__bluetooth__host.a(gatt.c.obj)
 .text.gatt_indicate_rsp
                0x0000000008008616       0x10 zephyr/subsys/bluetooth/host/libsubsys__bluetooth__host.a(gatt.c.obj)
 .text.bt_gatt_attr_write_ccc
                0x0000000008008626       0xbc zephyr/subsys/bluetooth/host/libsubsys__bluetooth__host.a(gatt.c.obj)
                0x0000000008008626                bt_gatt_attr_write_ccc
 .text.gatt_notify
                0x00000000080086e2       0x56 zephyr/subsys/bluetooth/host/libsubsys__bluetooth__host.a(gatt.c.obj)
 .text.gatt_indicate
                0x0000000008008738       0x6c zephyr/subsys/bluetooth/host/libsubsys__bluetooth__host.a(gatt.c.obj)
 .text.gatt_register
                0x00000000080087a4       0x6c zephyr/subsys/bluetooth/host/libsubsys__bluetooth__host.a(gatt.c.obj)
 .text.sc_indicate.constprop.17
                0x0000000008008810       0x6c zephyr/subsys/bluetooth/host/libsubsys__bluetooth__host.a(gatt.c.obj)
 .text.connected_cb
                0x000000000800887c       0x70 zephyr/subsys/bluetooth/host/libsubsys__bluetooth__host.a(gatt.c.obj)
 .text.sc_indicate_rsp
                0x00000000080088ec       0x40 zephyr/subsys/bluetooth/host/libsubsys__bluetooth__host.a(gatt.c.obj)
 .text.read_appearance
                0x000000000800892c       0x36 zephyr/subsys/bluetooth/host/libsubsys__bluetooth__host.a(gatt.c.obj)
 *fill*         0x0000000008008962        0x2 
 .text.disconnected_cb
                0x0000000008008964       0x9c zephyr/subsys/bluetooth/host/libsubsys__bluetooth__host.a(gatt.c.obj)
 .text.read_name
                0x0000000008008a00       0x40 zephyr/subsys/bluetooth/host/libsubsys__bluetooth__host.a(gatt.c.obj)
 .text.bt_gatt_attr_read_ccc
                0x0000000008008a40       0x6e zephyr/subsys/bluetooth/host/libsubsys__bluetooth__host.a(gatt.c.obj)
                0x0000000008008a40                bt_gatt_attr_read_ccc
 .text.bt_gatt_attr_read_service
                0x0000000008008aae       0x52 zephyr/subsys/bluetooth/host/libsubsys__bluetooth__host.a(gatt.c.obj)
                0x0000000008008aae                bt_gatt_attr_read_service
 .text.notify_cb
                0x0000000008008b00       0xfc zephyr/subsys/bluetooth/host/libsubsys__bluetooth__host.a(gatt.c.obj)
 .text.bt_gatt_init
                0x0000000008008bfc       0x2c zephyr/subsys/bluetooth/host/libsubsys__bluetooth__host.a(gatt.c.obj)
                0x0000000008008bfc                bt_gatt_init
 .text.bt_gatt_service_register
                0x0000000008008c28       0x62 zephyr/subsys/bluetooth/host/libsubsys__bluetooth__host.a(gatt.c.obj)
                0x0000000008008c28                bt_gatt_service_register
 *fill*         0x0000000008008c8a        0x2 
 .text.bt_gatt_service_unregister
                0x0000000008008c8c       0x58 zephyr/subsys/bluetooth/host/libsubsys__bluetooth__host.a(gatt.c.obj)
                0x0000000008008c8c                bt_gatt_service_unregister
 .text.bt_gatt_attr_read
                0x0000000008008ce4       0x2e zephyr/subsys/bluetooth/host/libsubsys__bluetooth__host.a(gatt.c.obj)
                0x0000000008008ce4                bt_gatt_attr_read
 *fill*         0x0000000008008d12        0x2 
 .text.bt_gatt_foreach_attr
                0x0000000008008d14       0x54 zephyr/subsys/bluetooth/host/libsubsys__bluetooth__host.a(gatt.c.obj)
                0x0000000008008d14                bt_gatt_foreach_attr
 .text.bt_gatt_indicate.part.8
                0x0000000008008d68       0x2c zephyr/subsys/bluetooth/host/libsubsys__bluetooth__host.a(gatt.c.obj)
 .text.sc_process
                0x0000000008008d94       0x80 zephyr/subsys/bluetooth/host/libsubsys__bluetooth__host.a(gatt.c.obj)
 .text.bt_gatt_attr_next
                0x0000000008008e14       0x24 zephyr/subsys/bluetooth/host/libsubsys__bluetooth__host.a(gatt.c.obj)
                0x0000000008008e14                bt_gatt_attr_next
 .text.bt_gatt_attr_read_chrc
                0x0000000008008e38       0x70 zephyr/subsys/bluetooth/host/libsubsys__bluetooth__host.a(gatt.c.obj)
                0x0000000008008e38                bt_gatt_attr_read_chrc
 .text.bt_gatt_notify
                0x0000000008008ea8       0x40 zephyr/subsys/bluetooth/host/libsubsys__bluetooth__host.a(gatt.c.obj)
                0x0000000008008ea8                bt_gatt_notify
 .text.bt_gatt_get_mtu
                0x0000000008008ee8        0x4 zephyr/subsys/bluetooth/host/libsubsys__bluetooth__host.a(gatt.c.obj)
                0x0000000008008ee8                bt_gatt_get_mtu
 .text.bt_gatt_connected
                0x0000000008008eec       0x14 zephyr/subsys/bluetooth/host/libsubsys__bluetooth__host.a(gatt.c.obj)
                0x0000000008008eec                bt_gatt_connected
 .text.bt_gatt_disconnected
                0x0000000008008f00       0x14 zephyr/subsys/bluetooth/host/libsubsys__bluetooth__host.a(gatt.c.obj)
                0x0000000008008f00                bt_gatt_disconnected
 .text.bt_smp_accept
                0x0000000008008f14       0x1c zephyr/subsys/bluetooth/host/libsubsys__bluetooth__host.a(smp_null.c.obj)
 .text.bt_smp_recv
                0x0000000008008f30       0x3a zephyr/subsys/bluetooth/host/libsubsys__bluetooth__host.a(smp_null.c.obj)
 .text.bt_smp_sign_verify
                0x0000000008008f6a        0x6 zephyr/subsys/bluetooth/host/libsubsys__bluetooth__host.a(smp_null.c.obj)
                0x0000000008008f6a                bt_smp_sign_verify
 .text.bt_smp_init
                0x0000000008008f70       0x10 zephyr/subsys/bluetooth/host/libsubsys__bluetooth__host.a(smp_null.c.obj)
                0x0000000008008f70                bt_smp_init
 .text.bt_mesh_provision
                0x0000000008008f80       0x90 zephyr/subsys/bluetooth/host/mesh/libsubsys__bluetooth__host__mesh.a(main.c.obj)
                0x0000000008008f80                bt_mesh_provision
 .text.bt_mesh_reset
                0x0000000008009010       0x84 zephyr/subsys/bluetooth/host/mesh/libsubsys__bluetooth__host__mesh.a(main.c.obj)
                0x0000000008009010                bt_mesh_reset
 .text.bt_mesh_is_provisioned
                0x0000000008009094        0xc zephyr/subsys/bluetooth/host/mesh/libsubsys__bluetooth__host__mesh.a(main.c.obj)
                0x0000000008009094                bt_mesh_is_provisioned
 .text.bt_mesh_prov_enable
                0x00000000080090a0       0x34 zephyr/subsys/bluetooth/host/mesh/libsubsys__bluetooth__host__mesh.a(main.c.obj)
                0x00000000080090a0                bt_mesh_prov_enable
 .text.bt_mesh_init
                0x00000000080090d4       0x30 zephyr/subsys/bluetooth/host/mesh/libsubsys__bluetooth__host__mesh.a(main.c.obj)
                0x00000000080090d4                bt_mesh_init
 .text.adv_alloc
                0x0000000008009104       0x10 zephyr/subsys/bluetooth/host/mesh/libsubsys__bluetooth__host__mesh.a(adv.c.obj)
 .text.bt_mesh_scan_cb
                0x0000000008009114       0x82 zephyr/subsys/bluetooth/host/mesh/libsubsys__bluetooth__host__mesh.a(adv.c.obj)
 *fill*         0x0000000008009196        0x2 
 .text.adv_thread
                0x0000000008009198      0x110 zephyr/subsys/bluetooth/host/mesh/libsubsys__bluetooth__host__mesh.a(adv.c.obj)
 .text.bt_mesh_adv_update
                0x00000000080092a8        0xc zephyr/subsys/bluetooth/host/mesh/libsubsys__bluetooth__host__mesh.a(adv.c.obj)
                0x00000000080092a8                bt_mesh_adv_update
 .text.bt_mesh_adv_create_from_pool
                0x00000000080092b4       0x4a zephyr/subsys/bluetooth/host/mesh/libsubsys__bluetooth__host__mesh.a(adv.c.obj)
                0x00000000080092b4                bt_mesh_adv_create_from_pool
 *fill*         0x00000000080092fe        0x2 
 .text.bt_mesh_adv_create
                0x0000000008009300       0x20 zephyr/subsys/bluetooth/host/mesh/libsubsys__bluetooth__host__mesh.a(adv.c.obj)
                0x0000000008009300                bt_mesh_adv_create
 .text.bt_mesh_adv_send
                0x0000000008009320       0x30 zephyr/subsys/bluetooth/host/mesh/libsubsys__bluetooth__host__mesh.a(adv.c.obj)
                0x0000000008009320                bt_mesh_adv_send
 .text.bt_mesh_adv_init
                0x0000000008009350       0x34 zephyr/subsys/bluetooth/host/mesh/libsubsys__bluetooth__host__mesh.a(adv.c.obj)
                0x0000000008009350                bt_mesh_adv_init
 .text.bt_mesh_scan_enable
                0x0000000008009384       0x24 zephyr/subsys/bluetooth/host/mesh/libsubsys__bluetooth__host__mesh.a(adv.c.obj)
                0x0000000008009384                bt_mesh_scan_enable
 .text.bt_mesh_scan_disable
                0x00000000080093a8        0x4 zephyr/subsys/bluetooth/host/mesh/libsubsys__bluetooth__host__mesh.a(adv.c.obj)
                0x00000000080093a8                bt_mesh_scan_disable
 .text.beacon_complete
                0x00000000080093ac        0xc zephyr/subsys/bluetooth/host/mesh/libsubsys__bluetooth__host__mesh.a(beacon.c.obj)
 .text.bt_mesh_beacon_ivu_initiator.part.1
                0x00000000080093b8       0x18 zephyr/subsys/bluetooth/host/mesh/libsubsys__bluetooth__host__mesh.a(beacon.c.obj)
 .text.k_work_submit_to_queue.constprop.4
                0x00000000080093d0       0x30 zephyr/subsys/bluetooth/host/mesh/libsubsys__bluetooth__host__mesh.a(beacon.c.obj)
 .text.bt_mesh_beacon_create
                0x0000000008009400       0x54 zephyr/subsys/bluetooth/host/mesh/libsubsys__bluetooth__host__mesh.a(beacon.c.obj)
                0x0000000008009400                bt_mesh_beacon_create
 .text.beacon_send
                0x0000000008009454      0x158 zephyr/subsys/bluetooth/host/mesh/libsubsys__bluetooth__host__mesh.a(beacon.c.obj)
 .text.bt_mesh_beacon_recv
                0x00000000080095ac      0x130 zephyr/subsys/bluetooth/host/mesh/libsubsys__bluetooth__host__mesh.a(beacon.c.obj)
                0x00000000080095ac                bt_mesh_beacon_recv
 .text.bt_mesh_beacon_init
                0x00000000080096dc       0x10 zephyr/subsys/bluetooth/host/mesh/libsubsys__bluetooth__host__mesh.a(beacon.c.obj)
                0x00000000080096dc                bt_mesh_beacon_init
 .text.bt_mesh_beacon_ivu_initiator
                0x00000000080096ec       0x18 zephyr/subsys/bluetooth/host/mesh/libsubsys__bluetooth__host__mesh.a(beacon.c.obj)
                0x00000000080096ec                bt_mesh_beacon_ivu_initiator
 .text.bt_mesh_beacon_enable
                0x0000000008009704       0x54 zephyr/subsys/bluetooth/host/mesh/libsubsys__bluetooth__host__mesh.a(beacon.c.obj)
                0x0000000008009704                bt_mesh_beacon_enable
 .text.bt_mesh_beacon_disable
                0x0000000008009758       0x18 zephyr/subsys/bluetooth/host/mesh/libsubsys__bluetooth__host__mesh.a(beacon.c.obj)
                0x0000000008009758                bt_mesh_beacon_disable
 .text.auth_match
                0x0000000008009770       0x46 zephyr/subsys/bluetooth/host/mesh/libsubsys__bluetooth__host__mesh.a(net.c.obj)
 *fill*         0x00000000080097b6        0x2 
 .text.net_decrypt.isra.2
                0x00000000080097b8      0x11c zephyr/subsys/bluetooth/host/mesh/libsubsys__bluetooth__host__mesh.a(net.c.obj)
 .text.bt_mesh_subnet_get
                0x00000000080098d4       0x3c zephyr/subsys/bluetooth/host/mesh/libsubsys__bluetooth__host__mesh.a(net.c.obj)
                0x00000000080098d4                bt_mesh_subnet_get
 .text.bt_mesh_net_keys_create
                0x0000000008009910       0x6c zephyr/subsys/bluetooth/host/mesh/libsubsys__bluetooth__host__mesh.a(net.c.obj)
                0x0000000008009910                bt_mesh_net_keys_create
 .text.friend_cred_set
                0x000000000800997c       0x68 zephyr/subsys/bluetooth/host/mesh/libsubsys__bluetooth__host__mesh.a(net.c.obj)
                0x000000000800997c                friend_cred_set
 .text.friend_cred_refresh
                0x00000000080099e4       0x48 zephyr/subsys/bluetooth/host/mesh/libsubsys__bluetooth__host__mesh.a(net.c.obj)
                0x00000000080099e4                friend_cred_refresh
 .text.friend_cred_update
                0x0000000008009a2c       0x4c zephyr/subsys/bluetooth/host/mesh/libsubsys__bluetooth__host__mesh.a(net.c.obj)
                0x0000000008009a2c                friend_cred_update
 .text.friend_cred_clear
                0x0000000008009a78       0x16 zephyr/subsys/bluetooth/host/mesh/libsubsys__bluetooth__host__mesh.a(net.c.obj)
                0x0000000008009a78                friend_cred_clear
 *fill*         0x0000000008009a8e        0x2 
 .text.friend_cred_create
                0x0000000008009a90       0x78 zephyr/subsys/bluetooth/host/mesh/libsubsys__bluetooth__host__mesh.a(net.c.obj)
                0x0000000008009a90                friend_cred_create
 .text.friend_cred_del
                0x0000000008009b08       0x40 zephyr/subsys/bluetooth/host/mesh/libsubsys__bluetooth__host__mesh.a(net.c.obj)
                0x0000000008009b08                friend_cred_del
 .text.friend_cred_get
                0x0000000008009b48       0x78 zephyr/subsys/bluetooth/host/mesh/libsubsys__bluetooth__host__mesh.a(net.c.obj)
                0x0000000008009b48                friend_cred_get
 .text.bt_mesh_net_flags
                0x0000000008009bc0       0x18 zephyr/subsys/bluetooth/host/mesh/libsubsys__bluetooth__host__mesh.a(net.c.obj)
                0x0000000008009bc0                bt_mesh_net_flags
 .text.bt_mesh_net_beacon_update
                0x0000000008009bd8       0x34 zephyr/subsys/bluetooth/host/mesh/libsubsys__bluetooth__host__mesh.a(net.c.obj)
                0x0000000008009bd8                bt_mesh_net_beacon_update
 .text.bt_mesh_net_create
                0x0000000008009c0c       0xa8 zephyr/subsys/bluetooth/host/mesh/libsubsys__bluetooth__host__mesh.a(net.c.obj)
                0x0000000008009c0c                bt_mesh_net_create
 .text.bt_mesh_net_revoke_keys
                0x0000000008009cb4       0x64 zephyr/subsys/bluetooth/host/mesh/libsubsys__bluetooth__host__mesh.a(net.c.obj)
                0x0000000008009cb4                bt_mesh_net_revoke_keys
 .text.bt_mesh_kr_update
                0x0000000008009d18       0x4a zephyr/subsys/bluetooth/host/mesh/libsubsys__bluetooth__host__mesh.a(net.c.obj)
                0x0000000008009d18                bt_mesh_kr_update
 *fill*         0x0000000008009d62        0x2 
 .text.bt_mesh_rpl_reset
                0x0000000008009d64       0x30 zephyr/subsys/bluetooth/host/mesh/libsubsys__bluetooth__host__mesh.a(net.c.obj)
                0x0000000008009d64                bt_mesh_rpl_reset
 .text.bt_mesh_net_sec_update
                0x0000000008009d94       0x26 zephyr/subsys/bluetooth/host/mesh/libsubsys__bluetooth__host__mesh.a(net.c.obj)
                0x0000000008009d94                bt_mesh_net_sec_update
 *fill*         0x0000000008009dba        0x6 
 .text.bt_mesh_net_iv_update
                0x0000000008009dc0      0x100 zephyr/subsys/bluetooth/host/mesh/libsubsys__bluetooth__host__mesh.a(net.c.obj)
                0x0000000008009dc0                bt_mesh_net_iv_update
 .text.ivu_complete
                0x0000000008009ec0       0x1c zephyr/subsys/bluetooth/host/mesh/libsubsys__bluetooth__host__mesh.a(net.c.obj)
 .text.bt_mesh_net_resend
                0x0000000008009edc       0xe0 zephyr/subsys/bluetooth/host/mesh/libsubsys__bluetooth__host__mesh.a(net.c.obj)
                0x0000000008009edc                bt_mesh_net_resend
 .text.bt_mesh_net_encode
                0x0000000008009fbc       0xf4 zephyr/subsys/bluetooth/host/mesh/libsubsys__bluetooth__host__mesh.a(net.c.obj)
                0x0000000008009fbc                bt_mesh_net_encode
 .text.bt_mesh_net_send
                0x000000000800a0b0       0xfc zephyr/subsys/bluetooth/host/mesh/libsubsys__bluetooth__host__mesh.a(net.c.obj)
                0x000000000800a0b0                bt_mesh_net_send
 .text.bt_mesh_subnet_find
                0x000000000800a1ac       0xb8 zephyr/subsys/bluetooth/host/mesh/libsubsys__bluetooth__host__mesh.a(net.c.obj)
                0x000000000800a1ac                bt_mesh_subnet_find
 .text.bt_mesh_net_decode
                0x000000000800a264      0x278 zephyr/subsys/bluetooth/host/mesh/libsubsys__bluetooth__host__mesh.a(net.c.obj)
                0x000000000800a264                bt_mesh_net_decode
 .text.bt_mesh_net_recv
                0x000000000800a4dc      0x21c zephyr/subsys/bluetooth/host/mesh/libsubsys__bluetooth__host__mesh.a(net.c.obj)
                0x000000000800a4dc                bt_mesh_net_recv
 .text.bt_mesh_net_local
                0x000000000800a6f8       0x28 zephyr/subsys/bluetooth/host/mesh/libsubsys__bluetooth__host__mesh.a(net.c.obj)
 .text.bt_mesh_net_init
                0x000000000800a720       0x3c zephyr/subsys/bluetooth/host/mesh/libsubsys__bluetooth__host__mesh.a(net.c.obj)
                0x000000000800a720                bt_mesh_net_init
 .text.seg_send_start
                0x000000000800a75c        0xe zephyr/subsys/bluetooth/host/mesh/libsubsys__bluetooth__host__mesh.a(transport.c.obj)
 *fill*         0x000000000800a76a        0x2 
 .text.is_replay
                0x000000000800a76c       0x74 zephyr/subsys/bluetooth/host/mesh/libsubsys__bluetooth__host__mesh.a(transport.c.obj)
 .text.send_unseg
                0x000000000800a7e0       0x9a zephyr/subsys/bluetooth/host/mesh/libsubsys__bluetooth__host__mesh.a(transport.c.obj)
 *fill*         0x000000000800a87a        0x2 
 .text.sdu_recv
                0x000000000800a87c      0x150 zephyr/subsys/bluetooth/host/mesh/libsubsys__bluetooth__host__mesh.a(transport.c.obj)
 .text.seg_rx_reset
                0x000000000800a9cc       0x42 zephyr/subsys/bluetooth/host/mesh/libsubsys__bluetooth__host__mesh.a(transport.c.obj)
 *fill*         0x000000000800aa0e        0x2 
 .text.seg_tx_reset
                0x000000000800aa10       0x74 zephyr/subsys/bluetooth/host/mesh/libsubsys__bluetooth__host__mesh.a(transport.c.obj)
 .text.send_seg
                0x000000000800aa84      0x1f0 zephyr/subsys/bluetooth/host/mesh/libsubsys__bluetooth__host__mesh.a(transport.c.obj)
 .text.seg_tx_complete
                0x000000000800ac74       0x1c zephyr/subsys/bluetooth/host/mesh/libsubsys__bluetooth__host__mesh.a(transport.c.obj)
 .text.seg_tx_send_unacked
                0x000000000800ac90       0x6c zephyr/subsys/bluetooth/host/mesh/libsubsys__bluetooth__host__mesh.a(transport.c.obj)
 .text.ctl_recv
                0x000000000800acfc      0x1e0 zephyr/subsys/bluetooth/host/mesh/libsubsys__bluetooth__host__mesh.a(transport.c.obj)
 .text.seg_retransmit
                0x000000000800aedc        0x6 zephyr/subsys/bluetooth/host/mesh/libsubsys__bluetooth__host__mesh.a(transport.c.obj)
 *fill*         0x000000000800aee2        0x2 
 .text.seg_sent
                0x000000000800aee4       0x10 zephyr/subsys/bluetooth/host/mesh/libsubsys__bluetooth__host__mesh.a(transport.c.obj)
 .text.bt_mesh_set_hb_sub_dst
                0x000000000800aef4        0xc zephyr/subsys/bluetooth/host/mesh/libsubsys__bluetooth__host__mesh.a(transport.c.obj)
                0x000000000800aef4                bt_mesh_set_hb_sub_dst
 .text.bt_mesh_tx_in_progress
                0x000000000800af00       0x14 zephyr/subsys/bluetooth/host/mesh/libsubsys__bluetooth__host__mesh.a(transport.c.obj)
                0x000000000800af00                bt_mesh_tx_in_progress
 .text.bt_mesh_app_key_find
                0x000000000800af14       0x48 zephyr/subsys/bluetooth/host/mesh/libsubsys__bluetooth__host__mesh.a(transport.c.obj)
                0x000000000800af14                bt_mesh_app_key_find
 .text.bt_mesh_trans_send
                0x000000000800af5c      0x12c zephyr/subsys/bluetooth/host/mesh/libsubsys__bluetooth__host__mesh.a(transport.c.obj)
                0x000000000800af5c                bt_mesh_trans_send
 .text.bt_mesh_ctl_send
                0x000000000800b088       0x90 zephyr/subsys/bluetooth/host/mesh/libsubsys__bluetooth__host__mesh.a(transport.c.obj)
                0x000000000800b088                bt_mesh_ctl_send
 .text.send_ack
                0x000000000800b118       0x9c zephyr/subsys/bluetooth/host/mesh/libsubsys__bluetooth__host__mesh.a(transport.c.obj)
 .text.seg_ack  0x000000000800b1b4       0xa0 zephyr/subsys/bluetooth/host/mesh/libsubsys__bluetooth__host__mesh.a(transport.c.obj)
 .text.bt_mesh_trans_recv
                0x000000000800b254      0x410 zephyr/subsys/bluetooth/host/mesh/libsubsys__bluetooth__host__mesh.a(transport.c.obj)
                0x000000000800b254                bt_mesh_trans_recv
 .text.bt_mesh_rx_reset
                0x000000000800b664       0x18 zephyr/subsys/bluetooth/host/mesh/libsubsys__bluetooth__host__mesh.a(transport.c.obj)
                0x000000000800b664                bt_mesh_rx_reset
 .text.bt_mesh_tx_reset
                0x000000000800b67c        0xc zephyr/subsys/bluetooth/host/mesh/libsubsys__bluetooth__host__mesh.a(transport.c.obj)
                0x000000000800b67c                bt_mesh_tx_reset
 .text.bt_mesh_trans_init
                0x000000000800b688       0x28 zephyr/subsys/bluetooth/host/mesh/libsubsys__bluetooth__host__mesh.a(transport.c.obj)
                0x000000000800b688                bt_mesh_trans_init
 .text.sys_put_be32
                0x000000000800b6b0       0x12 zephyr/subsys/bluetooth/host/mesh/libsubsys__bluetooth__host__mesh.a(crypto.c.obj)
 .text.bt_mesh_ccm_encrypt
                0x000000000800b6c2      0x28a zephyr/subsys/bluetooth/host/mesh/libsubsys__bluetooth__host__mesh.a(crypto.c.obj)
 .text.bt_mesh_ccm_decrypt
                0x000000000800b94c      0x2a2 zephyr/subsys/bluetooth/host/mesh/libsubsys__bluetooth__host__mesh.a(crypto.c.obj)
 .text.bt_mesh_aes_cmac
                0x000000000800bbee       0x44 zephyr/subsys/bluetooth/host/mesh/libsubsys__bluetooth__host__mesh.a(crypto.c.obj)
                0x000000000800bbee                bt_mesh_aes_cmac
 .text.bt_mesh_aes_cmac_one
                0x000000000800bc32       0x14 zephyr/subsys/bluetooth/host/mesh/libsubsys__bluetooth__host__mesh.a(crypto.c.obj)
 .text.bt_mesh_s1
                0x000000000800bc46       0x2e zephyr/subsys/bluetooth/host/mesh/libsubsys__bluetooth__host__mesh.a(crypto.c.obj)
 .text.bt_mesh_k1
                0x000000000800bc74       0x30 zephyr/subsys/bluetooth/host/mesh/libsubsys__bluetooth__host__mesh.a(crypto.c.obj)
                0x000000000800bc74                bt_mesh_k1
 .text.bt_mesh_k2
                0x000000000800bca4       0xb0 zephyr/subsys/bluetooth/host/mesh/libsubsys__bluetooth__host__mesh.a(crypto.c.obj)
                0x000000000800bca4                bt_mesh_k2
 .text.bt_mesh_k3
                0x000000000800bd54       0x5c zephyr/subsys/bluetooth/host/mesh/libsubsys__bluetooth__host__mesh.a(crypto.c.obj)
                0x000000000800bd54                bt_mesh_k3
 .text.bt_mesh_k4
                0x000000000800bdb0       0x50 zephyr/subsys/bluetooth/host/mesh/libsubsys__bluetooth__host__mesh.a(crypto.c.obj)
                0x000000000800bdb0                bt_mesh_k4
 .text.bt_mesh_id128
                0x000000000800be00       0x2c zephyr/subsys/bluetooth/host/mesh/libsubsys__bluetooth__host__mesh.a(crypto.c.obj)
                0x000000000800be00                bt_mesh_id128
 .text.bt_mesh_net_obfuscate
                0x000000000800be2c       0x50 zephyr/subsys/bluetooth/host/mesh/libsubsys__bluetooth__host__mesh.a(crypto.c.obj)
                0x000000000800be2c                bt_mesh_net_obfuscate
 .text.bt_mesh_net_encrypt
                0x000000000800be7c       0x96 zephyr/subsys/bluetooth/host/mesh/libsubsys__bluetooth__host__mesh.a(crypto.c.obj)
                0x000000000800be7c                bt_mesh_net_encrypt
 .text.bt_mesh_net_decrypt
                0x000000000800bf12       0x8e zephyr/subsys/bluetooth/host/mesh/libsubsys__bluetooth__host__mesh.a(crypto.c.obj)
                0x000000000800bf12                bt_mesh_net_decrypt
 .text.bt_mesh_app_encrypt
                0x000000000800bfa0       0x8a zephyr/subsys/bluetooth/host/mesh/libsubsys__bluetooth__host__mesh.a(crypto.c.obj)
                0x000000000800bfa0                bt_mesh_app_encrypt
 .text.bt_mesh_app_decrypt
                0x000000000800c02a       0x90 zephyr/subsys/bluetooth/host/mesh/libsubsys__bluetooth__host__mesh.a(crypto.c.obj)
                0x000000000800c02a                bt_mesh_app_decrypt
 *fill*         0x000000000800c0ba        0x2 
 .text.bt_mesh_fcs_calc
                0x000000000800c0bc       0x20 zephyr/subsys/bluetooth/host/mesh/libsubsys__bluetooth__host__mesh.a(crypto.c.obj)
                0x000000000800c0bc                bt_mesh_fcs_calc
 .text.bt_mesh_fcs_check
                0x000000000800c0dc       0x2c zephyr/subsys/bluetooth/host/mesh/libsubsys__bluetooth__host__mesh.a(crypto.c.obj)
                0x000000000800c0dc                bt_mesh_fcs_check
 .text.bt_mesh_virtual_addr
                0x000000000800c108       0x48 zephyr/subsys/bluetooth/host/mesh/libsubsys__bluetooth__host__mesh.a(crypto.c.obj)
                0x000000000800c108                bt_mesh_virtual_addr
 .text.bt_mesh_prov_conf_salt
                0x000000000800c150       0x22 zephyr/subsys/bluetooth/host/mesh/libsubsys__bluetooth__host__mesh.a(crypto.c.obj)
                0x000000000800c150                bt_mesh_prov_conf_salt
 *fill*         0x000000000800c172        0x2 
 .text.bt_mesh_prov_conf_key
                0x000000000800c174       0x18 zephyr/subsys/bluetooth/host/mesh/libsubsys__bluetooth__host__mesh.a(crypto.c.obj)
                0x000000000800c174                bt_mesh_prov_conf_key
 .text.bt_mesh_prov_conf
                0x000000000800c18c       0x1a zephyr/subsys/bluetooth/host/mesh/libsubsys__bluetooth__host__mesh.a(crypto.c.obj)
                0x000000000800c18c                bt_mesh_prov_conf
 .text.bt_mesh_prov_decrypt
                0x000000000800c1a6       0x18 zephyr/subsys/bluetooth/host/mesh/libsubsys__bluetooth__host__mesh.a(crypto.c.obj)
                0x000000000800c1a6                bt_mesh_prov_decrypt
 .text.bt_mesh_beacon_auth
                0x000000000800c1be       0x46 zephyr/subsys/bluetooth/host/mesh/libsubsys__bluetooth__host__mesh.a(crypto.c.obj)
                0x000000000800c1be                bt_mesh_beacon_auth
 .text.mod_init
                0x000000000800c204       0x44 zephyr/subsys/bluetooth/host/mesh/libsubsys__bluetooth__host__mesh.a(access.c.obj)
 .text.bt_mesh_model_foreach
                0x000000000800c248       0x74 zephyr/subsys/bluetooth/host/mesh/libsubsys__bluetooth__host__mesh.a(access.c.obj)
                0x000000000800c248                bt_mesh_model_foreach
 .text.bt_mesh_model_pub_period_get
                0x000000000800c2bc       0x48 zephyr/subsys/bluetooth/host/mesh/libsubsys__bluetooth__host__mesh.a(access.c.obj)
                0x000000000800c2bc                bt_mesh_model_pub_period_get
 .text.publish_sent
                0x000000000800c304       0x4c zephyr/subsys/bluetooth/host/mesh/libsubsys__bluetooth__host__mesh.a(access.c.obj)
 .text.bt_mesh_comp_register
                0x000000000800c350       0x24 zephyr/subsys/bluetooth/host/mesh/libsubsys__bluetooth__host__mesh.a(access.c.obj)
                0x000000000800c350                bt_mesh_comp_register
 .text.bt_mesh_comp_provision
                0x000000000800c374       0x2c zephyr/subsys/bluetooth/host/mesh/libsubsys__bluetooth__host__mesh.a(access.c.obj)
                0x000000000800c374                bt_mesh_comp_provision
 .text.bt_mesh_comp_unprovision
                0x000000000800c3a0       0x14 zephyr/subsys/bluetooth/host/mesh/libsubsys__bluetooth__host__mesh.a(access.c.obj)
                0x000000000800c3a0                bt_mesh_comp_unprovision
 .text.bt_mesh_primary_addr
                0x000000000800c3b4        0xc zephyr/subsys/bluetooth/host/mesh/libsubsys__bluetooth__host__mesh.a(access.c.obj)
                0x000000000800c3b4                bt_mesh_primary_addr
 .text.bt_mesh_model_find_group
                0x000000000800c3c0       0x1e zephyr/subsys/bluetooth/host/mesh/libsubsys__bluetooth__host__mesh.a(access.c.obj)
                0x000000000800c3c0                bt_mesh_model_find_group
 .text.bt_mesh_elem_find_group
                0x000000000800c3de       0x54 zephyr/subsys/bluetooth/host/mesh/libsubsys__bluetooth__host__mesh.a(access.c.obj)
 *fill*         0x000000000800c432        0x2 
 .text.bt_mesh_elem_find
                0x000000000800c434       0x48 zephyr/subsys/bluetooth/host/mesh/libsubsys__bluetooth__host__mesh.a(access.c.obj)
                0x000000000800c434                bt_mesh_elem_find
 .text.bt_mesh_elem_count
                0x000000000800c47c        0xc zephyr/subsys/bluetooth/host/mesh/libsubsys__bluetooth__host__mesh.a(access.c.obj)
                0x000000000800c47c                bt_mesh_elem_count
 .text.bt_mesh_fixed_group_match
                0x000000000800c488       0x2e zephyr/subsys/bluetooth/host/mesh/libsubsys__bluetooth__host__mesh.a(access.c.obj)
                0x000000000800c488                bt_mesh_fixed_group_match
 *fill*         0x000000000800c4b6        0x2 
 .text.bt_mesh_model_recv
                0x000000000800c4b8      0x11c zephyr/subsys/bluetooth/host/mesh/libsubsys__bluetooth__host__mesh.a(access.c.obj)
                0x000000000800c4b8                bt_mesh_model_recv
 .text.bt_mesh_model_msg_init
                0x000000000800c5d4       0x44 zephyr/subsys/bluetooth/host/mesh/libsubsys__bluetooth__host__mesh.a(access.c.obj)
                0x000000000800c5d4                bt_mesh_model_msg_init
 .text.bt_mesh_model_send
                0x000000000800c618       0x70 zephyr/subsys/bluetooth/host/mesh/libsubsys__bluetooth__host__mesh.a(access.c.obj)
                0x000000000800c618                bt_mesh_model_send
 .text.bt_mesh_model_publish
                0x000000000800c688      0x110 zephyr/subsys/bluetooth/host/mesh/libsubsys__bluetooth__host__mesh.a(access.c.obj)
                0x000000000800c688                bt_mesh_model_publish
 .text.mod_publish
                0x000000000800c798      0x114 zephyr/subsys/bluetooth/host/mesh/libsubsys__bluetooth__host__mesh.a(access.c.obj)
 .text.bt_mesh_model_find_vnd
                0x000000000800c8ac       0x2e zephyr/subsys/bluetooth/host/mesh/libsubsys__bluetooth__host__mesh.a(access.c.obj)
                0x000000000800c8ac                bt_mesh_model_find_vnd
 .text.bt_mesh_model_find
                0x000000000800c8da       0x28 zephyr/subsys/bluetooth/host/mesh/libsubsys__bluetooth__host__mesh.a(access.c.obj)
                0x000000000800c8da                bt_mesh_model_find
 *fill*         0x000000000800c902        0x2 
 .text.bt_mesh_comp_get
                0x000000000800c904        0xc zephyr/subsys/bluetooth/host/mesh/libsubsys__bluetooth__host__mesh.a(access.c.obj)
                0x000000000800c904                bt_mesh_comp_get
 .text.key_idx_pack
                0x000000000800c910       0x1e zephyr/subsys/bluetooth/host/mesh/libsubsys__bluetooth__host__mesh.a(cfg_srv.c.obj)
 .text.send_krp_status
                0x000000000800c92e       0x52 zephyr/subsys/bluetooth/host/mesh/libsubsys__bluetooth__host__mesh.a(cfg_srv.c.obj)
 .text.lpn_timeout_get
                0x000000000800c980       0x64 zephyr/subsys/bluetooth/host/mesh/libsubsys__bluetooth__host__mesh.a(cfg_srv.c.obj)
 .text.send_friend_status
                0x000000000800c9e4       0x3e zephyr/subsys/bluetooth/host/mesh/libsubsys__bluetooth__host__mesh.a(cfg_srv.c.obj)
 .text.friend_get
                0x000000000800ca22        0x4 zephyr/subsys/bluetooth/host/mesh/libsubsys__bluetooth__host__mesh.a(cfg_srv.c.obj)
 *fill*         0x000000000800ca26        0x2 
 .text.net_key_get
                0x000000000800ca28       0x68 zephyr/subsys/bluetooth/host/mesh/libsubsys__bluetooth__host__mesh.a(cfg_srv.c.obj)
 .text.send_net_key_status
                0x000000000800ca90       0x48 zephyr/subsys/bluetooth/host/mesh/libsubsys__bluetooth__host__mesh.a(cfg_srv.c.obj)
 .text.krp_get  0x000000000800cad8       0x34 zephyr/subsys/bluetooth/host/mesh/libsubsys__bluetooth__host__mesh.a(cfg_srv.c.obj)
 .text.node_identity_get
                0x000000000800cb0c       0x74 zephyr/subsys/bluetooth/host/mesh/libsubsys__bluetooth__host__mesh.a(cfg_srv.c.obj)
 .text.app_key_get
                0x000000000800cb80       0xac zephyr/subsys/bluetooth/host/mesh/libsubsys__bluetooth__host__mesh.a(cfg_srv.c.obj)
 .text.hb_pub_send_status
                0x000000000800cc2c       0xac zephyr/subsys/bluetooth/host/mesh/libsubsys__bluetooth__host__mesh.a(cfg_srv.c.obj)
 .text.heartbeat_pub_get
                0x000000000800ccd8        0x8 zephyr/subsys/bluetooth/host/mesh/libsubsys__bluetooth__host__mesh.a(cfg_srv.c.obj)
 .text.send_mod_sub_status
                0x000000000800cce0       0x78 zephyr/subsys/bluetooth/host/mesh/libsubsys__bluetooth__host__mesh.a(cfg_srv.c.obj)
 .text.krp_set  0x000000000800cd58       0x8a zephyr/subsys/bluetooth/host/mesh/libsubsys__bluetooth__host__mesh.a(cfg_srv.c.obj)
 .text.node_reset
                0x000000000800cde2       0x38 zephyr/subsys/bluetooth/host/mesh/libsubsys__bluetooth__host__mesh.a(cfg_srv.c.obj)
 .text.mod_sub_get
                0x000000000800ce1a       0xa2 zephyr/subsys/bluetooth/host/mesh/libsubsys__bluetooth__host__mesh.a(cfg_srv.c.obj)
 .text.mod_sub_get_vnd
                0x000000000800cebc       0xbc zephyr/subsys/bluetooth/host/mesh/libsubsys__bluetooth__host__mesh.a(cfg_srv.c.obj)
 .text._app_key_del
                0x000000000800cf78       0x28 zephyr/subsys/bluetooth/host/mesh/libsubsys__bluetooth__host__mesh.a(cfg_srv.c.obj)
 .text.net_key_update
                0x000000000800cfa0       0x9a zephyr/subsys/bluetooth/host/mesh/libsubsys__bluetooth__host__mesh.a(cfg_srv.c.obj)
 *fill*         0x000000000800d03a        0x2 
 .text.net_key_add
                0x000000000800d03c       0xa4 zephyr/subsys/bluetooth/host/mesh/libsubsys__bluetooth__host__mesh.a(cfg_srv.c.obj)
 .text.key_idx_unpack